06-17 14:24:17.349  1677  1940 E PhoneInterfaceManager: [PhoneIntfMgr] getIccId: No UICC
06-17 14:24:17.521  2053  3329 I FontLog : Received query Google Sans:700, URI content://com.google.android.gms.fonts [CONTEXT service_id=132 ]
06-17 14:24:17.521  2053  3329 I FontLog : Query [Google Sans:700] resolved to {Google Sans, wdth 100.0, wght 700, ital 0.0, bestEffort false} [CONTEXT service_id=132 ]
06-17 14:24:17.525  2053  3329 I FontLog : Fetch {Google Sans, wdth 100.0, wght 700, ital 0.0, bestEffort false} end status Status{statusCode=SUCCESS, resolution=null} [CONTEXT service_id=132 ]
06-17 14:24:17.535  2053  2083 I FontLog : Pulling font file for id = 18, cache size = 8 [CONTEXT service_id=132 ]
06-17 14:24:17.645 11954 13869 I Finsky:download_service: [998] kek.a(3): Broadcasting <71:RUNNING:24%[24%]>.
06-17 14:24:17.658 11488 11488 I Finsky  : [2] ndt.N(12): Installer: Notifying status update. package=com.teslagamesglobal.survivalist, status=DOWNLOADING
06-17 14:24:17.663  2174  4115 E Volley  : [178] NetworkUtility.b: Unexpected response code 401 for https://www.googleapis.com/games/v1/applications/played
06-17 14:24:17.674 11488 13760 I Finsky  : [1106] nqv.G(2): IQ: Notifying installation update. package=com.teslagamesglobal.survivalist, status=DOWNLOADING
06-17 14:24:17.693  2174 14724 W PlayGamesServices[GameAgent]: Volley error when reporting played
06-17 14:24:17.693  2174 14724 W PlayGamesServices[GameAgent]: com.android.volley.AuthFailureError
06-17 14:24:17.693  2174 14724 W PlayGamesServices[GameAgent]: 	at com.android.volley.toolbox.NetworkUtility.b(:com.google.android.gms@212116037@21.21.16 (120400-378233385):7)
06-17 14:24:17.693  2174 14724 W PlayGamesServices[GameAgent]: 	at com.android.volley.toolbox.BasicNetwork.performRequest(:com.google.android.gms@212116037@21.21.16 (120400-378233385):12)
06-17 14:24:17.693  2174 14724 W PlayGamesServices[GameAgent]: 	at vox.performRequest(:com.google.android.gms@212116037@21.21.16 (120400-378233385):17)
06-17 14:24:17.693  2174 14724 W PlayGamesServices[GameAgent]: 	at com.android.volley.NetworkDispatcher.processRequest(:com.google.android.gms@212116037@21.21.16 (120400-378233385):5)
06-17 14:24:17.693  2174 14724 W PlayGamesServices[GameAgent]: 	at com.android.volley.NetworkDispatcher.a(:com.google.android.gms@212116037@21.21.16 (120400-378233385):0)
06-17 14:24:17.693  2174 14724 W PlayGamesServices[GameAgent]: 	at com.android.volley.NetworkDispatcher.run(:com.google.android.gms@212116037@21.21.16 (120400-378233385):2)
06-17 14:24:18.136  2174  2186 I gle.android.gm: Background young concurrent copying GC freed 118425(8134KB) AllocSpace objects, 52(3720KB) LOS objects, 41% free, 16MB/27MB, paused 207us total 123ms
06-17 14:24:18.170  2174  2369 I LegacyGetServiceValidat: onGetService() from Client SDK version [12451000], Module version [212116037], PGA version [259730049], Account [Account {name=gchew@n3twork.com, type=com.google}], Calling package [co.imba.archero], Game package [co.imba.archero] [CONTEXT service_id=1 ]
06-17 14:24:18.271  2174 14585 I GetGamesServiceV1Op: Successfully connected. Game [co.imba.archero], Account [Account {name=gchew@n3twork.com, type=com.google}], Account Resolution Requested [2], Overdrive [disabled] [CONTEXT service_id=1 ]
06-17 14:24:18.424  2174  4116 E Volley  : [179] NetworkUtility.b: Unexpected response code 401 for https://www.googleapis.com/games/v1/applications/played
06-17 14:24:18.467  2174  2174 E ThemeUtils: View class com.airbnb.lottie.LottieAnimationView is an AppCompat widget that can only be used with a Theme.AppCompat theme (or descendant).
06-17 14:24:18.483  2174  2174 I chatty  : uid=10115(com.google.android.gms) identical 3 lines
06-17 14:24:18.486  2174  2174 E ThemeUtils: View class com.airbnb.lottie.LottieAnimationView is an AppCompat widget that can only be used with a Theme.AppCompat theme (or descendant).
06-17 14:24:18.492  2174 14760 W PlayGamesServices[GameAgent]: Volley error when reporting played
06-17 14:24:18.492  2174 14760 W PlayGamesServices[GameAgent]: com.android.volley.AuthFailureError
06-17 14:24:18.492  2174 14760 W PlayGamesServices[GameAgent]: 	at com.android.volley.toolbox.NetworkUtility.b(:com.google.android.gms@212116037@21.21.16 (120400-378233385):7)
06-17 14:24:18.492  2174 14760 W PlayGamesServices[GameAgent]: 	at com.android.volley.toolbox.BasicNetwork.performRequest(:com.google.android.gms@212116037@21.21.16 (120400-378233385):12)
06-17 14:24:18.492  2174 14760 W PlayGamesServices[GameAgent]: 	at vox.performRequest(:com.google.android.gms@212116037@21.21.16 (120400-378233385):17)
06-17 14:24:18.492  2174 14760 W PlayGamesServices[GameAgent]: 	at com.android.volley.NetworkDispatcher.processRequest(:com.google.android.gms@212116037@21.21.16 (120400-378233385):5)
06-17 14:24:18.492  2174 14760 W PlayGamesServices[GameAgent]: 	at com.android.volley.NetworkDispatcher.a(:com.google.android.gms@212116037@21.21.16 (120400-378233385):0)
06-17 14:24:18.492  2174 14760 W PlayGamesServices[GameAgent]: 	at com.android.volley.NetworkDispatcher.run(:com.google.android.gms@212116037@21.21.16 (120400-378233385):2)
06-17 14:24:18.539   469   469 I hwservicemanager: getTransport: Cannot find entry android.hardware.graphics.mapper@3.0::IMapper/default in either framework or device manifest.
06-17 14:24:18.539  2174 14762 W Gralloc3: mapper 3.x is not supported
06-17 14:24:18.735  2174 14767 W LOTTIE  : Lottie doesn't support layer effects. If you are using them for  fills, strokes, trim paths etc. then try adding them directly as contents  in your shape. Found: [Drop Shadow]
06-17 14:24:18.822   617 14768 E ResolverController: No valid NAT64 prefix (100, <unspecified>/0)
06-17 14:24:18.896  2174  4114 W Conscrypt: Could not set socket write timeout: java.net.SocketException: Socket closed
06-17 14:24:18.896  2174  4114 W Conscrypt: 	at com.google.android.gms.org.conscrypt.Platform.setSocketWriteTimeout(:com.google.android.gms@212116037@21.21.16 (120400-378233385):2)
06-17 14:24:18.896  2174  4114 W Conscrypt: 	at com.google.android.gms.org.conscrypt.ConscryptFileDescriptorSocket.setSoWriteTimeout(:com.google.android.gms@212116037@21.21.16 (120400-378233385):0)
06-17 14:24:18.959  2174  4114 W Conscrypt: Could not set socket write timeout: java.net.SocketException: Socket closed
06-17 14:24:18.959  2174  4114 W Conscrypt: 	at com.google.android.gms.org.conscrypt.Platform.setSocketWriteTimeout(:com.google.android.gms@212116037@21.21.16 (120400-378233385):2)
06-17 14:24:18.959  2174  4114 W Conscrypt: 	at com.google.android.gms.org.conscrypt.ConscryptFileDescriptorSocket.setSoWriteTimeout(:com.google.android.gms@212116037@21.21.16 (120400-378233385):0)
06-17 14:24:19.011   617   617 I netd    : tetherGetStats() <2.88ms>
06-17 14:24:19.040   617   617 I netd    : bandwidthSetGlobalAlert(2097152) <0.35ms>
06-17 14:24:19.726   667   914 I nanohub : osLog: [AR_CHRE] still: 92
06-17 14:24:20.161 11954 13869 I Finsky:download_service: [998] kek.a(3): Broadcasting <71:RUNNING:25%[25%]>.
06-17 14:24:20.167 11488 11488 I Finsky  : [2] ndt.N(12): Installer: Notifying status update. package=com.teslagamesglobal.survivalist, status=DOWNLOADING
06-17 14:24:20.178 11488 13760 I Finsky  : [1106] nqv.G(2): IQ: Notifying installation update. package=com.teslagamesglobal.survivalist, status=DOWNLOADING
06-17 14:24:20.583 14232 14232 E ironSourceSDK: ADAPTER_CALLBACK: AdMobAdapter 5.onAdFailedToLoad - adUnitId = ca-app-pub-5177080990623855/2263538433
06-17 14:24:20.585 14232 14232 E ironSourceSDK: ADAPTER_CALLBACK: AdMobAdapter 5.onAdFailedToLoad - adapterError = No Fill
06-17 14:24:20.599 14232 14232 I chatty  : uid=10184(co.imba.archero) identical 1 line
06-17 14:24:20.605 14232 14232 I Ads     : Ad failed to load : 3
06-17 14:24:20.844  2053 14199 E NetworkScheduler.ATC: Called cancelTask for already completed task com.google.android.gms/.measurement.PackageMeasurementTaskService{u=0 tag="Measurement.PackageMeasurementTaskService.UPLOAD_TASK_TAG" trigger=window{start=0s,end=2s,earliest=-273s,latest=-271s} requirements=[NET_CONNECTED] attributes=[PERSISTED] scheduled=-273s last_run=-80s exec_window_multiplier=1.0000 jid=N/A status=ACTIVE retries=0 client_lib=GMS_TASK_SCHEDULER-212116000} :1 [CONTEXT service_id=218 ]
06-17 14:24:20.891   652 14346 W audio_hw_primary: out_get_presentation_position: avail:24624 > kernel_buffer_size:24576 clamping!
06-17 14:24:20.891   652 14346 W audio_hw_primary: out_write: underrun(1) frames_by_time(12) > out->last_fifo_frames_remaining(0)
06-17 14:24:20.895   652 14346 W audio_hw_primary: out_write: underrun(2) frames_by_time(198) > out->last_fifo_frames_remaining(144)
06-17 14:24:21.016  2053 14199 E NetworkScheduler.ATC: Called cancelTask for already completed task com.google.android.gms/.measurement.PackageMeasurementTaskService{u=0 tag="Measurement.PackageMeasurementTaskService.UPLOAD_TASK_TAG" trigger=window{start=0s,end=2s,earliest=-274s,latest=-272s} requirements=[NET_CONNECTED] attributes=[PERSISTED] scheduled=-274s last_run=-80s exec_window_multiplier=1.0000 jid=N/A status=ACTIVE retries=0 client_lib=GMS_TASK_SCHEDULER-212116000} :1 [CONTEXT service_id=218 ]
06-17 14:24:21.108  2053 14199 E NetworkScheduler.ATC: Called cancelTask for already completed task com.google.android.gms/.measurement.PackageMeasurementTaskService{u=0 tag="Measurement.PackageMeasurementTaskService.UPLOAD_TASK_TAG" trigger=window{start=0s,end=2s,earliest=-274s,latest=-272s} requirements=[NET_CONNECTED] attributes=[PERSISTED] scheduled=-274s last_run=-81s exec_window_multiplier=1.0000 jid=N/A status=ACTIVE retries=0 client_lib=GMS_TASK_SCHEDULER-212116000} :1 [CONTEXT service_id=218 ]
06-17 14:24:21.612   617 14787 E ResolverController: No valid NAT64 prefix (100, <unspecified>/0)
06-17 14:24:21.618   617   617 I netd    : tetherGetStats() <4.83ms>
06-17 14:24:21.654   617   617 I netd    : bandwidthSetGlobalAlert(2097152) <0.29ms>
06-17 14:24:21.671 14232 14306 E Unity   : [HandlePushData] Not enough data params!
06-17 14:24:21.671 14232 14306 E Unity   : FirebaseManager:HandleFirebaseData(IDictionary`2)
06-17 14:24:21.671 14232 14306 E Unity   : System.EventHandler`1:Invoke(Object, TEventArgs)
06-17 14:24:21.671 14232 14306 E Unity   : Firebase.Messaging.<MessageReceivedDelegateMethod>c__AnonStorey0:<>m__0()
06-17 14:24:21.671 14232 14306 E Unity   : System.Func`1:Invoke()
06-17 14:24:21.671 14232 14306 E Unity   : Firebase.ExceptionAggregator:Wrap(Func`1, T)
06-17 14:24:21.671 14232 14306 E Unity   : Firebase.AppUtilPINVOKE:PollCallbacks()
06-17 14:24:21.671 14232 14306 E Unity   : Firebase.AppUtil:PollCallbacks()
06-17 14:24:21.671 14232 14306 E Unity   : Firebase.Platform.FirebaseHandler:Update()
06-17 14:24:21.671 14232 14306 E Unity   :  
06-17 14:24:21.671 14232 14306 E Unity   : (Filename: ./Runtime/Export/Debug/Debug.bindings.h Line: 39)
06-17 14:24:21.671 14232 14306 E Unity   : 
06-17 14:24:21.743  2053 10664 E NetworkScheduler.ATC: Called cancelTask for already completed task com.google.android.gms/.measurement.PackageMeasurementTaskService{u=0 tag="Measurement.PackageMeasurementTaskService.UPLOAD_TASK_TAG" trigger=window{start=0s,end=2s,earliest=-274s,latest=-272s} requirements=[NET_CONNECTED] attributes=[PERSISTED] scheduled=-274s last_run=-81s exec_window_multiplier=1.0000 jid=N/A status=ACTIVE retries=0 client_lib=GMS_TASK_SCHEDULER-212116000} :1 [CONTEXT service_id=218 ]
06-17 14:24:21.828  2053 14199 E NetworkScheduler.ATC: Called cancelTask for already completed task com.google.android.gms/.measurement.PackageMeasurementTaskService{u=0 tag="Measurement.PackageMeasurementTaskService.UPLOAD_TASK_TAG" trigger=window{start=0s,end=2s,earliest=-274s,latest=-272s} requirements=[NET_CONNECTED] attributes=[PERSISTED] scheduled=-274s last_run=-81s exec_window_multiplier=1.0000 jid=N/A status=ACTIVE retries=0 client_lib=GMS_TASK_SCHEDULER-212116000} :1 [CONTEXT service_id=218 ]
06-17 14:24:21.882  2053 10664 E NetworkScheduler.ATC: Called cancelTask for already completed task com.google.android.gms/.measurement.PackageMeasurementTaskService{u=0 tag="Measurement.PackageMeasurementTaskService.UPLOAD_TASK_TAG" trigger=window{start=0s,end=2s,earliest=-274s,latest=-272s} requirements=[NET_CONNECTED] attributes=[PERSISTED] scheduled=-274s last_run=-81s exec_window_multiplier=1.0000 jid=N/A status=ACTIVE retries=0 client_lib=GMS_TASK_SCHEDULER-212116000} :1 [CONTEXT service_id=218 ]
06-17 14:24:21.890   617 14789 E ResolverController: No valid NAT64 prefix (100, <unspecified>/0)
06-17 14:24:22.142 11954 13869 I Finsky:download_service: [998] kek.a(3): Broadcasting <71:RUNNING:26%[26%]>.
06-17 14:24:22.159 11488 11488 I Finsky  : [2] ndt.N(12): Installer: Notifying status update. package=com.teslagamesglobal.survivalist, status=DOWNLOADING
06-17 14:24:22.179 11488 13760 I Finsky  : [1106] nqv.G(2): IQ: Notifying installation update. package=com.teslagamesglobal.survivalist, status=DOWNLOADING
06-17 14:24:22.200   617 14790 E ResolverController: No valid NAT64 prefix (100, <unspecified>/0)
06-17 14:24:22.441  2053 14199 E NetworkScheduler.ATC: Called cancelTask for already completed task com.google.android.gms/.measurement.PackageMeasurementTaskService{u=0 tag="Measurement.PackageMeasurementTaskService.UPLOAD_TASK_TAG" trigger=window{start=0s,end=2s,earliest=-275s,latest=-273s} requirements=[NET_CONNECTED] attributes=[PERSISTED] scheduled=-275s last_run=-82s exec_window_multiplier=1.0000 jid=N/A status=ACTIVE retries=0 client_lib=GMS_TASK_SCHEDULER-212116000} :1 [CONTEXT service_id=218 ]
06-17 14:24:22.760   617 14792 E ResolverController: No valid NAT64 prefix (100, <unspecified>/0)
06-17 14:24:22.866 14232 14306 W com.facebook.unity.FB: Activite app only needs to be called once
06-17 14:24:23.133  2053 10664 E NetworkScheduler.ATC: Called cancelTask for already completed task com.google.android.gms/.measurement.PackageMeasurementTaskService{u=0 tag="Measurement.PackageMeasurementTaskService.UPLOAD_TASK_TAG" trigger=window{start=0s,end=2s,earliest=-276s,latest=-274s} requirements=[NET_CONNECTED] attributes=[PERSISTED] scheduled=-276s last_run=-83s exec_window_multiplier=1.0000 jid=N/A status=ACTIVE retries=0 client_lib=GMS_TASK_SCHEDULER-212116000} :1 [CONTEXT service_id=218 ]
06-17 14:24:23.620   617   617 I netd    : tetherGetStats() <6.16ms>
06-17 14:24:23.646   617   617 I netd    : bandwidthSetGlobalAlert(2097152) <0.23ms>
06-17 14:24:24.654 11954 13869 I Finsky:download_service: [998] kek.a(3): Broadcasting <71:RUNNING:27%[27%]>.
06-17 14:24:24.664 11488 11488 I Finsky  : [2] ndt.N(12): Installer: Notifying status update. package=com.teslagamesglobal.survivalist, status=DOWNLOADING
06-17 14:24:24.666 11488 13760 I Finsky  : [1106] nqv.G(2): IQ: Notifying installation update. package=com.teslagamesglobal.survivalist, status=DOWNLOADING
06-17 14:24:24.969   933   975 I system_server: Background concurrent copying GC freed 196049(9287KB) AllocSpace objects, 103(5368KB) LOS objects, 42% free, 20MB/36MB, paused 137us total 291.764ms
06-17 14:24:25.411   667   914 I nanohub : osLog: [AR_CHRE] still: 100
06-17 14:24:25.579   652 14346 W audio_hw_primary: out_write: underrun(3) frames_by_time(106) > out->last_fifo_frames_remaining(96)
06-17 14:24:25.582   652 14346 W audio_hw_primary: out_write: underrun(4) frames_by_time(147) > out->last_fifo_frames_remaining(144)
06-17 14:24:26.271   617   617 I netd    : tetherGetStats() <3.01ms>
06-17 14:24:26.304   617   617 I netd    : bandwidthSetGlobalAlert(2097152) <0.28ms>
06-17 14:24:26.396  2053 10664 E NetworkScheduler.ATC: Called cancelTask for already completed task com.google.android.gms/.measurement.PackageMeasurementTaskService{u=0 tag="Measurement.PackageMeasurementTaskService.UPLOAD_TASK_TAG" trigger=window{start=0s,end=2s,earliest=-279s,latest=-277s} requirements=[NET_CONNECTED] attributes=[PERSISTED] scheduled=-279s last_run=-86s exec_window_multiplier=1.0000 jid=N/A status=ACTIVE retries=0 client_lib=GMS_TASK_SCHEDULER-212116000} :1 [CONTEXT service_id=218 ]
06-17 14:24:26.460  2053 14199 E NetworkScheduler.ATC: Called cancelTask for already completed task com.google.android.gms/.measurement.PackageMeasurementTaskService{u=0 tag="Measurement.PackageMeasurementTaskService.UPLOAD_TASK_TAG" trigger=window{start=0s,end=2s,earliest=-279s,latest=-277s} requirements=[NET_CONNECTED] attributes=[PERSISTED] scheduled=-279s last_run=-86s exec_window_multiplier=1.0000 jid=N/A status=ACTIVE retries=0 client_lib=GMS_TASK_SCHEDULER-212116000} :1 [CONTEXT service_id=218 ]
06-17 14:24:26.991 11954 13869 I Finsky:download_service: [998] kek.a(3): Broadcasting <71:RUNNING:29%[29%]>.
06-17 14:24:27.003 11488 11488 I Finsky  : [2] ndt.N(12): Installer: Notifying status update. package=com.teslagamesglobal.survivalist, status=DOWNLOADING
06-17 14:24:27.033 11488 13760 I Finsky  : [1106] nqv.G(2): IQ: Notifying installation update. package=com.teslagamesglobal.survivalist, status=DOWNLOADING
06-17 14:24:28.523   617   617 I netd    : tetherGetStats() <2.51ms>
06-17 14:24:28.555   617   617 I netd    : bandwidthSetGlobalAlert(2097152) <0.35ms>
06-17 14:24:29.034 11954 13869 I Finsky:download_service: [998] kek.a(3): Broadcasting <71:RUNNING:30%[30%]>.
06-17 14:24:29.045 11488 11488 I Finsky  : [2] ndt.N(12): Installer: Notifying status update. package=com.teslagamesglobal.survivalist, status=DOWNLOADING
06-17 14:24:29.051 11488 13760 I Finsky  : [1106] nqv.G(2): IQ: Notifying installation update. package=com.teslagamesglobal.survivalist, status=DOWNLOADING
06-17 14:24:29.075   667   914 I nanohub : osLog: [AR_CHRE] still: 100
06-17 14:24:30.133   617   617 I netd    : tetherGetStats() <2.80ms>
06-17 14:24:30.165   617   617 I netd    : bandwidthSetGlobalAlert(2097152) <0.22ms>
06-17 14:24:31.399   670   670 E VibratorService: Setting amplitude  to: 1856
06-17 14:24:31.423 11954 13869 I Finsky:download_service: [998] kek.a(3): Broadcasting <71:RUNNING:32%[32%]>.
06-17 14:24:31.434 11488 11488 I Finsky  : [2] ndt.N(12): Installer: Notifying status update. package=com.teslagamesglobal.survivalist, status=DOWNLOADING
06-17 14:24:31.448 11488 13760 I Finsky  : [1106] nqv.G(2): IQ: Notifying installation update. package=com.teslagamesglobal.survivalist, status=DOWNLOADING
06-17 14:24:31.457   933  7513 I ActivityTaskManager: START u0 {act=android.intent.action.MAIN cat=[android.intent.category.HOME] flg=0x10000000 cmp=com.google.android.apps.nexuslauncher/.NexusLauncherActivity (has extras)} from uid 10098
06-17 14:24:31.480  1754  1754 I AiAiSuggestUi: Clearing suggestions.
06-17 14:24:31.553 11408 11408 W A       : Queue length for executor EventBus is now 11. Perhaps some tasks are too long, or the pool is too small.
06-17 14:24:31.586  1481  1481 W zz      : WeatherManager.doGet() no permissions
06-17 14:24:31.591  1481  1481 W zz      : SunriseUtil.doGet() no permissions
06-17 14:24:31.632  1868  1868 I GoogleInputMethodService: GoogleInputMethodService.onFinishInput():3416 
06-17 14:24:31.645  1868  1868 I GoogleInputMethodService: GoogleInputMethodService.onStartInput():1975 
06-17 14:24:31.699 11408 11715 I MicroDataManager: isInitializing-false locale not changed-true model not changed-true
06-17 14:24:31.786 11408 11408 I BgTaskExecutorImpl: Starting EXCLUSIVE background task TNG_MINUS_ONE_SYNC.
06-17 14:24:31.796 11408 11408 I BgTaskExecutorImpl: Starting EXCLUSIVE background task TNG_VOICE_SEARCH_SYNC.
06-17 14:24:31.802   652  6866 E volume_listener: check_and_set_gain_dep_cal: Failed to set gain dep cal level
06-17 14:24:31.804   652   696 E volume_listener: check_and_set_gain_dep_cal: Failed to set gain dep cal level
06-17 14:24:31.821  2174  3915 I Icing   : IndexChimeraService.getServiceInterface callingPackage=com.google.android.googlequicksearchbox componentName=null serviceId=36
06-17 14:24:31.833   617   617 I netd    : tetherGetStats() <11.39ms>
06-17 14:24:31.855  1754  1768 I s.nexuslaunche: NativeAlloc concurrent copying GC freed 22782(1014KB) AllocSpace objects, 0(0B) LOS objects, 49% free, 3162KB/6324KB, paused 7.928ms total 204.437ms
06-17 14:24:31.864  1754  1770 W System  : A resource failed to call release. 
06-17 14:24:31.864  1754  1770 W System  : A resource failed to call release. 
06-17 14:24:31.877 11408 11715 I MicroDetectionState: Should stop hotword detection immediately - true
06-17 14:24:31.889 11408 11715 I MicroDetectionState: Should stop hotword detection immediately - true
06-17 14:24:31.897 11408 11715 I TngMinusOneSync: Syncing TNG:-1
06-17 14:24:31.898 11408 11715 I TngVoiceSearchSync: Syncing TNG:VoiceSearch
06-17 14:24:31.910   499   499 E Layer   : [Surface(name=AppWindowToken{2ae5056 token=Token{1224a71 ActivityRecord{2fdc018 u0 com.google.android.apps.nexuslauncher/.NexusLauncherActivity t2}}})/@0x978cf03 - animation-leash#0] No local sync point found
06-17 14:24:31.910   499   499 E Layer   : [Surface(name=AppWindowToken{7e6eaa5 token=Token{b34b09c ActivityRecord{f1c880f u0 co.imba.archero/com.google.firebase.MessagingUnityPlayerActivity t6}}})/@0x3b10482 - animation-leash#0] No local sync point found
06-17 14:24:31.934   617   617 I netd    : bandwidthSetGlobalAlert(2097152) <0.29ms>
06-17 14:24:31.944  2174 12462 W Icing   : No valid account for uploading user actions
06-17 14:24:32.010  2174 12462 I Icing   : Usage reports ok 0, Failed Usage reports 0, indexed 0, rejected 0
06-17 14:24:32.019  2174 14649 I Icing   : IndexChimeraService.getServiceInterface callingPackage=com.google.android.gms componentName=null serviceId=30
06-17 14:24:32.036  2174 12462 W Icing   : No valid account for uploading user actions
06-17 14:24:32.057  1364  1379 I ndroid.systemu: NativeAlloc concurrent copying GC freed 72823(3242KB) AllocSpace objects, 0(0B) LOS objects, 49% free, 8447KB/16MB, paused 107us total 347.242ms
06-17 14:24:32.068  2174 12462 I Icing   : Usage reports ok 0, Failed Usage reports 0, indexed 0, rejected 0
06-17 14:24:32.309 14232 14247 W System  : A resource failed to call close. 
06-17 14:24:32.375  2053 10664 E NetworkScheduler.ATC: Called cancelTask for already completed task com.google.android.gms/.measurement.PackageMeasurementTaskService{u=0 tag="Measurement.PackageMeasurementTaskService.UPLOAD_TASK_TAG" trigger=window{start=0s,end=2s,earliest=-285s,latest=-283s} requirements=[NET_CONNECTED] attributes=[PERSISTED] scheduled=-285s last_run=-92s exec_window_multiplier=1.0000 jid=N/A status=ACTIVE retries=0 client_lib=GMS_TASK_SCHEDULER-212116000} :1 [CONTEXT service_id=218 ]
06-17 14:24:32.399  2053 14199 E NetworkScheduler.ATC: Called cancelTask for already completed task com.google.android.gms/.measurement.PackageMeasurementTaskService{u=0 tag="Measurement.PackageMeasurementTaskService.UPLOAD_TASK_TAG" trigger=window{start=0s,end=2s,earliest=-285s,latest=-283s} requirements=[NET_CONNECTED] attributes=[PERSISTED] scheduled=-285s last_run=-92s exec_window_multiplier=1.0000 jid=N/A status=ACTIVE retries=0 client_lib=GMS_TASK_SCHEDULER-212116000} :1 [CONTEXT service_id=218 ]
06-17 14:24:32.407  1754  1754 I AiAiSuggestUi: Clearing suggestions.
06-17 14:24:32.412 14232 14232 I Process : Sending signal. PID: 14232 SIG: 9
06-17 14:24:32.415   933  1011 I ActivityManager: Killing 11298:com.google.android.gm/u0a151 (adj 975): empty #17
06-17 14:24:32.415   678   678 E lowmemorykiller: Error writing /proc/14232/oom_score_adj; errno=22
06-17 14:24:32.416   933  1011 I ActivityManager: Killing 12985:com.android.traceur/u0a73 (adj 985): empty #18
06-17 14:24:32.416   933  1011 I ActivityManager: Killing 14232:co.imba.archero/u0a184 (adj 905): remove task
06-17 14:24:32.417   933  1011 I ActivityManager: Killing 14382:com.google.android.webview:sandboxed_process0:org.chromium.content.app.SandboxedProcessService0:0/u0a184i1 (adj 905): remove task
06-17 14:24:32.453   628   628 I Zygote  : Process 12985 exited due to signal 9 (Killed)
06-17 14:24:32.467   933  4121 W ActivityManager: Scheduling restart of crashed service co.imba.archero/org.chromium.content.app.SandboxedProcessService0:0 in 1000ms
06-17 14:24:32.474  1621  1621 I Zygote  : Process 14382 exited due to signal 9 (Killed)
06-17 14:24:32.505   628   628 I Zygote  : Process 11298 exited due to signal 9 (Killed)
06-17 14:24:32.535   933  1020 I libprocessgroup: Successfully killed process cgroup uid 10151 pid 11298 in 119ms
06-17 14:24:32.535   933  1020 I libprocessgroup: Successfully killed process cgroup uid 10073 pid 12985 in 0ms
06-17 14:24:32.592   933  1198 W InputDispatcher: channel 'd932cad co.imba.archero/com.google.firebase.MessagingUnityPlayerActivity (server)' ~ Consumer closed input channel or an error occurred.  events=0x9
06-17 14:24:32.592   933  1198 E InputDispatcher: channel 'd932cad co.imba.archero/com.google.firebase.MessagingUnityPlayerActivity (server)' ~ Channel is unrecoverably broken and will be disposed!
06-17 14:24:32.594   933  3971 I WindowManager: WIN DEATH: Window{d932cad u0 co.imba.archero/com.google.firebase.MessagingUnityPlayerActivity}
06-17 14:24:32.594   933  3971 W InputDispatcher: Attempted to unregister already unregistered input channel 'd932cad co.imba.archero/com.google.firebase.MessagingUnityPlayerActivity (server)'
06-17 14:24:32.617   933  1011 W ActivityManager: setHasOverlayUi called on unknown pid: 14232
06-17 14:24:32.670   628   628 I Zygote  : Process 14232 exited due to signal 9 (Killed)
06-17 14:24:32.696   933  1020 I libprocessgroup: Successfully killed process cgroup uid 10184 pid 14232 in 160ms
06-17 14:24:32.696   933  1020 W libprocessgroup: Failed to open process cgroup uid 99001 pid 14382: Permission denied
06-17 14:24:32.696   933  1020 E libprocessgroup: Error encountered killing process cgroup uid 99001 pid 14382: Permission denied
06-17 14:24:32.758   667   914 I nanohub : osLog: [AR_CHRE] still: 100
06-17 14:24:33.228 11488 11488 W ProxyAndroidLoggerBackend: Too many Flogger logs received before configuration. Dropping old logs.
06-17 14:24:33.320  1868  1868 I GoogleInputMethodService: GoogleInputMethodService.onFinishInput():3416 
06-17 14:24:33.325  1868  1868 I GoogleInputMethodService: GoogleInputMethodService.onStartInput():1975 
06-17 14:24:33.355 11488 11488 I Finsky  : [2] vzs.a(9): SCH: Canceling job 16-16161616
06-17 14:24:33.357 11488 11488 I Finsky  : [2] wai.b(5): SCH: Jobs in database: 1-1337 3-28 10-4 10-11 10-26 20-23232323 26-1414141414 34-6 34-7 34-8 
06-17 14:24:33.359 11488 11488 I Finsky  : [2] vyz.l(35): SCH: ConstraintMapping: 1-1337, 10-4, 10-11, 10-26, 34-6,  -> L: 179995ms, D: 54993151ms, C: 1, I: 1, N: 1
06-17 14:24:33.359 11488 11488 I Finsky  : [2] vyz.l(35): SCH: ConstraintMapping: 20-23232323,  -> L: 0ms, D: 82395012ms, C: 2, I: 1, N: 2
06-17 14:24:33.360 11488 11488 I Finsky  : [2] vyz.l(35): SCH: ConstraintMapping: 34-7, 34-8,  -> L: 3651076ms, D: 1299651076ms, C: 1, I: 2, N: 2
06-17 14:24:33.360 11488 11488 I Finsky  : [2] vyz.l(35): SCH: ConstraintMapping: 3-28, 34-7, 34-8,  -> L: 0ms, D: 86261909ms, C: 2, I: 2, N: 2
06-17 14:24:33.360 11488 11488 I Finsky  : [2] vyz.l(35): SCH: ConstraintMapping: 26-1414141414,  -> L: 42783407ms, D: 43683407ms, C: 1, I: 1, N: 0
06-17 14:24:33.378 11488 11488 I Finsky  : [2] vyz.j(7): SCH: Cancelling existing jobscheduler jobs: 9007 9009 9000 9008 9006 
06-17 14:24:33.378 11488 11488 I Finsky  : [2] vyz.h(16): SCH: Scheduling job Id: 9001, L: 179995, D: 54993151, C: false, I: false, N: 1
06-17 14:24:33.380 11488 11488 I Finsky  : [2] vyz.h(16): SCH: Scheduling job Id: 9002, L: 0, D: 82395012, C: true, I: false, N: 2
06-17 14:24:33.382 11488 11488 I Finsky  : [2] vyz.h(16): SCH: Scheduling job Id: 9003, L: 3651076, D: 1299651076, C: false, I: true, N: 2
06-17 14:24:33.384 11488 11488 I Finsky  : [2] vyz.h(16): SCH: Scheduling job Id: 9004, L: 0, D: 86261909, C: true, I: true, N: 2
06-17 14:24:33.385 11488 11488 I Finsky  : [2] vyz.h(16): SCH: Scheduling job Id: 9005, L: 42783407, D: 43683407, C: false, I: false, N: 0
06-17 14:24:33.438 11954 13869 I Finsky:download_service: [998] kek.a(3): Broadcasting <71:RUNNING:33%[33%]>.
06-17 14:24:33.452 11488 11488 I Finsky  : [2] ndt.N(12): Installer: Notifying status update. package=com.teslagamesglobal.survivalist, status=DOWNLOADING
06-17 14:24:33.454 11488 13760 I Finsky  : [1106] nqv.G(2): IQ: Notifying installation update. package=com.teslagamesglobal.survivalist, status=DOWNLOADING
06-17 14:24:33.559  1754  1754 I AiAiSuggestUi: Clearing suggestions.
06-17 14:24:33.585   617   617 I netd    : tetherGetStats() <2.73ms>
06-17 14:24:33.595   499   499 E Layer   : [Surface(name=AppWindowToken{2ae5056 token=Token{1224a71 ActivityRecord{2fdc018 u0 com.google.android.apps.nexuslauncher/.NexusLauncherActivity t2}}})/@0x978cf03 - animation-leash#0] No local sync point found
06-17 14:24:33.595   499   499 E Layer   : [Surface(name=AppWindowToken{f8dbc5e token=Token{f3b4199 ActivityRecord{9a0fae0 u0 com.android.vending/.AssetBrowserActivity t4}}})/@0x2761be6 - animation-leash#0] No local sync point found
06-17 14:24:33.626 11408 11845 I PBSessionCacheImpl: Deleted sessionId[50174538563600716] from persistence.
06-17 14:24:33.629   617   617 I netd    : bandwidthSetGlobalAlert(2097152) <0.22ms>
06-17 14:24:33.667 11408 11715 W SearchServiceCore: Abort, client detached.
06-17 14:24:33.670 11408 11715 I MicroDetectionState: Should stop hotword detection immediately - true
06-17 14:24:34.953   820   820 E cnss-daemon: wlan_service_update_tcp_params: Unsupported throughput value 0
06-17 14:24:35.145   820   820 E cnss-daemon: wlan_service_update_sys_param: unable to open /proc/sys/net/ipv4/tcp_adv_win_scale
06-17 14:24:35.145   820   820 E cnss-daemon: wlan_service_update_sys_param: unable to open /proc/sys/net/ipv4/tcp_use_userconfig
06-17 14:24:35.440 11954 13869 I Finsky:download_service: [998] kek.a(3): Broadcasting <71:RUNNING:34%[34%]>.
06-17 14:24:35.451 11488 11488 I Finsky  : [2] ndt.N(12): Installer: Notifying status update. package=com.teslagamesglobal.survivalist, status=DOWNLOADING
06-17 14:24:35.456 11488 13760 I Finsky  : [1106] nqv.G(2): IQ: Notifying installation update. package=com.teslagamesglobal.survivalist, status=DOWNLOADING
06-17 14:24:36.151   617   617 I netd    : tetherGetStats() <4.98ms>
06-17 14:24:36.201   617   617 I netd    : bandwidthSetGlobalAlert(2097152) <0.48ms>
06-17 14:24:36.269 11488 13563 W ProxyAndroidLoggerBackend: Too many Flogger logs received before configuration. Dropping old logs.
06-17 14:24:36.400   667   914 I nanohub : osLog: [AR_CHRE] still: 100
06-17 14:24:37.654 11954 13869 I Finsky:download_service: [998] kek.a(3): Broadcasting <71:RUNNING:36%[36%]>.
06-17 14:24:37.662 11488 11488 I Finsky  : [2] ndt.N(12): Installer: Notifying status update. package=com.teslagamesglobal.survivalist, status=DOWNLOADING
06-17 14:24:37.665 11488 13760 I Finsky  : [1106] nqv.G(2): IQ: Notifying installation update. package=com.teslagamesglobal.survivalist, status=DOWNLOADING
06-17 14:24:38.016   617   617 I netd    : tetherGetStats() <8.26ms>
06-17 14:24:38.076   617   617 I netd    : bandwidthSetGlobalAlert(2097152) <0.42ms>
06-17 14:24:39.706   617   617 I netd    : tetherGetStats() <7.60ms>
06-17 14:24:39.736 11954 13869 I Finsky:download_service: [998] kek.a(3): Broadcasting <71:RUNNING:38%[38%]>.
06-17 14:24:39.751 11488 11488 I Finsky  : [2] ndt.N(12): Installer: Notifying status update. package=com.teslagamesglobal.survivalist, status=DOWNLOADING
06-17 14:24:39.756 11488 13760 I Finsky  : [1106] nqv.G(2): IQ: Notifying installation update. package=com.teslagamesglobal.survivalist, status=DOWNLOADING
06-17 14:24:39.761   617   617 I netd    : bandwidthSetGlobalAlert(2097152) <0.43ms>
06-17 14:24:40.046   667   914 I nanohub : osLog: [AR_CHRE] still: 100
06-17 14:24:41.304   617   617 I netd    : tetherGetStats() <8.36ms>
06-17 14:24:41.361   617   617 I netd    : bandwidthSetGlobalAlert(2097152) <0.56ms>
06-17 14:24:41.726 11954 13869 I Finsky:download_service: [998] kek.a(3): Broadcasting <71:RUNNING:40%[40%]>.
06-17 14:24:41.745 11488 11488 I Finsky  : [2] ndt.N(12): Installer: Notifying status update. package=com.teslagamesglobal.survivalist, status=DOWNLOADING
06-17 14:24:41.751 11488 13760 I Finsky  : [1106] nqv.G(2): IQ: Notifying installation update. package=com.teslagamesglobal.survivalist, status=DOWNLOADING
06-17 14:24:43.297   617   617 I netd    : tetherGetStats() <3.94ms>
06-17 14:24:43.362   617   617 I netd    : bandwidthSetGlobalAlert(2097152) <0.48ms>
06-17 14:24:43.692   667   914 I nanohub : osLog: [AR_CHRE] still: 100
06-17 14:24:43.699 11954 13869 I Finsky:download_service: [998] kek.a(3): Broadcasting <71:RUNNING:41%[41%]>.
06-17 14:24:43.714 11488 11488 I Finsky  : [2] ndt.N(12): Installer: Notifying status update. package=com.teslagamesglobal.survivalist, status=DOWNLOADING
06-17 14:24:43.723 11488 13760 I Finsky  : [1106] nqv.G(2): IQ: Notifying installation update. package=com.teslagamesglobal.survivalist, status=DOWNLOADING
06-17 14:24:45.214   617   617 I netd    : tetherGetStats() <8.82ms>
06-17 14:24:45.294   617   617 I netd    : bandwidthSetGlobalAlert(2097152) <0.97ms>
06-17 14:24:45.703 11954 13869 I Finsky:download_service: [998] kek.a(3): Broadcasting <71:RUNNING:43%[43%]>.
06-17 14:24:45.719 11488 11488 I Finsky  : [2] ndt.N(12): Installer: Notifying status update. package=com.teslagamesglobal.survivalist, status=DOWNLOADING
06-17 14:24:45.723 11488 13760 I Finsky  : [1106] nqv.G(2): IQ: Notifying installation update. package=com.teslagamesglobal.survivalist, status=DOWNLOADING
06-17 14:24:47.061   933  2425 I ActivityManager: Killing 12699:com.google.android.permissioncontroller/u0a63 (adj 965): empty #17
06-17 14:24:47.063   933  2425 I ActivityManager: Killing 11065:com.google.android.apps.wellbeing/u0a110 (adj 975): empty #18
06-17 14:24:47.064   933  2425 I ActivityManager: Killing 13012:com.google.android.apps.docs/u0a164 (adj 975): empty #19
06-17 14:24:47.123   628   628 I Zygote  : Process 12699 exited due to signal 9 (Killed)
06-17 14:24:47.154   933  1020 I libprocessgroup: Successfully killed process cgroup uid 10063 pid 12699 in 87ms
06-17 14:24:47.155   628   628 I Zygote  : Process 13012 exited due to signal 9 (Killed)
06-17 14:24:47.159   628   628 I Zygote  : Process 11065 exited due to signal 9 (Killed)
06-17 14:24:47.200   933  1020 I libprocessgroup: Successfully killed process cgroup uid 10110 pid 11065 in 45ms
06-17 14:24:47.202   617   617 I netd    : tetherGetStats() <3.29ms>
06-17 14:24:47.203   933  1020 I libprocessgroup: Successfully killed process cgroup uid 10164 pid 13012 in 2ms
06-17 14:24:47.248   617   617 I netd    : bandwidthSetGlobalAlert(2097152) <0.50ms>
06-17 14:24:47.340   667   914 I nanohub : osLog: [AR_CHRE] still: 100
06-17 14:24:47.710 11954 13869 I Finsky:download_service: [998] kek.a(3): Broadcasting <71:RUNNING:44%[44%]>.
06-17 14:24:47.721 11488 11488 I Finsky  : [2] ndt.N(12): Installer: Notifying status update. package=com.teslagamesglobal.survivalist, status=DOWNLOADING
06-17 14:24:47.725 11488 13760 I Finsky  : [1106] nqv.G(2): IQ: Notifying installation update. package=com.teslagamesglobal.survivalist, status=DOWNLOADING
06-17 14:24:47.861   933   975 I system_server: Background young concurrent copying GC freed 151945(7299KB) AllocSpace objects, 154(7832KB) LOS objects, 40% free, 21MB/36MB, paused 322us total 104.446ms
06-17 14:24:47.865   933   977 W System  : A resource failed to call release. 
06-17 14:24:47.865   933   977 I chatty  : uid=1000(system) FinalizerDaemon identical 1 line
06-17 14:24:47.865   933   977 W System  : A resource failed to call release. 
06-17 14:24:48.827   617   617 I netd    : tetherGetStats() <6.70ms>
06-17 14:24:48.871   617   617 I netd    : bandwidthSetGlobalAlert(2097152) <0.43ms>
06-17 14:24:49.723 11954 13869 I Finsky:download_service: [998] kek.a(3): Broadcasting <71:RUNNING:46%[46%]>.
06-17 14:24:49.742 11488 11488 I Finsky  : [2] ndt.N(12): Installer: Notifying status update. package=com.teslagamesglobal.survivalist, status=DOWNLOADING
06-17 14:24:49.750 11488 13760 I Finsky  : [1106] nqv.G(2): IQ: Notifying installation update. package=com.teslagamesglobal.survivalist, status=DOWNLOADING
06-17 14:24:49.888 11408 11408 I BgTaskExecutorImpl: Starting EXCLUSIVE background task OFFLINE_PAGES_CUSTOM_TABS_SYNC.
06-17 14:24:50.014 14727 14744 W DynamiteModule: Local module descriptor class for com.google.android.gms.googlecertificates not found.
06-17 14:24:50.037 14727 14744 I DynamiteModule: Considering local module com.google.android.gms.googlecertificates:0 and remote module com.google.android.gms.googlecertificates:6
06-17 14:24:50.037 14727 14744 I DynamiteModule: Selected remote version of com.google.android.gms.googlecertificates, version >= 6
06-17 14:24:50.124 14727 14744 I .android.chrom: Waiting for a blocking GC ClassLinker
06-17 14:24:50.143 14727 14744 I .android.chrom: WaitForGcToComplete blocked ClassLinker on ClassLinker for 21.837ms
06-17 14:24:50.260 14727 14727 I cr_LibraryLoader: Using linker: org.chromium.base.library_loader.ModernLinker
06-17 14:24:50.260 14727 14727 I cr_LibraryLoader: Loading monochrome
06-17 14:24:50.494 14727 14727 I cr_LibraryLoader: Loaded native library version number "91.0.4472.101"
06-17 14:24:50.496 14727 14727 I cr_CachingUmaRecorder: Flushed 16 samples from 13 histograms.
06-17 14:24:50.635   617   617 I netd    : tetherGetStats() <3.11ms>
06-17 14:24:50.669   617   617 I netd    : bandwidthSetGlobalAlert(2097152) <0.42ms>
06-17 14:24:50.916 14727 14727 I cr_SmsProviderGms: construction successfull null, q63@d30da4c
06-17 14:24:50.988   667   914 I nanohub : osLog: [AR_CHRE] still: 100
06-17 14:24:51.120 14727 14727 W cr_KnoxSettingsProvider: Permission to read device policy denied.
06-17 14:24:51.713 11954 13869 I Finsky:download_service: [998] kek.a(3): Broadcasting <71:RUNNING:47%[47%]>.
06-17 14:24:51.719 11488 11488 I Finsky  : [2] ndt.N(12): Installer: Notifying status update. package=com.teslagamesglobal.survivalist, status=DOWNLOADING
06-17 14:24:51.723 11488 13760 I Finsky  : [1106] nqv.G(2): IQ: Notifying installation update. package=com.teslagamesglobal.survivalist, status=DOWNLOADING
06-17 14:24:51.827  2053  2289 E auok    : Phenotype API error. Event # cobz@3b6083a1, EventCode: 7 [CONTEXT service_id=51 ]
06-17 14:24:51.827  2053  2289 E auok    : aunp: 29505: No config packages for log source, or config package not registered
06-17 14:24:51.827  2053  2289 E auok    : 	at auoz.c(:com.google.android.gms@212116037@21.21.16 (120400-378233385):3)
06-17 14:24:51.827  2053  2289 E auok    : 	at auow.e(:com.google.android.gms@212116037@21.21.16 (120400-378233385):0)
06-17 14:24:51.827  2053  2289 E auok    : 	at auok.d(:com.google.android.gms@212116037@21.21.16 (120400-378233385):4)
06-17 14:24:51.827  2053  2289 E auok    : 	at auok.f(:com.google.android.gms@212116037@21.21.16 (120400-378233385):2)
06-17 14:24:51.827  2053  2289 E auok    : 	at adwr.run(:com.google.android.gms@212116037@21.21.16 (120400-378233385):17)
06-17 14:24:51.827  2053  2289 E auok    : 	at bwcl.run(:com.google.android.gms@212116037@21.21.16 (120400-378233385):2)
06-17 14:24:51.827  2053  2289 E auok    : 	at vuv.c(:com.google.android.gms@212116037@21.21.16 (120400-378233385):6)
06-17 14:24:51.827  2053  2289 E auok    : 	at vuv.run(:com.google.android.gms@212116037@21.21.16 (120400-378233385):7)
06-17 14:24:51.827  2053  2289 E auok    : 	at java.util.concurrent.ThreadPoolExecutor.runWorker(ThreadPoolExecutor.java:1167)
06-17 14:24:51.827  2053  2289 E auok    : 	at java.util.concurrent.ThreadPoolExecutor$Worker.run(ThreadPoolExecutor.java:641)
06-17 14:24:51.827  2053  2289 E auok    : 	at was.run(:com.google.android.gms@212116037@21.21.16 (120400-378233385):0)
06-17 14:24:51.827  2053  2289 E auok    : 	at java.lang.Thread.run(Thread.java:919)
06-17 14:24:51.831  2053  2289 E AsyncOperation: operation=GetExperimentTokensOperationCall, opStatusCode=29505 [CONTEXT service_id=51 ]
06-17 14:24:51.831  2053  2289 E AsyncOperation: OperationException[Status{statusCode=No config packages for log source, or config package not registered, resolution=null}]
06-17 14:24:51.831  2053  2289 E AsyncOperation: 	at auok.d(:com.google.android.gms@212116037@21.21.16 (120400-378233385):6)
06-17 14:24:51.831  2053  2289 E AsyncOperation: 	at auok.f(:com.google.android.gms@212116037@21.21.16 (120400-378233385):2)
06-17 14:24:51.831  2053  2289 E AsyncOperation: 	at adwr.run(:com.google.android.gms@212116037@21.21.16 (120400-378233385):17)
06-17 14:24:51.831  2053  2289 E AsyncOperation: 	at bwcl.run(:com.google.android.gms@212116037@21.21.16 (120400-378233385):2)
06-17 14:24:51.831  2053  2289 E AsyncOperation: 	at vuv.c(:com.google.android.gms@212116037@21.21.16 (120400-378233385):6)
06-17 14:24:51.831  2053  2289 E AsyncOperation: 	at vuv.run(:com.google.android.gms@212116037@21.21.16 (120400-378233385):7)
06-17 14:24:51.831  2053  2289 E AsyncOperation: 	at java.util.concurrent.ThreadPoolExecutor.runWorker(ThreadPoolExecutor.java:1167)
06-17 14:24:51.831  2053  2289 E AsyncOperation: 	at java.util.concurrent.ThreadPoolExecutor$Worker.run(ThreadPoolExecutor.java:641)
06-17 14:24:51.831  2053  2289 E AsyncOperation: 	at was.run(:com.google.android.gms@212116037@21.21.16 (120400-378233385):0)
06-17 14:24:51.831  2053  2289 E AsyncOperation: 	at java.lang.Thread.run(Thread.java:919)
06-17 14:24:52.625   617   617 I netd    : tetherGetStats() <3.56ms>
06-17 14:24:52.659  2174  2188 W System  : A resource failed to call close. 
06-17 14:24:52.672   617   617 I netd    : bandwidthSetGlobalAlert(2097152) <0.39ms>
06-17 14:24:53.715 11954 13869 I Finsky:download_service: [998] kek.a(3): Broadcasting <71:RUNNING:48%[48%]>.
06-17 14:24:53.733 11488 11488 I Finsky  : [2] ndt.N(12): Installer: Notifying status update. package=com.teslagamesglobal.survivalist, status=DOWNLOADING
06-17 14:24:53.750 11488 13760 I Finsky  : [1106] nqv.G(2): IQ: Notifying installation update. package=com.teslagamesglobal.survivalist, status=DOWNLOADING
06-17 14:24:54.262   662   662 I /vendor/bin/hw/android.hardware.health@2.0-service.marlin: SRAM data: 3468000
06-17 14:24:54.636   667   914 I nanohub : osLog: [AR_CHRE] still: 100
06-17 14:24:55.011   617   617 I netd    : tetherGetStats() <3.67ms>
06-17 14:24:55.052   617   617 I netd    : bandwidthSetGlobalAlert(2097152) <0.36ms>
06-17 14:24:55.699 11954 13869 I Finsky:download_service: [998] kek.a(3): Broadcasting <71:RUNNING:50%[50%]>.
06-17 14:24:55.709 11488 11488 I Finsky  : [2] ndt.N(12): Installer: Notifying status update. package=com.teslagamesglobal.survivalist, status=DOWNLOADING
06-17 14:24:55.715 11488 13760 I Finsky  : [1106] nqv.G(2): IQ: Notifying installation update. package=com.teslagamesglobal.survivalist, status=DOWNLOADING
06-17 14:24:56.574 13378 13412 I GH.ConnLoggerV2: Session 4e2426c6-25d8-43b1-9d27-5ae1c99c5fe2 expired
06-17 14:24:56.857   617   617 I netd    : tetherGetStats() <9.17ms>
06-17 14:24:56.947   617   617 I netd    : bandwidthSetGlobalAlert(2097152) <1.05ms>
06-17 14:24:57.681 11954 13869 I Finsky:download_service: [998] kek.a(3): Broadcasting <71:RUNNING:51%[51%]>.
06-17 14:24:57.695 11488 11488 I Finsky  : [2] ndt.N(12): Installer: Notifying status update. package=com.teslagamesglobal.survivalist, status=DOWNLOADING
06-17 14:24:57.702 11488 13760 I Finsky  : [1106] nqv.G(2): IQ: Notifying installation update. package=com.teslagamesglobal.survivalist, status=DOWNLOADING
06-17 14:24:58.284   667   914 I nanohub : osLog: [AR_CHRE] still: 100
06-17 14:24:58.648   617   617 I netd    : tetherGetStats() <3.27ms>
06-17 14:24:58.686   617   617 I netd    : bandwidthSetGlobalAlert(2097152) <0.34ms>
06-17 14:24:59.744 11954 13869 I Finsky:download_service: [998] kek.a(3): Broadcasting <71:RUNNING:52%[52%]>.
06-17 14:24:59.754 11488 11488 I Finsky  : [2] ndt.N(12): Installer: Notifying status update. package=com.teslagamesglobal.survivalist, status=DOWNLOADING
06-17 14:24:59.759 11488 13760 I Finsky  : [1106] nqv.G(2): IQ: Notifying installation update. package=com.teslagamesglobal.survivalist, status=DOWNLOADING
06-17 14:25:00.773   617   617 I netd    : tetherGetStats() <5.54ms>
06-17 14:25:00.844   617   617 I netd    : bandwidthSetGlobalAlert(2097152) <0.93ms>
06-17 14:25:01.227 11408 11715 I WorkerManager: dispose()
06-17 14:25:01.230 11408 11715 W A       : Queue length for executor EventBus is now 11. Perhaps some tasks are too long, or the pool is too small.
06-17 14:25:01.820 11954 13869 I Finsky:download_service: [998] kek.a(3): Broadcasting <71:RUNNING:53%[53%]>.
06-17 14:25:01.857 11488 11488 I Finsky  : [2] ndt.N(12): Installer: Notifying status update. package=com.teslagamesglobal.survivalist, status=DOWNLOADING
06-17 14:25:01.862 11488 13760 I Finsky  : [1106] nqv.G(2): IQ: Notifying installation update. package=com.teslagamesglobal.survivalist, status=DOWNLOADING
06-17 14:25:01.934   667   914 I nanohub : osLog: [AR_CHRE] still: 100
06-17 14:25:03.321   617   617 I netd    : tetherGetStats() <8.24ms>
06-17 14:25:03.401   617   617 I netd    : bandwidthSetGlobalAlert(2097152) <0.99ms>
06-17 14:25:03.830 11954 13869 I Finsky:download_service: [998] kek.a(3): Broadcasting <71:RUNNING:54%[54%]>.
06-17 14:25:03.844 11488 11488 I Finsky  : [2] ndt.N(12): Installer: Notifying status update. package=com.teslagamesglobal.survivalist, status=DOWNLOADING
06-17 14:25:03.849 11488 13760 I Finsky  : [1106] nqv.G(2): IQ: Notifying installation update. package=com.teslagamesglobal.survivalist, status=DOWNLOADING
06-17 14:25:05.128   617   617 I netd    : tetherGetStats() <6.19ms>
06-17 14:25:05.197   617   617 I netd    : bandwidthSetGlobalAlert(2097152) <1.03ms>
06-17 14:25:05.582   667   914 I nanohub : osLog: [AR_CHRE] still: 100
06-17 14:25:05.945 11488 11612 I PlayCommon: [989] alas.k(22): Preparing logs for uploading
06-17 14:25:05.954 11488 11612 I PlayCommon: [989] alas.k(167): Connecting to server: https://play.googleapis.com/play/log?format=raw&proto_v2=true
06-17 14:25:05.965 11954 13869 I Finsky:download_service: [998] kek.a(3): Broadcasting <71:RUNNING:56%[56%]>.
06-17 14:25:05.983 11488 11488 I Finsky  : [2] ndt.N(12): Installer: Notifying status update. package=com.teslagamesglobal.survivalist, status=DOWNLOADING
06-17 14:25:05.994 11488 13760 I Finsky  : [1106] nqv.G(2): IQ: Notifying installation update. package=com.teslagamesglobal.survivalist, status=DOWNLOADING
06-17 14:25:06.471 11488 11612 I PlayCommon: [989] alas.k(199): Successfully uploaded logs.
06-17 14:25:06.874   617   617 I netd    : tetherGetStats() <5.37ms>
06-17 14:25:06.931   617   617 I netd    : bandwidthSetGlobalAlert(2097152) <0.46ms>
06-17 14:25:08.090 11954 13869 I Finsky:download_service: [998] kek.a(3): Broadcasting <71:RUNNING:58%[58%]>.
06-17 14:25:08.111 11488 11488 I Finsky  : [2] ndt.N(12): Installer: Notifying status update. package=com.teslagamesglobal.survivalist, status=DOWNLOADING
06-17 14:25:08.117 11488 13760 I Finsky  : [1106] nqv.G(2): IQ: Notifying installation update. package=com.teslagamesglobal.survivalist, status=DOWNLOADING
06-17 14:25:08.544   617   617 I netd    : tetherGetStats() <3.46ms>
06-17 14:25:08.592   617   617 I netd    : bandwidthSetGlobalAlert(2097152) <0.63ms>
06-17 14:25:09.232   667   914 I nanohub : osLog: [AR_CHRE] still: 100
06-17 14:25:10.133 11954 13869 I Finsky:download_service: [998] kek.a(3): Broadcasting <71:RUNNING:59%[59%]>.
06-17 14:25:10.152 11488 11488 I Finsky  : [2] ndt.N(12): Installer: Notifying status update. package=com.teslagamesglobal.survivalist, status=DOWNLOADING
06-17 14:25:10.164 11488 13760 I Finsky  : [1106] nqv.G(2): IQ: Notifying installation update. package=com.teslagamesglobal.survivalist, status=DOWNLOADING
06-17 14:25:10.252   617   617 I netd    : tetherGetStats() <1.85ms>
06-17 14:25:10.275   617   617 I netd    : bandwidthSetGlobalAlert(2097152) <0.24ms>
06-17 14:25:12.011   617   617 I netd    : tetherGetStats() <6.95ms>
06-17 14:25:12.060 11954 13869 I Finsky:download_service: [998] kek.a(3): Broadcasting <71:RUNNING:61%[61%]>.
06-17 14:25:12.069   617   617 I netd    : bandwidthSetGlobalAlert(2097152) <0.48ms>
06-17 14:25:12.073 11488 11488 I Finsky  : [2] ndt.N(12): Installer: Notifying status update. package=com.teslagamesglobal.survivalist, status=DOWNLOADING
06-17 14:25:12.079 11488 13760 I Finsky  : [1106] nqv.G(2): IQ: Notifying installation update. package=com.teslagamesglobal.survivalist, status=DOWNLOADING
06-17 14:25:12.883   667   914 I nanohub : osLog: [AR_CHRE] still: 100
06-17 14:25:13.782   617   617 I netd    : tetherGetStats() <6.15ms>
06-17 14:25:13.836   617   617 I netd    : bandwidthSetGlobalAlert(2097152) <0.66ms>
06-17 14:25:14.119 11954 13869 I Finsky:download_service: [998] kek.a(3): Broadcasting <71:RUNNING:63%[63%]>.
06-17 14:25:14.138 11488 11488 I Finsky  : [2] ndt.N(12): Installer: Notifying status update. package=com.teslagamesglobal.survivalist, status=DOWNLOADING
06-17 14:25:14.146 11488 13760 I Finsky  : [1106] nqv.G(2): IQ: Notifying installation update. package=com.teslagamesglobal.survivalist, status=DOWNLOADING
06-17 14:25:15.627   617   617 I netd    : tetherGetStats() <6.29ms>
06-17 14:25:15.674   617   617 I netd    : bandwidthSetGlobalAlert(2097152) <0.48ms>
06-17 14:25:16.128 11954 13869 I Finsky:download_service: [998] kek.a(3): Broadcasting <71:RUNNING:64%[64%]>.
06-17 14:25:16.140 11488 11488 I Finsky  : [2] ndt.N(12): Installer: Notifying status update. package=com.teslagamesglobal.survivalist, status=DOWNLOADING
06-17 14:25:16.144 11488 13760 I Finsky  : [1106] nqv.G(2): IQ: Notifying installation update. package=com.teslagamesglobal.survivalist, status=DOWNLOADING
06-17 14:25:16.532   667   914 I nanohub : osLog: [AR_CHRE] still: 100
06-17 14:25:17.018 14727 14727 E cr_BTSPrefs: No data found for task id: 53
06-17 14:25:17.019 14727 14727 E cr_BkgrdTaskScheduler: Task cannot be canceled because no data was found instorage or data was invalid
