06-17 14:17:34.924   933  2086 I ActivityManager: Killing 4291:com.htc.omadm.trigger/1001 (adj 985): empty #17
06-17 14:17:35.084   933  2406 I ActivityManager: Killing 3622:com.google.android.apps.tachyon/u0a174 (adj 985): empty #17
06-17 14:17:35.097   933  1019 I ActivityManager: Start proc 5193:com.google.android.wfcactivation/u0a116 for broadcast {com.google.android.wfcactivation/com.google.android.wfcactivation.VzwVoWiFiReceiver}
06-17 14:17:35.401   933  1019 I ActivityManager: Start proc 5216:com.qualcomm.qcrilmsgtunnel/1001 for service {com.qualcomm.qcrilmsgtunnel/com.qualcomm.qcrilmsgtunnel.QcrilMsgTunnelService}
06-17 14:17:35.406   933  2086 I ActivityManager: Killing 2297:com.google.android.apps.photos/u0a141 (adj 985): empty #17
06-17 14:17:36.663   933  1019 W ActivityManager: Slow operation: 101ms so far, now at startProcess: returned from zygote!
06-17 14:17:36.663   933  1019 W ActivityManager: Slow operation: 101ms so far, now at startProcess: done updating battery stats
06-17 14:17:36.664   933  1019 W ActivityManager: Slow operation: 101ms so far, now at startProcess: building log message
06-17 14:17:36.664   933  1019 I ActivityManager: Start proc 5253:com.android.connectivity.metrics/u0a106 for broadcast {com.android.connectivity.metrics/com.android.connectivity.metrics.SnapshotSchedulingReceiver}
06-17 14:17:36.664   933  1019 W ActivityManager: Slow operation: 101ms so far, now at startProcess: starting to update pids map
06-17 14:17:36.664   933  1019 W ActivityManager: Slow operation: 101ms so far, now at startProcess: done updating pids map
06-17 14:17:37.022   933  5274 I ActivityManager: Killing 3990:com.google.android.gms.unstable/u0a115 (adj 985): empty #17
06-17 14:17:37.057   933  1019 I ActivityManager: Start proc 5284:com.android.dynsystem/1000 for broadcast {com.android.dynsystem/com.android.dynsystem.BootCompletedReceiver}
06-17 14:17:37.326   933  1053 I DisplayPowerController: Blocking screen off
06-17 14:17:37.326   933  1053 I DisplayPowerController: Unblocked screen off after 1 ms
06-17 14:17:37.340   933  1011 I DisplayManagerService: Display device changed state: "Built-in Screen", OFF
06-17 14:17:37.378   933  1610 W DynamicSystemService: gsiservice died; reconnecting
06-17 14:17:37.386   933  1610 I ActivityManager: Killing 4511:com.google.android.keep/u0a175 (adj 985): empty #17
06-17 14:17:37.407   933  1019 I ActivityManager: Start proc 5309:com.android.hotwordenrollment.okgoogle/u0a108 for broadcast {com.android.hotwordenrollment.okgoogle/com.android.hotwordenrollment.okgoogle.StartupReceiver}
06-17 14:17:37.616   933   933 I Telecom : DefaultDialerCache: Refreshing default dialer for user 0: now com.google.android.dialer: CM.CCCR->CM.UECNT->CM.CCCR->CM.UECNT@AAw
06-17 14:17:37.616   933  3759 I ActivityManager: Killing 4409:com.google.android.settings.intelligence/u0a105 (adj 985): empty #17
06-17 14:17:37.636   933  1019 I ActivityManager: Start proc 5344:com.android.hotwordenrollment.xgoogle/u0a124 for broadcast {com.android.hotwordenrollment.xgoogle/com.android.hotwordenrollment.xgoogle.StartupReceiver}
06-17 14:17:37.870   933  1291 I ActivityManager: Killing 2475:com.google.android.googlequicksearchbox:search/u0a114 (adj 985): empty #17
06-17 14:17:37.910   933  1019 I ActivityManager: Start proc 5368:com.android.managedprovisioning/u0a56 for broadcast {com.android.managedprovisioning/com.android.managedprovisioning.preprovisioning.BootReminder}
06-17 14:17:38.263   933  2625 I ActivityManager: Killing 2196:com.google.android.apps.wellbeing/u0a110 (adj 985): empty #17
06-17 14:17:38.307   933  1019 I ActivityManager: Start proc 5389:com.android.omadm.service/u0a130 for broadcast {com.android.omadm.service/com.android.omadm.service.DMIntentReceiver}
06-17 14:17:38.455   933  2427 I ActivityManager: Killing 4849:com.android.keychain/1000 (adj 985): empty #17
06-17 14:17:38.654   933  1019 I ActivityManager: Start proc 5413:com.android.settings/1000 for broadcast {com.android.settings/com.android.settings.fuelgauge.batterytip.AnomalyConfigReceiver}
06-17 14:17:39.120   933  2625 I ActivityManager: Killing 4734:com.google.android.apps.walletnfcrel/u0a170 (adj 985): empty #17
06-17 14:17:39.252   933  1019 I ActivityManager: Start proc 5434:com.android.traceur/u0a73 for broadcast {com.android.traceur/com.android.traceur.Receiver}
06-17 14:17:39.601   933  3759 I ActivityManager: Killing 4876:com.google.android.apps.docs/u0a164 (adj 985): empty #17
06-17 14:17:39.694  2459  2459 W ContextImpl: Calling a method in the system process without a qualified user: android.app.ContextImpl.startService:1570 android.content.ContextWrapper.startService:669 android.content.ContextWrapper.startService:669 com.google.SSRestartDetector.SSRestartDetectorAutoboot.onReceive:43 android.app.ActivityThread.handleReceiver:3788 
06-17 14:17:39.727   933  1019 I ActivityManager: Start proc 5463:com.google.android.apps.docs/u0a164 for broadcast {com.google.android.apps.docs/com.google.android.libraries.internal.growth.growthkit.inject.GrowthKitBootCompletedBroadcastReceiver}
06-17 14:17:40.569   933  2413 I ActivityManager: Killing 5059:com.google.android.marvin.talkback/u0a169 (adj 975): empty #17
06-17 14:17:40.570   933  2413 I ActivityManager: Killing 4467:com.google.android.projection.gearhead:shared/u0a104 (adj 985): empty #18
06-17 14:17:41.330   933  1019 I ActivityManager: Start proc 5550:com.google.android.ims/u0a97 for service {com.google.android.ims/com.google.android.ims.services.RcsService}
06-17 14:17:41.788   933  2623 I ActivityManager: Killing 2965:com.google.process.gapps/u0a115 (adj 985): empty #17
06-17 14:17:42.091   933  5274 I ActivityManager: Killing 5088:com.android.cellbroadcastreceiver/u0a57 (adj 985): empty #17
06-17 14:17:42.755   933  1019 I ActivityManager: Start proc 5587:com.google.android.apps.gcs/u0a133 for broadcast {com.google.android.apps.gcs/com.google.android.apps.gcs.receiver.BootCompletedReceiver}
06-17 14:17:46.026   933  1610 I ActivityManager: Killing 5118:com.android.sdm.plugins.sprintdm/1001 (adj 985): empty #17
06-17 14:17:46.511   933  1610 I ActivityManager: Killing 5159:com.android.chrome/u0a137 (adj 985): empty #17
06-17 14:17:46.544   933  1019 I ActivityManager: Start proc 5668:com.google.android.apps.maps/u0a138 for broadcast {com.google.android.apps.maps/com.google.android.apps.gmm.navigation.service.detection.StartDetectionReceiver}
06-17 14:17:47.324   933  1019 I ActivityManager: Start proc 5700:com.google.android.gms.unstable/u0a115 for service {com.google.android.gms/com.google.android.gms.droidguard.DroidGuardService}
06-17 14:17:47.377   933  2425 I ActivityManager: Killing 5037:com.google.android.carrier/u0a100 (adj 985): empty #17
06-17 14:17:47.397   933  1019 I ActivityManager: Start proc 5722:com.google.android.apps.photos/u0a141 for service {com.google.android.apps.photos/com.google.android.apps.photos.dbprocessor.impl.DatabaseProcessorJobService}
06-17 14:17:47.783   933  1019 I ActivityManager: Start proc 5748:com.android.vending:instant_app_installer/u0a109 for service {com.android.vending/com.google.android.finsky.instantapps.statussync.EnabledStatusSyncService}
06-17 14:17:48.155   933  1019 I ActivityManager: Start proc 5786:com.google.android.googlequicksearchbox:search/u0a114 for service {com.google.android.googlequicksearchbox/com.google.android.apps.gsa.publicsearch.PublicSearchService}
06-17 14:17:48.482   473  1205 I vold    : Trimmed 9376997376 bytes on /data in 56643ms
06-17 14:17:48.483   473  1205 W vold    : Failed to open none: No such file or directory
06-17 14:17:48.483   933  1579 I DropBoxManagerService: add tag=storage_trim isTagEnabled=true flags=0x2
06-17 14:17:48.767   933  1019 I ActivityManager: Start proc 5859:com.google.process.gapps/u0a115 for content provider {com.google.android.gsf/com.google.android.gsf.settings.GoogleSettingsProvider}
06-17 14:17:49.191   933  1610 I ActivityManager: Killing 5193:com.google.android.wfcactivation/u0a116 (adj 985): empty #17
06-17 14:17:49.491   933  1018 W BroadcastQueue: Background execution not allowed: receiving Intent { act=com.google.android.systemui.OPA_ENABLED flg=0x10000010 (has extras) } to com.google.android.apps.nexuslauncher/.qsb.OPAStatusReceiver
06-17 14:17:49.812   933   980 I DropBoxManagerService: add tag=keymaster isTagEnabled=true flags=0x0
06-17 14:17:50.665   933   933 W Looper  : Slow dispatch took 136ms main h=android.app.ActivityThread$H c=android.app.-$$Lambda$LoadedApk$ReceiverDispatcher$Args$_BumDX2UKsnxLVrE6UJsJZkotuA@3da2e5f m=0
06-17 14:17:50.701   933   933 I Telecom : DefaultDialerCache: Refreshing default dialer for user 0: now com.google.android.dialer: CM.CCCR->CM.UECNT->CM.CCCR->CM.UECNT@AAw
06-17 14:17:50.992   933  1579 W ProcessStats: Tracking association SourceState{7379600 com.google.android.gms.persistent/10115 ImpFg #3576} whose proc state 2 is better than process ProcessState{65f0e39 com.google.android.gms/10115 pkg=com.google.android.gms} proc state 3 (328 skipped)
06-17 14:17:52.162   933   933 I RoleManagerService: Granting default permissions...
06-17 14:17:52.226   933  1019 I ActivityManager: Start proc 5993:com.google.android.permissioncontroller/u0a63 for service {com.google.android.permissioncontroller/com.android.packageinstaller.role.service.RoleControllerServiceImpl}
06-17 14:17:52.268   933   933 I Telecom : DefaultDialerCache: Refreshing default dialer for user 0: now com.google.android.dialer: CM.CCCR->CM.UECNT->CM.CCCR->CM.UECNT@AAw
06-17 14:17:52.597  5993  6018 I SystemConfig: Adding association: com.google.android.as <- com.android.providers.contacts
06-17 14:17:52.597  5993  6018 I SystemConfig: Adding association: com.google.android.as <- com.android.providers.media
06-17 14:17:52.597  5993  6018 I SystemConfig: Adding association: com.google.android.as <- com.android.providers.telephony
06-17 14:17:52.598  5993  6018 I SystemConfig: Adding association: com.google.android.as <- com.android.systemui
06-17 14:17:52.598  5993  6018 I SystemConfig: Adding association: com.google.android.as <- com.google.android.gms
06-17 14:17:52.598  5993  6018 I SystemConfig: Adding association: com.google.android.as <- com.google.android.gsf
06-17 14:17:52.630  5993  6018 W SystemConfig: No directory /product_services/etc/sysconfig, skipping
06-17 14:17:52.630  5993  6018 W SystemConfig: No directory /product_services/etc/permissions, skipping
06-17 14:17:53.785  5748  5785 E ActivityThread: Failed to find provider info for com.google.android.instantapps.supervisor.SupervisorArchiveProvider
06-17 14:17:53.925   933  1016 I RoleUserState: Wrote roles.xml successfully
06-17 14:17:53.945  5748  6034 E ActivityThread: Failed to find provider info for com.google.android.instantapps.supervisor.SupervisorArchiveProvider
06-17 14:17:54.888   933  1019 I ActivityManager: Start proc 6053:com.google.android.apps.maps:server_recovery_process/u0a138 for broadcast {com.google.android.apps.maps/com.google.android.apps.gmm.plugins.serverrecovery.PhenotypeServerRecoveryHandlerImpl}
06-17 14:17:55.243   933  1610 I ActivityManager: Killing 5253:com.android.connectivity.metrics/u0a106 (adj 975): empty #17
06-17 14:17:55.792   933  5533 I ActivityManager: Process com.google.android.apps.maps:server_recovery_process (pid 6053) has died: cch+5 CEM 
06-17 14:17:57.021   933  1610 W ActivityManager: Background start not allowed: service Intent { cmp=com.google.android.apps.messaging/.shared.datamodel.action.execution.ActionExecutorImpl$EmptyService } to com.google.android.apps.messaging/.shared.datamodel.action.execution.ActionExecutorImpl$EmptyService from pid=5137 uid=10150 pkg=com.google.android.apps.messaging startFg?=false
06-17 14:17:57.026   933  1610 W ActivityManager: Background start not allowed: service Intent { cmp=com.google.android.apps.messaging/.shared.datamodel.action.execution.ActionExecutorImpl$EmptyService } to com.google.android.apps.messaging/.shared.datamodel.action.execution.ActionExecutorImpl$EmptyService from pid=5137 uid=10150 pkg=com.google.android.apps.messaging startFg?=false
06-17 14:17:57.603   933  1610 I ActivityManager: Killing 2076:android.process.acore/u0a44 (adj 975): empty #17
06-17 14:17:57.702   933  1610 W ActivityManager: Background start not allowed: service Intent { cmp=com.google.android.apps.messaging/com.google.apps.tiktok.concurrent.AndroidFuturesService (has extras) } to com.google.android.apps.messaging/com.google.apps.tiktok.concurrent.AndroidFuturesService from pid=5137 uid=10150 pkg=com.google.android.apps.messaging startFg?=false
06-17 14:17:58.625   933  1610 W ActivityManager: Background start not allowed: service Intent { cmp=com.google.android.apps.messaging/.shared.datamodel.action.execution.ActionExecutorImpl$EmptyService } to com.google.android.apps.messaging/.shared.datamodel.action.execution.ActionExecutorImpl$EmptyService from pid=5137 uid=10150 pkg=com.google.android.apps.messaging startFg?=false
06-17 14:17:59.251   933  2622 I ActivityManager: Killing 5284:com.android.dynsystem/1000 (adj 975): empty #17
06-17 14:17:59.667   933  1019 W ActivityManager: Slow operation: 55ms so far, now at startProcess: returned from zygote!
06-17 14:17:59.667   933  1019 W ActivityManager: Slow operation: 56ms so far, now at startProcess: done updating battery stats
06-17 14:17:59.668   933  1019 W ActivityManager: Slow operation: 56ms so far, now at startProcess: building log message
06-17 14:17:59.668   933  1019 I ActivityManager: Start proc 6101:com.google.android.apps.messaging:rcs/u0a150 for broadcast {com.google.android.apps.messaging/com.google.android.ims.receiver.startup.AutoStartReceiver}
06-17 14:17:59.668   933  1019 W ActivityManager: Slow operation: 56ms so far, now at startProcess: starting to update pids map
06-17 14:17:59.669   933  1019 W ActivityManager: Slow operation: 57ms so far, now at startProcess: done updating pids map
06-17 14:18:00.440   933  2625 I ActivityManager: Killing 5309:com.android.hotwordenrollment.okgoogle/u0a108 (adj 975): empty #17
06-17 14:18:00.630   933  1610 I ActivityManager: Killing 5344:com.android.hotwordenrollment.xgoogle/u0a124 (adj 975): empty #17
06-17 14:18:01.099   933  2622 W ProcessStats: Tracking association SourceState{7379600 com.google.android.gms.persistent/10115 ImpFg #3856} whose proc state 2 is better than process ProcessState{65f0e39 com.google.android.gms/10115 pkg=com.google.android.gms} proc state 3 (74 skipped)
06-17 14:18:04.131   933  1019 I ActivityManager: Start proc 6169:com.google.android.apps.safetyhub/u0a127 for broadcast {com.google.android.apps.safetyhub/com.google.android.apps.safetyhub.common.account.impl.PseudoAcountEnablingBootReceiver_Receiver}
06-17 14:18:06.993   933  1201 I WatchlistLoggingHandler: Milliseconds spent on tryAggregateRecords(): 75485
06-17 14:18:10.807   933  1610 I ActivityManager: Killing 5368:com.android.managedprovisioning/u0a56 (adj 975): empty #17
06-17 14:18:11.051   933  2622 I ActivityManager: Killing 5389:com.android.omadm.service/u0a130 (adj 975): empty #17
06-17 14:18:11.232   933  1019 W ActivityManager: Slow operation: 184ms so far, now at startProcess: returned from zygote!
06-17 14:18:11.233   933  1019 W ActivityManager: Slow operation: 185ms so far, now at startProcess: done updating battery stats
06-17 14:18:11.234   933  1019 W ActivityManager: Slow operation: 185ms so far, now at startProcess: building log message
06-17 14:18:11.234   933  1019 I ActivityManager: Start proc 6220:com.google.android.apps.turbo/u0a132 for broadcast {com.google.android.apps.turbo/com.google.android.apps.turbo.deadline.library.BootReceiver}
06-17 14:18:11.234   933  1019 W ActivityManager: Slow operation: 185ms so far, now at startProcess: starting to update pids map
06-17 14:18:11.236   933  1019 W ActivityManager: Slow operation: 187ms so far, now at startProcess: done updating pids map
06-17 14:18:11.342   933  2622 W UriGrantsManagerService: No permission grants found for com.google.android.apps.photos
06-17 14:18:11.474   933  2622 W UriGrantsManagerService: No permission grants found for com.google.android.apps.photos
06-17 14:18:11.689   933  1610 I ActivityManager: Killing 4554:com.android.providers.calendar/u0a48 (adj 975): empty #17
06-17 14:18:11.982   933  2622 I ActivityManager: Killing 5413:com.android.settings/1000 (adj 975): empty #17
06-17 14:18:12.018   933  1019 I ActivityManager: Start proc 6252:com.google.android.apps.turbo:aab/u0a132 for broadcast {com.google.android.apps.turbo/com.google.android.libraries.smartbattery.appusage.library.BootReceiver}
06-17 14:18:13.001   933  2622 I ActivityManager: Killing 5434:com.android.traceur/u0a73 (adj 975): empty #17
06-17 14:18:13.038   933  1019 I ActivityManager: Start proc 6286:com.google.android.apps.turbo:ssb/u0a132 for broadcast {com.google.android.apps.turbo/com.google.android.libraries.smartbattery.brightness.library.BootReceiver}
06-17 14:18:13.698   933   980 I ActivityManager: Killing 4725:com.google.android.tts/u0a153 (adj 975): empty #17
06-17 14:18:13.740   933  1019 I ActivityManager: Start proc 6320:com.google.android.apps.wallpaper/u0a117 for broadcast {com.google.android.apps.wallpaper/com.android.wallpaper.module.RotationWallpaperUpdateReceiver}
06-17 14:18:13.931   933  1264 W ActivityManager: Scheduling restart of crashed service com.google.android.tts/com.google.android.apps.speech.tts.googletts.service.GoogleTTSService in 1000ms
06-17 14:18:14.447   933  1264 I ActivityManager: Killing 4628:com.google.android.dialer/u0a111 (adj 985): empty #17
06-17 14:18:14.485   933  1019 I ActivityManager: Start proc 6344:com.google.android.apps.wellbeing/u0a110 for broadcast {com.google.android.apps.wellbeing/com.google.android.apps.wellbeing.alarm.BootCompleteReceiver_Receiver}
06-17 14:18:14.964   933  1019 I ActivityManager: Start proc 6366:com.google.android.tts/u0a153 for service {com.google.android.tts/com.google.android.apps.speech.tts.googletts.service.GoogleTTSService}
06-17 14:18:16.067   933  5386 W UriGrantsManagerService: No permission grants found for com.google.android.apps.photos
06-17 14:18:16.133   933  2425 W UriGrantsManagerService: No permission grants found for com.google.android.apps.photos
06-17 14:18:16.147   933  2425 I ActivityManager: Killing 5587:com.google.android.apps.gcs/u0a133 (adj 985): empty #17
06-17 14:18:17.258   933  1019 I ActivityManager: Start proc 6417:com.google.android.youtube/u0a161 for service {com.google.android.youtube/androidx.work.impl.background.systemjob.SystemJobService}
06-17 14:18:17.577   933  1647 W UriGrantsManagerService: No permission grants found for com.google.android.apps.photos
06-17 14:18:17.654   933  2425 W UriGrantsManagerService: No permission grants found for com.google.android.apps.photos
06-17 14:18:19.336   933  2425 W PackageManager: Cannot suspend the platform package: android
06-17 14:18:19.340   933  2425 W PackageManager: Cannot suspend package "com.google.android.dialer": is the default dialer
06-17 14:18:19.343   933  2425 W PackageManager: Cannot suspend package "com.google.android.packageinstaller": required for package installation
06-17 14:18:19.351   933  2425 W PackageManager: Cannot suspend package "com.google.android.permissioncontroller": required for permissions management
06-17 14:18:19.358   933  2425 W PackageManager: Cannot suspend package "com.google.android.apps.work.oobconfig": protected package
06-17 14:18:19.360   933  2425 W PackageManager: Cannot suspend package "com.android.vending": required for package verification
06-17 14:18:19.365   933  2425 W PackageManager: Cannot suspend package "com.google.android.apps.nexuslauncher": contains the active launcher
06-17 14:18:22.271   933   933 W Telecom : Logging: Stale Sessions Cleaned:
06-17 14:18:22.271   933   933 W Telecom : CM.CCCR@AAw
06-17 14:18:22.271   933   933 W Telecom : 	CM.CCCR->CM.UECNT@AAw
06-17 14:18:22.271   933   933 W Telecom : 		CM.CCCR->CM.UECNT@AAw
06-17 14:18:22.271   933   933 W Telecom : 			CM.CCCR->CM.UECNT->CM.CCCR->CM.UECNT@AAw
06-17 14:18:22.435   933  2625 I ActivityManager: Killing 5463:com.google.android.apps.docs/u0a164 (adj 985): empty #17
06-17 14:18:23.107   933  3539 I ActivityManager: Killing 5859:com.google.process.gapps/u0a115 (adj 985): empty #17
06-17 14:18:23.832   933  1647 I ActivityManager: Killing 5748:com.android.vending:instant_app_installer/u0a109 (adj 985): empty #17
06-17 14:18:23.873   933  1019 I ActivityManager: Start proc 6580:com.google.android.calendar/u0a146 for broadcast {com.google.android.calendar/com.google.android.apps.calendar.sync.SyncOnUnlockReceiver}
06-17 14:18:24.322   933  1019 I ActivityManager: Start proc 6609:com.android.providers.calendar/u0a48 for content provider {com.android.providers.calendar/com.android.providers.calendar.CalendarProvider2}
06-17 14:18:25.171   933  2413 I ActivityManager: Killing 5668:com.google.android.apps.maps/u0a138 (adj 975): empty #17
06-17 14:18:25.172   933  2413 I ActivityManager: Killing 5700:com.google.android.gms.unstable/u0a115 (adj 985): empty #18
06-17 14:18:25.179   933  1019 I ActivityManager: Start proc 6670:com.google.android.carrier/u0a100 for broadcast {com.google.android.carrier/com.google.android.carrier.CarrierSettingsReceiver}
06-17 14:18:25.430   933  1019 I ActivityManager: Start proc 6696:com.google.android.configupdater/u0a125 for broadcast {com.google.android.configupdater/com.google.android.configupdater.MainReceiver}
06-17 14:18:25.705   933  4427 I ActivityManager: Killing 4603:com.android.vending:download_service/u0a109 (adj 985): empty #17
06-17 14:18:25.820   933  5274 I ActivityManager: Killing 6101:com.google.android.apps.messaging:rcs/u0a150 (adj 985): empty #17
06-17 14:18:25.851   933  1019 W ActivityManager: Slow operation: 54ms so far, now at startProcess: returned from zygote!
06-17 14:18:25.852   933  1019 W ActivityManager: Slow operation: 54ms so far, now at startProcess: done updating battery stats
06-17 14:18:25.852   933  1019 W ActivityManager: Slow operation: 54ms so far, now at startProcess: building log message
06-17 14:18:25.852   933  1019 I ActivityManager: Start proc 6743:com.google.android.contacts/u0a142 for broadcast {com.google.android.contacts/com.google.android.apps.contacts.receiver.OnBootOrUpgradeReceiver}
06-17 14:18:25.852   933  1019 W ActivityManager: Slow operation: 55ms so far, now at startProcess: starting to update pids map
06-17 14:18:25.852   933  1019 W ActivityManager: Slow operation: 55ms so far, now at startProcess: done updating pids map
06-17 14:18:26.353   933  1019 I ActivityManager: Start proc 6776:android.process.acore/u0a44 for content provider {com.android.providers.contacts/com.android.providers.contacts.ContactsProvider2}
06-17 14:18:27.397   933  4427 I ActivityManager: Killing 5993:com.google.android.permissioncontroller/u0a63 (adj 985): empty #17
06-17 14:18:27.397   933  4427 I ActivityManager: Killing 6169:com.google.android.apps.safetyhub/u0a127 (adj 985): empty #18
06-17 14:18:27.442   933  1019 I ActivityManager: Start proc 6809:com.google.android.deskclock/u0a155 for broadcast {com.google.android.deskclock/com.android.deskclock.AlarmInitReceiver}
06-17 14:18:27.943   933  1019 I ActivityManager: Start proc 6839:com.google.android.dialer/u0a111 for broadcast {com.google.android.dialer/com.google.android.libraries.internal.growth.growthkit.tiktok.GrowthKitBootCompletedListener_Receiver}
06-17 14:18:32.019   933  1018 I ActivityManager: Waited long enough for: ServiceRecord{6781da3 u0 com.google.android.googlequicksearchbox/com.google.android.apps.gsa.shared.util.keepalive.StandaloneKeepAlive$KeepAliveService}
06-17 14:18:32.841   933  1019 I ActivityManager: Start proc 6905:com.google.android.gm/u0a151 for broadcast {com.google.android.gm/com.google.android.gm.GoogleMailDeviceStartupReceiver}
06-17 14:18:34.364   933  1019 I ActivityManager: Start proc 6968:com.google.android.gms.unstable/u0a115 for service {com.google.android.gms/com.google.android.gms.droidguard.DroidGuardService}
06-17 14:18:42.204   933  1018 W BroadcastQueue: Background execution not allowed: receiving Intent { act=com.google.android.systemui.OPA_ENABLED flg=0x10000010 (has extras) } to com.google.android.apps.nexuslauncher/.qsb.OPAStatusReceiver
06-17 14:18:42.440   933  1019 I ActivityManager: Start proc 7107:com.android.chrome/u0a137 for service {com.android.chrome/org.chromium.chrome.browser.customtabs.CustomTabsConnectionService}
06-17 14:18:45.024   933  2425 I ActivityManager: Killing 6286:com.google.android.apps.turbo:ssb/u0a132 (adj 975): empty #17
06-17 14:18:45.025   933  2425 I ActivityManager: Killing 6220:com.google.android.apps.turbo/u0a132 (adj 985): empty #18
06-17 14:18:46.749   933  1053 I DisplayPowerController: Blocking screen on until initial contents have been drawn.
06-17 14:18:46.765   933  1011 I DisplayManagerService: Display device changed state: "Built-in Screen", ON
06-17 14:18:46.804   933  1019 I ActivityManager: Start proc 7200:com.google.android.apps.turbo/u0a132 for content provider {com.google.android.apps.turbo/com.google.android.apps.turbo.nudges.battery.provider.EstimatedTimeRemainingProvider}
06-17 14:18:46.841   933  1053 I DisplayPowerController: Unblocked screen on after 92 ms
06-17 14:18:47.267   933  1053 I DisplayPowerController: Blocking screen off
06-17 14:18:47.267   933  1053 I DisplayPowerController: Unblocked screen off after 0 ms
06-17 14:18:47.285   933  1011 I DisplayManagerService: Display device changed state: "Built-in Screen", OFF
06-17 14:18:47.453   933  3759 I ActivityManager: Killing 6320:com.google.android.apps.wallpaper/u0a117 (adj 985): empty #17
06-17 14:18:47.859   933  1053 I DisplayPowerController: Blocking screen on until initial contents have been drawn.
06-17 14:18:47.867   933  1011 I DisplayManagerService: Display device changed state: "Built-in Screen", ON
06-17 14:18:47.987   933  1053 I DisplayPowerController: Unblocked screen on after 127 ms
06-17 14:18:48.957   933  1019 I ActivityManager: Start proc 7287:com.google.process.gapps/u0a115 for content provider {com.google.android.gsf/com.google.android.gsf.subscribedfeeds.SubscribedFeedsProvider}
06-17 14:18:49.259   933  1019 I ActivityManager: Start proc 7311:com.google.android.hardwareinfo/u0a122 for broadcast {com.google.android.hardwareinfo/com.google.android.hardwareinfo.HardwareInfoBootReceiver}
06-17 14:18:49.318   933  5274 I DropBoxManagerService: add tag=event_log isTagEnabled=true flags=0x2
06-17 14:18:49.683   933  1019 I ActivityManager: Start proc 7339:com.google.android.onetimeinitializer/u0a131 for broadcast {com.google.android.onetimeinitializer/com.google.android.onetimeinitializer.OneTimeInitializerReceiver}
06-17 14:18:49.837   933  1019 I ActivityManager: Start proc 7361:com.google.android.packageinstaller/u0a62 for broadcast {com.google.android.packageinstaller/com.android.packageinstaller.TemporaryFileManager}
06-17 14:18:49.968   933  1019 I ActivityManager: Start proc 7382:com.google.android.partnersetup/u0a121 for broadcast {com.google.android.partnersetup/com.google.android.partnersetup.GooglePartnerSetup}
06-17 14:18:50.110   933  1188 W ActivityManager: Unable to start service Intent { act=com.google.android.gms.drive.ApiService.RESET_AFTER_BOOT flg=0x4 cmp=com.google.android.gms/.drive.api.ApiService (has extras) } U=0: not found
06-17 14:18:50.152   933  3759 I ActivityManager: Killing 6417:com.google.android.youtube/u0a161 (adj 985): empty #17
06-17 14:18:50.762   933  2427 I DropBoxManagerService: add tag=keymaster isTagEnabled=true flags=0x0
06-17 14:18:50.783   933  1019 W ActivityManager: Slow operation: 51ms so far, now at startProcess: returned from zygote!
06-17 14:18:50.784   933  1019 W ActivityManager: Slow operation: 51ms so far, now at startProcess: done updating battery stats
06-17 14:18:50.784   933  1019 W ActivityManager: Slow operation: 51ms so far, now at startProcess: building log message
06-17 14:18:50.784   933  1019 I ActivityManager: Start proc 7418:com.google.android.permissioncontroller/u0a63 for broadcast {com.google.android.permissioncontroller/com.android.packageinstaller.permission.service.LocationAccessCheck$SetupPeriodicBackgroundLocationAccessCheck}
06-17 14:18:50.784   933  1019 W ActivityManager: Slow operation: 51ms so far, now at startProcess: starting to update pids map
06-17 14:18:50.784   933  1019 W ActivityManager: Slow operation: 52ms so far, now at startProcess: done updating pids map
06-17 14:18:51.158   933  4427 I ActivityManager: Killing 6252:com.google.android.apps.turbo:aab/u0a132 (adj 985): empty #17
06-17 14:18:51.286   933  1019 W ActivityManager: Slow operation: 147ms so far, now at startProcess: returned from zygote!
06-17 14:18:51.286   933  1019 W ActivityManager: Slow operation: 147ms so far, now at startProcess: done updating battery stats
06-17 14:18:51.287   933  1019 W ActivityManager: Slow operation: 147ms so far, now at startProcess: building log message
06-17 14:18:51.287   933  1019 I ActivityManager: Start proc 7449:com.google.android.projection.gearhead:shared/u0a104 for broadcast {com.google.android.projection.gearhead/com.google.android.apps.auto.components.app.fzero.FzeroReceiver}
06-17 14:18:51.287   933  1019 W ActivityManager: Slow operation: 147ms so far, now at startProcess: starting to update pids map
06-17 14:18:51.287   933  1019 W ActivityManager: Slow operation: 147ms so far, now at startProcess: done updating pids map
06-17 14:18:52.332   933  2623 I ActivityManager: Killing 5722:com.google.android.apps.photos/u0a141 (adj 975): empty #17
06-17 14:18:52.363   933  1019 I ActivityManager: Start proc 7495:com.google.android.projection.gearhead:car/u0a104 for broadcast {com.google.android.projection.gearhead/com.google.android.apps.auto.carservice.frx.FrxReceiver}
06-17 14:18:52.374   933  4838 I ActivityManager: Killing 6344:com.google.android.apps.wellbeing/u0a110 (adj 975): empty #17
06-17 14:18:52.855   933  2097 I ActivityManager: Killing 6580:com.google.android.calendar/u0a146 (adj 985): empty #17
06-17 14:18:52.874   933  1019 I ActivityManager: Start proc 7529:com.google.android.settings.intelligence/u0a105 for broadcast {com.google.android.settings.intelligence/com.google.android.settings.intelligence.modules.contextualcards.impl.JobBootBroadcastReceiver}
06-17 14:18:53.687   933  1019 W ActivityManager: Slow operation: 52ms so far, now at startProcess: returned from zygote!
06-17 14:18:53.687   933  1019 W ActivityManager: Slow operation: 52ms so far, now at startProcess: done updating battery stats
06-17 14:18:53.687   933  1019 W ActivityManager: Slow operation: 53ms so far, now at startProcess: building log message
06-17 14:18:53.687   933  1019 I ActivityManager: Start proc 7590:com.google.android.storagemanager/u0a99 for broadcast {com.google.android.storagemanager/com.android.storagemanager.automatic.AutomaticStorageBroadcastReceiver}
06-17 14:18:53.687   933  1019 W ActivityManager: Slow operation: 53ms so far, now at startProcess: starting to update pids map
06-17 14:18:53.690   933  1019 W ActivityManager: Slow operation: 56ms so far, now at startProcess: done updating pids map
06-17 14:18:53.742   933  1019 I ActivityManager: Start proc 7610:com.android.settings/1000 for content provider {com.android.settings/com.android.settings.homepage.contextualcards.SettingsContextualCardProvider}
06-17 14:18:54.097   933  5274 I ActivityManager: Killing 6670:com.google.android.carrier/u0a100 (adj 975): empty #17
06-17 14:18:54.119   933  1019 I ActivityManager: Start proc 7640:com.google.process.gapps/u0a168 for broadcast {com.google.android.syncadapters.contacts/com.google.android.syncadapters.contacts.ContactsSyncAdapterBroadcastReceiver}
06-17 14:18:54.743   933  1019 I ActivityManager: Start proc 7685:com.google.android.videos/u0a149 for broadcast {com.google.android.videos/androidx.work.impl.background.systemalarm.RescheduleReceiver}
06-17 14:18:55.452   933  1019 I ActivityManager: Start proc 7724:com.google.android.gms.ui/u0a115 for service {com.google.android.gms/com.google.android.gms.chimera.UiIntentOperationService}
06-17 14:18:55.957   933   933 I Telecom : DefaultDialerCache: Refreshing default dialer for user 0: now com.google.android.dialer: DDC.oR@ADk
06-17 14:18:55.958   933   933 W Looper  : Slow delivery took 210ms main h=android.app.ActivityThread$H c=android.app.-$$Lambda$LoadedApk$ReceiverDispatcher$Args$_BumDX2UKsnxLVrE6UJsJZkotuA@2fa6604 m=0
06-17 14:18:55.981   933   933 W Looper  : Drained
06-17 14:18:56.051   933  1008 W Looper  : Slow delivery took 207ms android.fg h=android.os.Handler c=<recycled PooledLambda@7b33b59> m=0
06-17 14:18:56.129   933  1008 W Looper  : Drained
06-17 14:18:56.335   933  5274 I ActivityManager: Killing 6696:com.google.android.configupdater/u0a125 (adj 975): empty #17
06-17 14:18:56.567   933  5274 I ActivityManager: Killing 6809:com.google.android.deskclock/u0a155 (adj 975): empty #17
06-17 14:18:57.046   933  4121 I ActivityManager: Killing 6743:com.google.android.contacts/u0a142 (adj 975): empty #17
06-17 14:18:57.096   933  1019 W ActivityManager: Slow operation: 69ms so far, now at startProcess: returned from zygote!
06-17 14:18:57.096   933  1019 W ActivityManager: Slow operation: 69ms so far, now at startProcess: done updating battery stats
06-17 14:18:57.096   933  1019 W ActivityManager: Slow operation: 70ms so far, now at startProcess: building log message
06-17 14:18:57.098   933  1019 I ActivityManager: Start proc 7806:com.google.android.wfcactivation/u0a116 for broadcast {com.google.android.wfcactivation/com.google.android.wfcactivation.gcm.GcmRegistrationReceiver}
06-17 14:18:57.100   933  1019 W ActivityManager: Slow operation: 73ms so far, now at startProcess: starting to update pids map
06-17 14:18:57.100   933  1019 W ActivityManager: Slow operation: 73ms so far, now at startProcess: done updating pids map
06-17 14:18:57.430   933  1019 I ActivityManager: Start proc 7831:com.google.android.youtube/u0a161 for broadcast {com.google.android.youtube/com.google.android.libraries.notifications.entrypoints.restart.RestartReceiver}
06-17 14:18:57.681   933  2620 I ActivityManager: Killing 7107:com.android.chrome/u0a137 (adj 975): empty #17
06-17 14:18:57.724   933  1053 I DisplayPowerController: Blocking screen off
06-17 14:18:57.725   933  1053 I DisplayPowerController: Unblocked screen off after 0 ms
06-17 14:18:57.745   933  1011 I DisplayManagerService: Display device changed state: "Built-in Screen", OFF
06-17 14:18:57.749   933  1011 W DisplayManagerService: Failed to notify process 7107 that displays changed, assuming it died.
06-17 14:18:57.749   933  1011 W DisplayManagerService: android.os.DeadObjectException
06-17 14:18:57.749   933  1011 W DisplayManagerService: 	at android.os.BinderProxy.transactNative(Native Method)
06-17 14:18:57.749   933  1011 W DisplayManagerService: 	at android.os.BinderProxy.transact(BinderProxy.java:510)
06-17 14:18:57.749   933  1011 W DisplayManagerService: 	at android.hardware.display.IDisplayManagerCallback$Stub$Proxy.onDisplayEvent(IDisplayManagerCallback.java:115)
06-17 14:18:57.749   933  1011 W DisplayManagerService: 	at com.android.server.display.DisplayManagerService$CallbackRecord.notifyDisplayEventAsync(DisplayManagerService.java:1708)
06-17 14:18:57.749   933  1011 W DisplayManagerService: 	at com.android.server.display.DisplayManagerService.deliverDisplayEvent(DisplayManagerService.java:1489)
06-17 14:18:57.749   933  1011 W DisplayManagerService: 	at com.android.server.display.DisplayManagerService.access$400(DisplayManagerService.java:154)
06-17 14:18:57.749   933  1011 W DisplayManagerService: 	at com.android.server.display.DisplayManagerService$DisplayManagerHandler.handleMessage(DisplayManagerService.java:1630)
06-17 14:18:57.749   933  1011 W DisplayManagerService: 	at android.os.Handler.dispatchMessage(Handler.java:107)
06-17 14:18:57.749   933  1011 W DisplayManagerService: 	at android.os.Looper.loop(Looper.java:214)
06-17 14:18:57.749   933  1011 W DisplayManagerService: 	at android.os.HandlerThread.run(HandlerThread.java:67)
06-17 14:18:57.749   933  1011 W DisplayManagerService: 	at com.android.server.ServiceThread.run(ServiceThread.java:44)
06-17 14:18:59.773   933  6689 I ActivityManager: Killing 6366:com.google.android.tts/u0a153 (adj 975): empty #17
06-17 14:18:59.861   933  1019 I ActivityManager: Start proc 7962:com.qualcomm.telephony/1000 for broadcast {com.qualcomm.atfwd/com.qualcomm.atfwd.AtFwdAutoboot}
06-17 14:19:00.131  7962  7962 W ContextImpl: Calling a method in the system process without a qualified user: android.app.ContextImpl.startService:1570 android.content.ContextWrapper.startService:669 android.content.ContextWrapper.startService:669 com.qualcomm.atfwd.AtFwdAutoboot.onReceive:24 android.app.ActivityThread.handleReceiver:3788 
06-17 14:19:00.164   933  2413 W ActivityManager: Scheduling restart of crashed service com.google.android.tts/com.google.android.apps.speech.tts.googletts.service.GoogleTTSService in 1000ms
06-17 14:19:00.175   933  1019 I ActivityManager: Start proc 7986:com.qualcomm.embms/u0a94 for broadcast {com.qualcomm.embms/com.qualcomm.embms.EmbmsBootReceiver}
06-17 14:19:00.476   933  3971 I ActivityManager: Killing 6839:com.google.android.dialer/u0a111 (adj 985): empty #17
06-17 14:19:00.508   933  1019 I ActivityManager: Start proc 8016:com.qualcomm.embms:remote/u0a94 for service {com.qualcomm.embms/com.qualcomm.embms.EmbmsService}
06-17 14:19:00.567   933  1019 I ActivityManager: Start proc 8036:com.qualcomm.ltebc_vzw/u0a96 for broadcast {com.qualcomm.ltebc_vzw/com.qualcomm.ltebc_vzw.LTEBroadcastReceiver}
06-17 14:19:00.655   933  1019 I ActivityManager: Start proc 8049:com.google.android.apps.photos/u0a141 for service {com.google.android.apps.photos/com.google.android.apps.photos.dbprocessor.impl.DatabaseProcessorJobService}
06-17 14:19:01.020   933  2620 I ActivityManager: Killing 6905:com.google.android.gm/u0a151 (adj 985): empty #17
06-17 14:19:01.199   933  1019 I ActivityManager: Start proc 8093:com.google.android.tts/u0a153 for service {com.google.android.tts/com.google.android.apps.speech.tts.googletts.service.GoogleTTSService}
06-17 14:19:02.057   933  4121 I ActivityManager: Killing 7311:com.google.android.hardwareinfo/u0a122 (adj 985): empty #17
06-17 14:19:02.306   933  1019 W ActivityManager: Slow operation: 55ms so far, now at startProcess: returned from zygote!
06-17 14:19:02.306   933  1019 W ActivityManager: Slow operation: 56ms so far, now at startProcess: done updating battery stats
06-17 14:19:02.306   933  1019 W ActivityManager: Slow operation: 56ms so far, now at startProcess: building log message
06-17 14:19:02.306   933  1019 I ActivityManager: Start proc 8135:com.Slack/u0a179 for broadcast {com.Slack/slack.app.rootdetection.RootDetectionBootReceiver}
06-17 14:19:02.306   933  1019 W ActivityManager: Slow operation: 56ms so far, now at startProcess: starting to update pids map
06-17 14:19:02.307   933  1019 W ActivityManager: Slow operation: 56ms so far, now at startProcess: done updating pids map
06-17 14:19:03.497   933  4121 I ActivityManager: Killing 7339:com.google.android.onetimeinitializer/u0a131 (adj 985): empty #17
06-17 14:19:03.892   933  2622 I ActivityManager: Killing 7361:com.google.android.packageinstaller/u0a62 (adj 985): empty #17
06-17 14:19:03.926   933  1019 I ActivityManager: Start proc 8223:com.atlasvpn.free.android.proxy.secure/u0a190 for broadcast {com.atlasvpn.free.android.proxy.secure/androidx.work.impl.background.systemalarm.RescheduleReceiver}
06-17 14:19:06.007   933  5274 W ProcessStats: Tracking association SourceState{88f143e com.google.android.gms.persistent/10115 ImpFg #6200} whose proc state 2 is better than process ProcessState{65f0e39 com.google.android.gms/10115 pkg=com.google.android.gms} proc state 3 (74 skipped)
06-17 14:19:06.064   933  4121 I ActivityManager: Killing 6609:com.android.providers.calendar/u0a48 (adj 985): empty #17
06-17 14:19:06.091   933  1019 W ActivityManager: Slow operation: 63ms so far, now at startProcess: returned from zygote!
06-17 14:19:06.091   933  1019 W ActivityManager: Slow operation: 63ms so far, now at startProcess: done updating battery stats
06-17 14:19:06.091   933  1019 W ActivityManager: Slow operation: 64ms so far, now at startProcess: building log message
06-17 14:19:06.091   933  1019 I ActivityManager: Start proc 8360:com.bamisu.legends/u0a250 for broadcast {com.bamisu.legends/com.onesignal.BootUpReceiver}
06-17 14:19:06.091   933  1019 W ActivityManager: Slow operation: 64ms so far, now at startProcess: starting to update pids map
06-17 14:19:06.092   933  1019 W ActivityManager: Slow operation: 64ms so far, now at startProcess: done updating pids map
06-17 14:19:06.507   933  5274 I ActivityManager: Killing 5137:com.google.android.apps.messaging/u0a150 (adj 985): empty #17
06-17 14:19:06.681   933  5274 I ActivityManager: Process com.qualcomm.ltebc_vzw (pid 8036) has died: fore SVC 
06-17 14:19:07.126   933  5274 I ActivityManager: Killing 7418:com.google.android.permissioncontroller/u0a63 (adj 985): empty #17
06-17 14:19:07.161   933  1019 I ActivityManager: Start proc 8434:com.google.android.apps.tachyon/u0a174 for broadcast {com.google.android.apps.tachyon/com.google.android.apps.tachyon.common.applifecycle.BootReceiver}
06-17 14:19:09.264   933  5274 I ActivityManager: Killing 7200:com.google.android.apps.turbo/u0a132 (adj 985): empty #17
06-17 14:19:10.601   933  5274 I ActivityManager: Killing 7449:com.google.android.projection.gearhead:shared/u0a104 (adj 985): empty #17
06-17 14:19:10.688   933  4838 I ActivityManager: Killing 3494:android.process.media/u0a46 (adj 985): empty #17
06-17 14:19:11.222   933  1019 I ActivityManager: Start proc 8515:com.google.android.apps.walletnfcrel/u0a170 for broadcast {com.google.android.apps.walletnfcrel/com.google.android.libraries.notifications.entrypoints.restart.RestartReceiver}
06-17 14:19:14.003   933  2086 I ActivityManager: Killing 7495:com.google.android.projection.gearhead:car/u0a104 (adj 985): empty #17
06-17 14:19:14.632   933  1019 I ActivityManager: Start proc 8589:com.google.android.keep/u0a175 for broadcast {com.google.android.keep/com.google.android.keep.notification.ReminderNotificationReceiver}
06-17 14:19:14.785   933  2086 I ActivityManager: Killing 6776:android.process.acore/u0a44 (adj 985): empty #17
06-17 14:19:15.136   933  1018 I ActivityManager: Waited long enough for: ServiceRecord{ca07fdf u0 com.qualcomm.atfwd/.AtFwdService}
06-17 14:19:15.249   933  1019 I ActivityManager: Start proc 8619:com.google.android.webview:webview_service/u0a136 for service {com.google.android.webview/org.chromium.android_webview.services.VariationsSeedServer}
06-17 14:19:15.285   933  2086 I ActivityManager: Killing 7590:com.google.android.storagemanager/u0a99 (adj 985): empty #17
06-17 14:19:15.305   933  1019 I ActivityManager: Start proc 8640:com.google.android.webview:sandboxed_process0:org.chromium.content.app.SandboxedProcessService0:0/u0ai9000 for  {com.bamisu.legends/org.chromium.content.app.SandboxedProcessService0:0}
06-17 14:19:15.619   933  2086 I ActivityManager: Killing 7640:com.google.process.gapps/u0a168 (adj 985): empty #17
06-17 14:19:15.742   933  6689 I ActivityManager: Killing 7724:com.google.android.gms.ui/u0a115 (adj 985): empty #17
06-17 14:19:16.226   933  7513 I ActivityManager: Killing 7610:com.android.settings/1000 (adj 985): empty #17
06-17 14:19:16.448   933  1019 I ActivityManager: Start proc 8710:com.google.android.play.games/u0a182 for broadcast {com.google.android.play.games/com.google.android.apps.play.games.lib.notifications.ChimeRegistrationBroadcastReceiver}
06-17 14:19:17.905   933  2086 I ActivityManager: Killing 7382:com.google.android.partnersetup/u0a121 (adj 985): empty #17
06-17 14:19:18.749   933  1019 I ActivityManager: Start proc 8785:com.google.android.vr.home/u0a172 for broadcast {com.google.android.vr.home/com.google.android.apps.vr.home.app.BootCompleteReceiver}
06-17 14:19:18.787   933  2097 I ActivityManager: Killing 7529:com.google.android.settings.intelligence/u0a105 (adj 985): empty #17
06-17 14:19:19.031   933  1019 I ActivityManager: Start proc 8807:com.google.vr.vrcore/u0a158 for content provider {com.google.vr.vrcore/com.google.vr.vrcore.settings.VrSettingsProvider}
06-17 14:19:19.461   933  2425 I ActivityManager: Killing 7685:com.google.android.videos/u0a149 (adj 985): empty #17
06-17 14:19:19.462   933  2425 I ActivityManager: Killing 7287:com.google.process.gapps/u0a115 (adj 985): empty #18
06-17 14:19:19.483   933  1019 I ActivityManager: Start proc 8839:com.mustardgames.festival/u0a212 for broadcast {com.mustardgames.festival/com.unity.androidnotifications.UnityNotificationRestartOnBootReceiver}
06-17 14:19:21.373   933  3538 I ActivityManager: Killing 7806:com.google.android.wfcactivation/u0a116 (adj 985): empty #17
06-17 14:19:21.414   933  1019 I ActivityManager: Start proc 8923:com.nordvpn.android/u0a189 for broadcast {com.nordvpn.android/com.nordvpn.android.broadcastReceivers.OnBootReceiver}
06-17 14:19:25.274   933  1019 I ActivityManager: Start proc 9042:com.google.android.projection.gearhead:shared/u0a104 for service {com.google.android.projection.gearhead/com.google.android.apps.auto.components.app.fzero.LauncherIconStateVerificationService}
06-17 14:19:25.311   933  1019 I ActivityManager: Start proc 9064:com.q_games.MonstersMobile/u0a188 for broadcast {com.q_games.MonstersMobile/com.hippogames.simpleandroidnotifications.RebootManager}
06-17 14:19:25.337   933  4838 I ActivityManager: Killing 7986:com.qualcomm.embms/u0a94 (adj 975): empty #17
06-17 14:19:25.368   933  3539 I ActivityManager: Killing 7831:com.google.android.youtube/u0a161 (adj 975): empty #17
06-17 14:19:25.872   933  3539 I ActivityManager: Killing 8093:com.google.android.tts/u0a153 (adj 975): empty #17
06-17 14:19:26.033   933  3539 I ActivityManager: Killing 8135:com.Slack/u0a179 (adj 975): empty #17
06-17 14:19:26.050   933  1019 I ActivityManager: Start proc 9128:com.sionera.angrymals.one/u0a187 for broadcast {com.sionera.angrymals.one/universal.tools.notifications.ScheduledNotificationsRestorer}
06-17 14:19:26.485   933  3539 I ActivityManager: Killing 8223:com.atlasvpn.free.android.proxy.secure/u0a190 (adj 975): empty #17
06-17 14:19:26.525   933  1019 I ActivityManager: Start proc 9171:com.ske6bento.kotodama/u0a196 for broadcast {com.ske6bento.kotodama/com.sglib.easymobile.androidnative.notification.NotificationBootReceiver}
06-17 14:19:27.906   933  2623 I ActivityManager: Killing 8016:com.qualcomm.embms:remote/u0a94 (adj 975): empty #17
06-17 14:19:27.952   933  1019 I ActivityManager: Start proc 9230:com.teslagamesglobal.survivalist/u0a264 for broadcast {com.teslagamesglobal.survivalist/com.hippogames.simpleandroidnotifications.RebootManager}
06-17 14:19:29.586   933  1264 I ActivityManager: Killing 8049:com.google.android.apps.photos/u0a141 (adj 975): empty #17
06-17 14:19:29.624   933  1019 I ActivityManager: Start proc 9291:com.google.android.apps.safetyhub/u0a127 for broadcast {com.google.android.apps.safetyhub/com.google.android.libraries.notifications.entrypoints.restart.RestartReceiver}
06-17 14:19:31.497   933   979 I ActivityManager: Killing 8515:com.google.android.apps.walletnfcrel/u0a170 (adj 975): empty #17
06-17 14:19:32.469   933  4838 I ActivityManager: Finished processing BOOT_COMPLETED for u0
06-17 14:19:32.491   933  1019 I ActivityManager: Start proc 9366:com.google.process.gapps/u0a115 for content provider {com.google.android.gsf/com.google.android.gsf.settings.GoogleSettingsProvider}
06-17 14:19:32.730   933  1019 I ActivityManager: Start proc 9388:com.google.android.gm/u0a151 for broadcast {com.google.android.gm/com.google.android.gm.MailIntentReceiver}
06-17 14:19:34.604   933  1019 I ActivityManager: Start proc 9463:com.google.android.calendar/u0a146 for broadcast {com.google.android.calendar/com.google.android.apps.calendar.config.phenotypesupport.broadcast.PhenotypeBroadcastReceiver}
06-17 14:19:35.161   933   979 I ActivityManager: Killing 8619:com.google.android.webview:webview_service/u0a136 (adj 975): empty #17
06-17 14:19:35.891   933  1019 I ActivityManager: Start proc 9514:com.android.providers.calendar/u0a48 for content provider {com.android.providers.calendar/com.android.providers.calendar.CalendarProvider2}
06-17 14:19:37.423   933   979 I ActivityManager: Killing 8434:com.google.android.apps.tachyon/u0a174 (adj 975): empty #17
06-17 14:19:37.424   933   979 I ActivityManager: Killing 8589:com.google.android.keep/u0a175 (adj 975): empty #18
06-17 14:19:37.543   933  1019 I ActivityManager: Start proc 9586:com.Slack/u0a179 for broadcast {com.Slack/com.google.firebase.iid.FirebaseInstanceIdReceiver}
06-17 14:19:39.453   933  5533 I DropBoxManagerService: add tag=event_data isTagEnabled=true flags=0x2
06-17 14:19:40.298   933  1610 I ActivityManager: Killing 8785:com.google.android.vr.home/u0a172 (adj 975): empty #17
06-17 14:19:40.696   933  5533 I DropBoxManagerService: add tag=dumpsys:account isTagEnabled=true flags=0x2
06-17 14:19:41.677   933  1610 W BroadcastQueue: Background execution not allowed: receiving Intent { act=android.intent.action.DROPBOX_ENTRY_ADDED flg=0x10 (has extras) } to com.google.android.gms/.stats.service.DropBoxEntryAddedReceiver
06-17 14:19:41.680   933  1018 W BroadcastQueue: Background execution not allowed: receiving Intent { act=android.intent.action.DROPBOX_ENTRY_ADDED flg=0x10 (has extras) } to com.google.android.gms/.chimera.GmsIntentOperationService$PersistentTrustedReceiver
06-17 14:19:44.869   933  1019 W ActivityManager: Slow operation: 64ms so far, now at startProcess: returned from zygote!
06-17 14:19:44.869   933  1019 W ActivityManager: Slow operation: 64ms so far, now at startProcess: done updating battery stats
