06-17 14:24:09.042 14232 14306 I IntegrationHelper: --------------- Fyber --------------
06-17 14:24:09.042 14232 14306 E IntegrationHelper: Adapter - MISSING
06-17 14:24:09.042 14232 14306 E IntegrationHelper: >>>> Fyber - NOT VERIFIED
06-17 14:24:09.042 14232 14306 I IntegrationHelper: --------------- HyprMX --------------
06-17 14:24:09.042 14232 14306 E IntegrationHelper: Adapter - MISSING
06-17 14:24:09.042 14232 14306 E IntegrationHelper: >>>> HyprMX - NOT VERIFIED
06-17 14:24:09.042 14232 14306 I IntegrationHelper: --------------- InMobi --------------
06-17 14:24:09.042 14232 14306 I IntegrationHelper: Adapter 4.3.9 - VERIFIED
06-17 14:24:09.042 14232 14306 I IntegrationHelper: Adapter - VERIFIED
06-17 14:24:09.042 14232 14306 I IntegrationHelper: SDK Version - 9.1.6
06-17 14:24:09.042 14232 14306 I IntegrationHelper: *** Activities ***
06-17 14:24:09.043 14232 14306 I IntegrationHelper: com.inmobi.ads.rendering.InMobiAdActivity - VERIFIED
06-17 14:24:09.044 14232 14306 I IntegrationHelper: *** External Libraries ***
06-17 14:24:09.044 14232 14306 I IntegrationHelper: picasso:2.71828 - VERIFIED
06-17 14:24:09.078 14232 14456 I AdInternalSettings: Test mode device hash: 811fd03a-e157-413f-9493-00f767375cab
06-17 14:24:09.079 14232 14456 I AdInternalSettings: When testing your app with Facebook's ad units you must specify the device hashed ID to ensure the delivery of test ads, add the following code before loading an ad: AdSettings.addTestDevice("811fd03a-e157-413f-9493-00f767375cab");
06-17 14:24:09.110 14232 14306 I IntegrationHelper: >>>> InMobi - VERIFIED
06-17 14:24:09.110 14232 14306 I IntegrationHelper: --------------- IronSource  --------------
06-17 14:24:09.110 14232 14306 I IntegrationHelper: Adapter 7.1.5.1 - VERIFIED
06-17 14:24:09.110 14232 14306 I IntegrationHelper: SDK Version - 5.99
06-17 14:24:09.110 14232 14306 I IntegrationHelper: *** Activities ***
06-17 14:24:09.111 14232 14306 I IntegrationHelper: com.ironsource.sdk.controller.ControllerActivity - VERIFIED
06-17 14:24:09.112 14232 14306 I IntegrationHelper: com.ironsource.sdk.controller.InterstitialActivity - VERIFIED
06-17 14:24:09.112 14232 14306 I IntegrationHelper: com.ironsource.sdk.controller.OpenUrlActivity - VERIFIED
06-17 14:24:09.132   667   914 I nanohub : osLog: [AR_CHRE] still: 100
06-17 14:24:09.158 14232 14306 I IntegrationHelper: *** Content Providers ***
06-17 14:24:09.158 14232 14306 I IntegrationHelper: >>>> IronSource - VERIFIED
06-17 14:24:09.158 14232 14306 I IntegrationHelper: --------------- Maio --------------
06-17 14:24:09.159 14232 14306 E IntegrationHelper: Adapter - MISSING
06-17 14:24:09.159 14232 14306 E IntegrationHelper: >>>> Maio - NOT VERIFIED
06-17 14:24:09.159 14232 14306 I IntegrationHelper: --------------- MyTarget --------------
06-17 14:24:09.159 14232 14306 E IntegrationHelper: Adapter - MISSING
06-17 14:24:09.159 14232 14306 E IntegrationHelper: >>>> MyTarget - NOT VERIFIED
06-17 14:24:09.159 14232 14306 I IntegrationHelper: --------------- Pangle --------------
06-17 14:24:09.159 14232 14306 E IntegrationHelper: Adapter - MISSING
06-17 14:24:09.159 14232 14306 E IntegrationHelper: >>>> Pangle - NOT VERIFIED
06-17 14:24:09.159 14232 14306 I IntegrationHelper: --------------- Smaato --------------
06-17 14:24:09.159 14232 14306 E IntegrationHelper: Adapter - MISSING
06-17 14:24:09.159 14232 14306 E IntegrationHelper: >>>> Smaato - NOT VERIFIED
06-17 14:24:09.159 14232 14306 I IntegrationHelper: --------------- Tapjoy --------------
06-17 14:24:09.159 14232 14306 E IntegrationHelper: Adapter - MISSING
06-17 14:24:09.159 14232 14306 E IntegrationHelper: >>>> Tapjoy - NOT VERIFIED
06-17 14:24:09.159 14232 14306 I IntegrationHelper: --------------- UnityAds --------------
06-17 14:24:09.159 14232 14306 I IntegrationHelper: Adapter 4.3.10 - VERIFIED
06-17 14:24:09.159 14232 14306 I IntegrationHelper: Adapter - VERIFIED
06-17 14:24:09.159 14232 14306 I IntegrationHelper: SDK Version - 3.6.0
06-17 14:24:09.159 14232 14306 I IntegrationHelper: *** Activities ***
06-17 14:24:09.160 14232 14306 I IntegrationHelper: com.unity3d.services.ads.adunit.AdUnitActivity - VERIFIED
06-17 14:24:09.160 14232 14306 I IntegrationHelper: com.unity3d.services.ads.adunit.AdUnitTransparentActivity - VERIFIED
06-17 14:24:09.161 14232 14306 I IntegrationHelper: com.unity3d.services.ads.adunit.AdUnitTransparentSoftwareActivity - VERIFIED
06-17 14:24:09.161 14232 14306 I IntegrationHelper: com.unity3d.services.ads.adunit.AdUnitSoftwareActivity - VERIFIED
06-17 14:24:09.185 14232 14418 W cr_media: Requires BLUETOOTH permission
06-17 14:24:09.243 14232 14306 I IntegrationHelper: >>>> UnityAds - VERIFIED
06-17 14:24:09.243 14232 14306 I IntegrationHelper: --------------- Vungle --------------
06-17 14:24:09.243 14232 14306 E IntegrationHelper: Adapter - MISSING
06-17 14:24:09.244 14232 14306 E IntegrationHelper: >>>> Vungle - NOT VERIFIED
06-17 14:24:09.245 14232 14472 W IntegrationHelper: --------------- Google Play Services --------------
06-17 14:24:09.246 14232 14472 I IntegrationHelper: Google Play Services - VERIFIED
06-17 14:24:09.269 14232 14472 I IntegrationHelper: GAID is: 352d463b-ce3e-4284-81d8-d7950cb9bdf3 (use this for test devices)
06-17 14:24:09.277   617 14467 E ResolverController: No valid NAT64 prefix (100, <unspecified>/0)
06-17 14:24:09.293 11954 13869 I Finsky:download_service: [998] kek.a(3): Broadcasting <71:RUNNING:20%[20%]>.
06-17 14:24:09.306 11488 11488 I Finsky  : [2] ndt.N(12): Installer: Notifying status update. package=com.teslagamesglobal.survivalist, status=DOWNLOADING
06-17 14:24:09.318 11488 13760 I Finsky  : [1106] nqv.G(2): IQ: Notifying installation update. package=com.teslagamesglobal.survivalist, status=DOWNLOADING
06-17 14:24:09.367 14382 14415 I cr_LibraryLoader: Loaded native library version number "91.0.4472.101"
06-17 14:24:09.369 14382 14415 I cr_CachingUmaRecorder: Flushed 1 samples from 1 histograms.
06-17 14:24:09.457 14382 14415 W SystemServiceRegistry: No service published for: uimode
06-17 14:24:10.088   617   617 I netd    : tetherGetStats() <2.80ms>
06-17 14:24:10.121   617   617 I netd    : bandwidthSetGlobalAlert(2097152) <1.31ms>
06-17 14:24:10.276 13699 14509 I android.youtub: The ClassLoaderContext is a special shared library.
06-17 14:24:10.326 13699 14509 I android.youtub: The ClassLoaderContext is a special shared library.
06-17 14:24:10.644 13699 14509 I DynamiteModule: Considering local module com.google.android.gms.ads.dynamite:0 and remote module com.google.android.gms.ads.dynamite:211512000
06-17 14:24:10.644 13699 14509 I DynamiteModule: Selected remote version of com.google.android.gms.ads.dynamite, version >= 211512000
06-17 14:24:10.696 13699 14509 W android.youtub: ClassLoaderContext type mismatch. expected=PCL, found=DLC (PCL[] | DLC[];PCL[/data/app/com.google.android.youtube-CJQlhGBRGC5gFOcUFqfbJg==/base.apk*4141884075:/data/app/com.google.android.youtube-CJQlhGBRGC5gFOcUFqfbJg==/base.apk!classes2.dex*2781458360:/data/app/com.google.android.youtube-CJQlhGBRGC5gFOcUFqfbJg==/base.apk!classes3.dex*1912747759:/data/app/com.google.android.youtube-CJQlhGBRGC5gFOcUFqfbJg==/base.apk!classes4.dex*647796296:/data/app/com.google.android.youtube-CJQlhGBRGC5gFOcUFqfbJg==/base.apk!classes5.dex*2765735296]{PCL[/system/framework/org.apache.http.legacy.jar*1038351580]})
06-17 14:24:10.698 14232 14495 W Settings: Setting airplane_mode_on has moved from android.provider.Settings.System to android.provider.Settings.Global, returning read-only value.
06-17 14:24:10.712 13699 14509 W android.youtub: Found duplicate classes, falling back to extracting from APK : /data/user_de/0/com.google.android.gms/app_chimera/m/0000004f/dl-AdsFdrDynamite.integ_211512000100000.apk
06-17 14:24:10.712 13699 14509 W android.youtub: NOTE: This wastes RAM and hurts startup performance.
06-17 14:24:10.713 13699 14509 W android.youtub: Found duplicated class when checking oat files: 'La;' in /data/app/com.google.android.youtube-CJQlhGBRGC5gFOcUFqfbJg==/base.apk and /data/user_de/0/com.google.android.gms/app_chimera/m/0000004f/dl-AdsFdrDynamite.integ_211512000100000.apk
06-17 14:24:10.713 13699 14509 W android.youtub: 
06-17 14:24:11.246 11954 13869 I Finsky:download_service: [998] kek.a(3): Broadcasting <71:RUNNING:21%[21%]>.
06-17 14:24:11.261 11488 11488 I Finsky  : [2] ndt.N(12): Installer: Notifying status update. package=com.teslagamesglobal.survivalist, status=DOWNLOADING
06-17 14:24:11.271 11488 13760 I Finsky  : [1106] nqv.G(2): IQ: Notifying installation update. package=com.teslagamesglobal.survivalist, status=DOWNLOADING
06-17 14:24:11.479   933   975 I system_server: Background young concurrent copying GC freed 125583(6493KB) AllocSpace objects, 91(4640KB) LOS objects, 30% free, 24MB/34MB, paused 158us total 210.346ms
06-17 14:24:11.559   617 14542 E ResolverController: No valid NAT64 prefix (100, <unspecified>/0)
06-17 14:24:11.631   933  2425 W SensorService: sensor 00000001 already enabled in connection 0x7ea4f60b80 (ignoring)
06-17 14:24:11.650 14232 14306 I Unity   : ration: 562/wScreen:1440/hScreen: 2560
06-17 14:24:11.650 14232 14306 I Unity   : com.F4A.MobileThird.F4ACoreManager:GetResolutionDevice()
06-17 14:24:11.650 14232 14306 I Unity   : com.F4A.MobileThird.F4ACoreManager:Start()
06-17 14:24:11.650 14232 14306 I Unity   :  
06-17 14:24:11.650 14232 14306 I Unity   : (Filename: ./Runtime/Export/Debug/Debug.bindings.h Line: 39)
06-17 14:24:11.650 14232 14306 I Unity   : 
06-17 14:24:11.664   617 14544 E ResolverController: No valid NAT64 prefix (100, <unspecified>/0)
06-17 14:24:11.677 11954 12044 I Finsky:download_service: [987] kud.run(3): Stats for Executor: BlockingExecutor kvr@a1b2171[Running, pool size = 1, active threads = 0, queued tasks = 0, completed tasks = 1]
06-17 14:24:11.751 14232 14306 I Unity   : @LOG IERequestToIpAPI info:{"status":"success","country":"United States","countryCode":"US","region":"CA","regionName":"California","city":"San Francisco","zip":"94115","lat":37.7825,"lon":-122.435,"timezone":"America/Los_Angeles","isp":"Comcast Cable Communications, LLC","org":"Comcast Cable Communications","as":"AS7922 Comcast Cable Communications, LLC","query":"24.5.148.158"}
06-17 14:24:11.751 14232 14306 I Unity   : com.F4A.MobileThird.<IERequestToIpAPI>d__74:MoveNext()
06-17 14:24:11.751 14232 14306 I Unity   : UnityEngine.SetupCoroutine:InvokeMoveNext(IEnumerator, IntPtr)
06-17 14:24:11.751 14232 14306 I Unity   :  
06-17 14:24:11.751 14232 14306 I Unity   : (Filename: ./Runtime/Export/Debug/Debug.bindings.h Line: 39)
06-17 14:24:11.751 14232 14306 I Unity   : 
06-17 14:24:11.790 14356 14356 W Thread-36: type=1400 audit(0.0:25): avc: granted { execute } for path="/data/data/co.imba.archero/cache/oat/arm64/app_resources_lib.odex" dev="sda35" ino=706062 scontext=u:r:untrusted_app:s0:c184,c256,c512,c768 tcontext=u:object_r:app_data_file:s0:c184,c256,c512,c768 tclass=file
06-17 14:24:11.793 14232 14356 W co.imba.archer: ClassLoaderContext classpath element mismatch. expected=/data/app/co.imba.archero-jIaLqo0-o3d8E1ObawELwA==/base.apk, found=/data/app/co.imba.archero-XtqonZSniyG1FWoiFBmDzQ==/base.apk (PCL[];PCL[/data/app/co.imba.archero-jIaLqo0-o3d8E1ObawELwA==/base.apk*132387506:/data/app/co.imba.archero-jIaLqo0-o3d8E1ObawELwA==/base.apk!classes2.dex*3598799956] | PCL[];PCL[/data/app/co.imba.archero-XtqonZSniyG1FWoiFBmDzQ==/base.apk*1862112719:/data/app/co.imba.archero-XtqonZSniyG1FWoiFBmDzQ==/base.apk!classes2.dex*2946437038])
06-17 14:24:11.813 14356 14356 W Thread-36: type=1400 audit(0.0:26): avc: granted { execute } for path="/data/data/co.imba.archero/cache/oat/arm64/google_api_resources_lib.odex" dev="sda35" ino=705980 scontext=u:r:untrusted_app:s0:c184,c256,c512,c768 tcontext=u:object_r:app_data_file:s0:c184,c256,c512,c768 tclass=file
06-17 14:24:11.819 14232 14356 W co.imba.archer: ClassLoaderContext classpath element mismatch. expected=/data/app/co.imba.archero-jIaLqo0-o3d8E1ObawELwA==/base.apk, found=/data/app/co.imba.archero-XtqonZSniyG1FWoiFBmDzQ==/base.apk (PCL[];PCL[app_resources_lib.jar*1312340849];PCL[/data/app/co.imba.archero-jIaLqo0-o3d8E1ObawELwA==/base.apk*132387506:/data/app/co.imba.archero-jIaLqo0-o3d8E1ObawELwA==/base.apk!classes2.dex*3598799956] | PCL[];PCL[/data/user/0/co.imba.archero/cache/app_resources_lib.jar*1312340849];PCL[/data/app/co.imba.archero-XtqonZSniyG1FWoiFBmDzQ==/base.apk*1862112719:/data/app/co.imba.archero-XtqonZSniyG1FWoiFBmDzQ==/base.apk!classes2.dex*2946437038])
06-17 14:24:11.828 14232 14356 I co.imba.archer: Waiting for a blocking GC ClassLinker
06-17 14:24:11.847 14232 14356 I co.imba.archer: WaitForGcToComplete blocked ClassLinker on ClassLinker for 19.037ms
06-17 14:24:11.848 14232 14356 I firebase: Firebase Analytics API Initializing
06-17 14:24:11.849 14232 14356 I firebase: analytics API Initialized
06-17 14:24:11.864 14232 14356 I firebase: Firebase Cloud Messaging API Initialized
06-17 14:24:12.030 14232 14306 I Unity   : Firebase Analytics API Initializing
06-17 14:24:12.030 14232 14306 I Unity   : Firebase.AppUtilPINVOKE:PollCallbacks()
06-17 14:24:12.030 14232 14306 I Unity   : Firebase.AppUtil:PollCallbacks()
06-17 14:24:12.030 14232 14306 I Unity   : Firebase.Platform.FirebaseHandler:Update()
06-17 14:24:12.030 14232 14306 I Unity   :  
06-17 14:24:12.030 14232 14306 I Unity   : (Filename: ./Runtime/Export/Debug/Debug.bindings.h Line: 39)
06-17 14:24:12.030 14232 14306 I Unity   : 
06-17 14:24:12.060 14306 14306 W UnityMain: type=1400 audit(0.0:27): avc: granted { execute } for path="/data/data/co.imba.archero/cache/oat/arm64/app_resources_lib.odex" dev="sda35" ino=706062 scontext=u:r:untrusted_app:s0:c184,c256,c512,c768 tcontext=u:object_r:app_data_file:s0:c184,c256,c512,c768 tclass=file
06-17 14:24:12.089 14232 14306 W co.imba.archer: ClassLoaderContext classpath element mismatch. expected=/data/app/co.imba.archero-jIaLqo0-o3d8E1ObawELwA==/base.apk, found=/data/app/co.imba.archero-XtqonZSniyG1FWoiFBmDzQ==/base.apk (PCL[];PCL[/data/app/co.imba.archero-jIaLqo0-o3d8E1ObawELwA==/base.apk*132387506:/data/app/co.imba.archero-jIaLqo0-o3d8E1ObawELwA==/base.apk!classes2.dex*3598799956] | PCL[];PCL[/data/app/co.imba.archero-XtqonZSniyG1FWoiFBmDzQ==/base.apk*1862112719:/data/app/co.imba.archero-XtqonZSniyG1FWoiFBmDzQ==/base.apk!classes2.dex*2946437038])
06-17 14:24:12.096 14232 14306 I co.imba.archer: Waiting for a blocking GC ClassLinker
06-17 14:24:12.108 14232 14245 I co.imba.archer: Background concurrent copying GC freed 34708(2732KB) AllocSpace objects, 4(2108KB) LOS objects, 50% free, 23MB/47MB, paused 2.664ms total 257.165ms
06-17 14:24:12.108 14232 14306 I co.imba.archer: WaitForGcToComplete blocked ClassLinker on ClassLinker for 11.968ms
06-17 14:24:12.110 14306 14306 W UnityMain: type=1400 audit(0.0:28): avc: granted { execute } for path="/data/data/co.imba.archero/cache/oat/arm64/google_api_resources_lib.odex" dev="sda35" ino=705980 scontext=u:r:untrusted_app:s0:c184,c256,c512,c768 tcontext=u:object_r:app_data_file:s0:c184,c256,c512,c768 tclass=file
06-17 14:24:12.114 14232 14247 W System  : A resource failed to call close. 
06-17 14:24:12.114 14232 14306 W co.imba.archer: ClassLoaderContext classpath element mismatch. expected=/data/app/co.imba.archero-jIaLqo0-o3d8E1ObawELwA==/base.apk, found=/data/app/co.imba.archero-XtqonZSniyG1FWoiFBmDzQ==/base.apk (PCL[];PCL[app_resources_lib.jar*1312340849];PCL[/data/app/co.imba.archero-jIaLqo0-o3d8E1ObawELwA==/base.apk*132387506:/data/app/co.imba.archero-jIaLqo0-o3d8E1ObawELwA==/base.apk!classes2.dex*3598799956] | PCL[];PCL[/data/user/0/co.imba.archero/cache/app_resources_lib.jar*1312340849];PCL[/data/app/co.imba.archero-XtqonZSniyG1FWoiFBmDzQ==/base.apk*1862112719:/data/app/co.imba.archero-XtqonZSniyG1FWoiFBmDzQ==/base.apk!classes2.dex*2946437038])
06-17 14:24:12.120 14232 14306 I firebase: Firebase Analytics API Initializing
06-17 14:24:12.129 14232 14306 I Unity   : Firebase Analytics API Initializing
06-17 14:24:12.129 14232 14306 I Unity   : Firebase.AppUtilPINVOKE:FirebaseApp_CreateInternal__SWIG_0()
06-17 14:24:12.129 14232 14306 I Unity   : Firebase.FirebaseApp:CreateInternal()
06-17 14:24:12.129 14232 14306 I Unity   : Firebase.CreateDelegate:Invoke()
06-17 14:24:12.129 14232 14306 I Unity   : Firebase.FirebaseApp:CreateAndTrack(CreateDelegate, FirebaseApp)
06-17 14:24:12.129 14232 14306 I Unity   : FirebaseManager:<Initialize>b__30_0(Task`1)
06-17 14:24:12.129 14232 14306 I Unity   : System.Action`1:Invoke(T)
06-17 14:24:12.129 14232 14306 I Unity   : Firebase.Extensions.<ContinueWithOnMainThread>c__AnonStorey9:<>m__0()
06-17 14:24:12.129 14232 14306 I Unity   : System.Func`1:Invoke()
06-17 14:24:12.129 14232 14306 I Unity   : Firebase.<RunAsync>c__AnonStorey1`1:<>m__0()
06-17 14:24:12.129 14232 14306 I Unity   : System.Action:Invoke()
06-17 14:24:12.129 14232 14306 I Unity   : Firebase.ExceptionAggregator:Wrap(Action)
06-17 14:24:12.129 14232 14306 I Unity   : Firebase.Dispatcher:PollJobs()
06-17 14:24:12.129 14232 14306 I Unity   : Firebase.Platform.FirebaseHandler:Update()
06-17 14:24:12.129 14232 14306 I Unity   :  
06-17 14:24:12.129 14232 14306 I Unity   : (Filename: ./Runtime/Export/Debug/Debug.bindings.h Line: 39)
06-17 14:24:12.129 14232 14306 I Unity   : 
06-17 14:24:12.129 14232 14306 I firebase: analytics API Initialized
06-17 14:24:12.134 14232 14306 I Unity   : analytics API Initialized
06-17 14:24:12.134 14232 14306 I Unity   : Firebase.AppUtilPINVOKE:FirebaseApp_CreateInternal__SWIG_0()
06-17 14:24:12.134 14232 14306 I Unity   : Firebase.FirebaseApp:CreateInternal()
06-17 14:24:12.134 14232 14306 I Unity   : Firebase.CreateDelegate:Invoke()
06-17 14:24:12.134 14232 14306 I Unity   : Firebase.FirebaseApp:CreateAndTrack(CreateDelegate, FirebaseApp)
06-17 14:24:12.134 14232 14306 I Unity   : FirebaseManager:<Initialize>b__30_0(Task`1)
06-17 14:24:12.134 14232 14306 I Unity   : System.Action`1:Invoke(T)
06-17 14:24:12.134 14232 14306 I Unity   : Firebase.Extensions.<ContinueWithOnMainThread>c__AnonStorey9:<>m__0()
06-17 14:24:12.134 14232 14306 I Unity   : System.Func`1:Invoke()
06-17 14:24:12.134 14232 14306 I Unity   : Firebase.<RunAsync>c__AnonStorey1`1:<>m__0()
06-17 14:24:12.134 14232 14306 I Unity   : System.Action:Invoke()
06-17 14:24:12.134 14232 14306 I Unity   : Firebase.ExceptionAggregator:Wrap(Action)
06-17 14:24:12.134 14232 14306 I Unity   : Firebase.Dispatcher:PollJobs()
06-17 14:24:12.134 14232 14306 I Unity   : Firebase.Platform.FirebaseHandler:Update()
06-17 14:24:12.134 14232 14306 I Unity   :  
06-17 14:24:12.134 14232 14306 I Unity   : (Filename: ./Runtime/Export/Debug/Debug.bindings.h Line: 39)
06-17 14:24:12.134 14232 14306 I Unity   : 
06-17 14:24:12.140 14232 14306 I firebase: Firebase Cloud Messaging API Initialized
06-17 14:24:12.147 14232 14306 I Unity   : Firebase Cloud Messaging API Initialized
06-17 14:24:12.147 14232 14306 I Unity   : Firebase.AppUtilPINVOKE:FirebaseApp_CreateInternal__SWIG_0()
06-17 14:24:12.147 14232 14306 I Unity   : Firebase.FirebaseApp:CreateInternal()
06-17 14:24:12.147 14232 14306 I Unity   : Firebase.CreateDelegate:Invoke()
06-17 14:24:12.147 14232 14306 I Unity   : Firebase.FirebaseApp:CreateAndTrack(CreateDelegate, FirebaseApp)
06-17 14:24:12.147 14232 14306 I Unity   : FirebaseManager:<Initialize>b__30_0(Task`1)
06-17 14:24:12.147 14232 14306 I Unity   : System.Action`1:Invoke(T)
06-17 14:24:12.147 14232 14306 I Unity   : Firebase.Extensions.<ContinueWithOnMainThread>c__AnonStorey9:<>m__0()
06-17 14:24:12.147 14232 14306 I Unity   : System.Func`1:Invoke()
06-17 14:24:12.147 14232 14306 I Unity   : Firebase.<RunAsync>c__AnonStorey1`1:<>m__0()
06-17 14:24:12.147 14232 14306 I Unity   : System.Action:Invoke()
06-17 14:24:12.147 14232 14306 I Unity   : Firebase.ExceptionAggregator:Wrap(Action)
06-17 14:24:12.147 14232 14306 I Unity   : Firebase.Dispatcher:PollJobs()
06-17 14:24:12.147 14232 14306 I Unity   : Firebase.Platform.FirebaseHandler:Update()
06-17 14:24:12.147 14232 14306 I Unity   :  
06-17 14:24:12.147 14232 14306 I Unity   : (Filename: ./Runtime/Export/Debug/Debug.bindings.h Line: 39)
06-17 14:24:12.147 14232 14306 I Unity   : 
06-17 14:24:12.161 14232 14306 I Unity   : Init firebase successfull __FIRAPP_DEFAULT
06-17 14:24:12.161 14232 14306 I Unity   : FirebaseManager:<Initialize>b__30_0(Task`1)
06-17 14:24:12.161 14232 14306 I Unity   : System.Action`1:Invoke(T)
06-17 14:24:12.161 14232 14306 I Unity   : Firebase.Extensions.<ContinueWithOnMainThread>c__AnonStorey9:<>m__0()
06-17 14:24:12.161 14232 14306 I Unity   : System.Func`1:Invoke()
06-17 14:24:12.161 14232 14306 I Unity   : Firebase.<RunAsync>c__AnonStorey1`1:<>m__0()
06-17 14:24:12.161 14232 14306 I Unity   : System.Action:Invoke()
06-17 14:24:12.161 14232 14306 I Unity   : Firebase.ExceptionAggregator:Wrap(Action)
06-17 14:24:12.161 14232 14306 I Unity   : Firebase.Dispatcher:PollJobs()
06-17 14:24:12.161 14232 14306 I Unity   : Firebase.Platform.FirebaseHandler:Update()
06-17 14:24:12.161 14232 14306 I Unity   :  
06-17 14:24:12.161 14232 14306 I Unity   : (Filename: ./Runtime/Export/Debug/Debug.bindings.h Line: 39)
06-17 14:24:12.161 14232 14306 I Unity   : 
06-17 14:24:12.219 14232 14306 I Unity   : Fetching data...
06-17 14:24:12.219 14232 14306 I Unity   : FirebaseManager:FetchDataAsync()
06-17 14:24:12.219 14232 14306 I Unity   : FirebaseManager:InitRemoteConfig()
06-17 14:24:12.219 14232 14306 I Unity   : FirebaseManager:<Initialize>b__30_0(Task`1)
06-17 14:24:12.219 14232 14306 I Unity   : System.Action`1:Invoke(T)
06-17 14:24:12.219 14232 14306 I Unity   : Firebase.Extensions.<ContinueWithOnMainThread>c__AnonStorey9:<>m__0()
06-17 14:24:12.219 14232 14306 I Unity   : System.Func`1:Invoke()
06-17 14:24:12.219 14232 14306 I Unity   : Firebase.<RunAsync>c__AnonStorey1`1:<>m__0()
06-17 14:24:12.219 14232 14306 I Unity   : System.Action:Invoke()
06-17 14:24:12.219 14232 14306 I Unity   : Firebase.ExceptionAggregator:Wrap(Action)
06-17 14:24:12.219 14232 14306 I Unity   : Firebase.Dispatcher:PollJobs()
06-17 14:24:12.219 14232 14306 I Unity   : Firebase.Platform.FirebaseHandler:Update()
06-17 14:24:12.219 14232 14306 I Unity   :  
06-17 14:24:12.219 14232 14306 I Unity   : (Filename: ./Runtime/Export/Debug/Debug.bindings.h Line: 39)
06-17 14:24:12.219 14232 14306 I Unity   : 
06-17 14:24:12.223   617   617 I netd    : tetherGetStats() <4.03ms>
06-17 14:24:12.230 14232 14306 I Unity   : Initialize GPGSManager done
06-17 14:24:12.230 14232 14306 I Unity   : GPGSManager:Initialize()
06-17 14:24:12.230 14232 14306 I Unity   : System.Action`1:Invoke(T)
06-17 14:24:12.230 14232 14306 I Unity   : Firebase.Extensions.<ContinueWithOnMainThread>c__AnonStorey9:<>m__0()
06-17 14:24:12.230 14232 14306 I Unity   : System.Func`1:Invoke()
06-17 14:24:12.230 14232 14306 I Unity   : Firebase.<RunAsync>c__AnonStorey1`1:<>m__0()
06-17 14:24:12.230 14232 14306 I Unity   : System.Action:Invoke()
06-17 14:24:12.230 14232 14306 I Unity   : Firebase.ExceptionAggregator:Wrap(Action)
06-17 14:24:12.230 14232 14306 I Unity   : Firebase.Dispatcher:PollJobs()
06-17 14:24:12.230 14232 14306 I Unity   : Firebase.Platform.FirebaseHandler:Update()
06-17 14:24:12.230 14232 14306 I Unity   :  
06-17 14:24:12.230 14232 14306 I Unity   : (Filename: ./Runtime/Export/Debug/Debug.bindings.h Line: 39)
06-17 14:24:12.230 14232 14306 I Unity   : 
06-17 14:24:12.242 14232 14306 I Unity   : Starting Auth with token client.
06-17 14:24:12.242 14232 14306 I Unity   : GooglePlayGames.Android.AndroidClient:Authenticate(Boolean, Action`1)
06-17 14:24:12.242 14232 14306 I Unity   : GPGSManager:Initialize()
06-17 14:24:12.242 14232 14306 I Unity   : System.Action`1:Invoke(T)
06-17 14:24:12.242 14232 14306 I Unity   : Firebase.Extensions.<ContinueWithOnMainThread>c__AnonStorey9:<>m__0()
06-17 14:24:12.242 14232 14306 I Unity   : System.Func`1:Invoke()
06-17 14:24:12.242 14232 14306 I Unity   : Firebase.<RunAsync>c__AnonStorey1`1:<>m__0()
06-17 14:24:12.242 14232 14306 I Unity   : System.Action:Invoke()
06-17 14:24:12.242 14232 14306 I Unity   : Firebase.ExceptionAggregator:Wrap(Action)
06-17 14:24:12.242 14232 14306 I Unity   : Firebase.Dispatcher:PollJobs()
06-17 14:24:12.242 14232 14306 I Unity   : Firebase.Platform.FirebaseHandler:Update()
06-17 14:24:12.242 14232 14306 I Unity   :  
06-17 14:24:12.242 14232 14306 I Unity   : (Filename: ./Runtime/Export/Debug/Debug.bindings.h Line: 39)
06-17 14:24:12.242 14232 14306 I Unity   : 
06-17 14:24:12.243 14232 14306 I Unity   : FirebaseMessaging_TokenReceived: dCbDVQwAR1SYFBk60yu-tc:APA91bFfFWKe8aiCy4IQJPiIT-Qbb8XWTVbc44d9j1900n325Fbitb-dIT-qOcmVFICJqAvyky5jMEkvCoemM_lnCin4JkLoC2I4Xbo5EZFmkSpklW8a7sEnQtsBnr3UUOLjrl5iJXPl
06-17 14:24:12.243 14232 14306 I Unity   : FirebaseManager:FirebaseMessaging_TokenReceived(Object, TokenReceivedEventArgs)
06-17 14:24:12.243 14232 14306 I Unity   : System.EventHandler`1:Invoke(Object, TEventArgs)
06-17 14:24:12.243 14232 14306 I Unity   : System.Action:Invoke()
06-17 14:24:12.243 14232 14306 I Unity   : Firebase.ExceptionAggregator:Wrap(Action)
06-17 14:24:12.243 14232 14306 I Unity   : Firebase.AppUtilPINVOKE:PollCallbacks()
06-17 14:24:12.243 14232 14306 I Unity   : Firebase.AppUtil:PollCallbacks()
06-17 14:24:12.243 14232 14306 I Unity   : Firebase.Platform.FirebaseHandler:Update()
06-17 14:24:12.243 14232 14306 I Unity   :  
06-17 14:24:12.243 14232 14306 I Unity   : (Filename: ./Runtime/Export/Debug/Debug.bindings.h Line: 39)
06-17 14:24:12.243 14232 14306 I Unity   : 
06-17 14:24:12.271 14232 14306 I Unity   :  [Play Games Plugin 0.10.12] 06/17/21 14:24:12 -07:00 DEBUG: Activating PlayGamesPlatform.
06-17 14:24:12.271 14232 14306 I Unity   : System.Action:Invoke()
06-17 14:24:12.271 14232 14306 I Unity   : GooglePlayGames.OurUtils.PlayGamesHelperObject:Update()
06-17 14:24:12.271 14232 14306 I Unity   :  
06-17 14:24:12.271 14232 14306 I Unity   : (Filename: ./Runtime/Export/Debug/Debug.bindings.h Line: 39)
06-17 14:24:12.271 14232 14306 I Unity   : 
06-17 14:24:12.272 14232 14306 I Unity   :  [Play Games Plugin 0.10.12] 06/17/21 14:24:12 -07:00 DEBUG: PlayGamesPlatform activated: GooglePlayGames.PlayGamesPlatform
06-17 14:24:12.272 14232 14306 I Unity   : System.Action:Invoke()
06-17 14:24:12.272 14232 14306 I Unity   : GooglePlayGames.OurUtils.PlayGamesHelperObject:Update()
06-17 14:24:12.272 14232 14306 I Unity   :  
06-17 14:24:12.272 14232 14306 I Unity   : (Filename: ./Runtime/Export/Debug/Debug.bindings.h Line: 39)
06-17 14:24:12.272 14232 14306 I Unity   : 
06-17 14:24:12.273 14232 14306 I Unity   :  [Play Games Plugin 0.10.12] 06/17/21 14:24:12 -07:00 DEBUG: Creating platform-specific Play Games client.
06-17 14:24:12.273 14232 14306 I Unity   : System.Action:Invoke()
06-17 14:24:12.273 14232 14306 I Unity   : GooglePlayGames.OurUtils.PlayGamesHelperObject:Update()
06-17 14:24:12.273 14232 14306 I Unity   :  
06-17 14:24:12.273 14232 14306 I Unity   : (Filename: ./Runtime/Export/Debug/Debug.bindings.h Line: 39)
06-17 14:24:12.273 14232 14306 I Unity   : 
06-17 14:24:12.274 14232 14306 I Unity   :  [Play Games Plugin 0.10.12] 06/17/21 14:24:12 -07:00 DEBUG: Creating Android IPlayGamesClient Client
06-17 14:24:12.274 14232 14306 I Unity   : System.Action:Invoke()
06-17 14:24:12.274 14232 14306 I Unity   : GooglePlayGames.OurUtils.PlayGamesHelperObject:Update()
06-17 14:24:12.274 14232 14306 I Unity   :  
06-17 14:24:12.274 14232 14306 I Unity   : (Filename: ./Runtime/Export/Debug/Debug.bindings.h Line: 39)
06-17 14:24:12.274 14232 14306 I Unity   : 
06-17 14:24:12.280   617   617 I netd    : bandwidthSetGlobalAlert(2097152) <0.23ms>
06-17 14:24:12.357   617 14572 E ResolverController: No valid NAT64 prefix (100, <unspecified>/0)
06-17 14:24:12.396 14232 14556 W co.imba.archer: ClassLoaderContext classpath element mismatch. expected=/data/app/co.imba.archero-jIaLqo0-o3d8E1ObawELwA==/base.apk, found=/data/app/co.imba.archero-XtqonZSniyG1FWoiFBmDzQ==/base.apk (IMC[];PCL[/data/app/co.imba.archero-jIaLqo0-o3d8E1ObawELwA==/base.apk*132387506:/data/app/co.imba.archero-jIaLqo0-o3d8E1ObawELwA==/base.apk!classes2.dex*3598799956] | IMC[];PCL[/data/app/co.imba.archero-XtqonZSniyG1FWoiFBmDzQ==/base.apk*1862112719:/data/app/co.imba.archero-XtqonZSniyG1FWoiFBmDzQ==/base.apk!classes2.dex*2946437038])
06-17 14:24:12.396 14232 14556 W co.imba.archer: Mismatch of class loader context in vdex (expected=IMC[];PCL[/data/app/co.imba.archero-jIaLqo0-o3d8E1ObawELwA==/base.apk*132387506:/data/app/co.imba.archero-jIaLqo0-o3d8E1ObawELwA==/base.apk!classes2.dex*3598799956], actual=IMC[];PCL[/data/app/co.imba.archero-XtqonZSniyG1FWoiFBmDzQ==/base.apk*1862112719:/data/app/co.imba.archero-XtqonZSniyG1FWoiFBmDzQ==/base.apk!classes2.dex*2946437038])
06-17 14:24:12.397 14232 14556 I co.imba.archer: Waiting for a blocking GC ClassLinker
06-17 14:24:12.399 14232 14575 I co.imba.archer: Waiting for a blocking GC ClassLinker
06-17 14:24:12.440 14232 14232 I co.imba.archer: The ClassLoaderContext is a special shared library.
06-17 14:24:12.448 14232 14232 I chatty  : uid=10184(co.imba.archero) identical 1 line
06-17 14:24:12.453 14232 14232 I co.imba.archer: The ClassLoaderContext is a special shared library.
06-17 14:24:12.463 14232 14232 I co.imba.archer: Waiting for a blocking GC ClassLinker
06-17 14:24:12.503 14232 14245 I co.imba.archer: Background young concurrent copying GC freed 339285(21MB) AllocSpace objects, 22(11MB) LOS objects, 53% free, 21MB/45MB, paused 96us total 161.178ms
06-17 14:24:12.503 14232 14556 I co.imba.archer: WaitForGcToComplete blocked ClassLinker on ClassLinker for 105.573ms
06-17 14:24:12.503 14232 14232 I co.imba.archer: WaitForGcToComplete blocked ClassLinker on ClassLinker for 40.417ms
06-17 14:24:12.503 14232 14247 W System  : A resource failed to call close. 
06-17 14:24:12.503 14232 14575 I co.imba.archer: Waiting for a blocking GC ClassLinker
06-17 14:24:12.505 14232 14575 I co.imba.archer: WaitForGcToComplete blocked ClassLinker on ClassLinker for 106.611ms
06-17 14:24:12.524 14232 14232 I DynamiteModule: Considering local module com.google.android.gms.ads.dynamite:0 and remote module com.google.android.gms.ads.dynamite:211512000
06-17 14:24:12.524 14232 14232 I DynamiteModule: Selected remote version of com.google.android.gms.ads.dynamite, version >= 211512000
06-17 14:24:12.573 14232 14556 W co.imba.archer: ClassLoaderContext classpath element mismatch. expected=/data/app/co.imba.archero-jIaLqo0-o3d8E1ObawELwA==/base.apk, found=/data/app/co.imba.archero-XtqonZSniyG1FWoiFBmDzQ==/base.apk (IMC[];PCL[/data/app/co.imba.archero-jIaLqo0-o3d8E1ObawELwA==/base.apk*132387506:/data/app/co.imba.archero-jIaLqo0-o3d8E1ObawELwA==/base.apk!classes2.dex*3598799956] | IMC[];PCL[/data/app/co.imba.archero-XtqonZSniyG1FWoiFBmDzQ==/base.apk*1862112719:/data/app/co.imba.archero-XtqonZSniyG1FWoiFBmDzQ==/base.apk!classes2.dex*2946437038])
06-17 14:24:12.573 14232 14556 W co.imba.archer: Mismatch of class loader context in vdex (expected=IMC[];PCL[/data/app/co.imba.archero-jIaLqo0-o3d8E1ObawELwA==/base.apk*132387506:/data/app/co.imba.archero-jIaLqo0-o3d8E1ObawELwA==/base.apk!classes2.dex*3598799956], actual=IMC[];PCL[/data/app/co.imba.archero-XtqonZSniyG1FWoiFBmDzQ==/base.apk*1862112719:/data/app/co.imba.archero-XtqonZSniyG1FWoiFBmDzQ==/base.apk!classes2.dex*2946437038])
06-17 14:24:12.580 14232 14232 I Ads     : Updating ad debug logging enablement.
06-17 14:24:12.590  2174  3717 I LegacyGetServiceValidat: onGetService() from Client SDK version [212116000], Module version [212116037], PGA version [259730049], Account [Account {name=<<default account>>, type=com.google}], Calling package [com.google.android.gms], Game package [co.imba.archero] [CONTEXT service_id=1 ]
06-17 14:24:12.650 14232 14584 W ConnectionStatusConfig: Dynamic lookup for intent failed for action: com.google.android.gms.leibniz.events.service.START
06-17 14:24:12.651   933  2427 W ActivityManager: Unable to start service Intent { act=com.google.android.gms.leibniz.events.service.START pkg=com.google.android.gms } U=0: not found
06-17 14:24:12.654   933  2086 W ActivityManager: Unbind failed: could not find connection for android.os.BinderProxy@1c332fd
06-17 14:24:12.655 14232 14584 E GmsClient: unable to connect to service: com.google.android.gms.leibniz.events.service.START on com.google.android.gms
06-17 14:24:12.672  2174  4099 I LegacyGetServiceValidat: onGetService() from Client SDK version [211404000], Module version [212116037], PGA version [259730049], Account [Account {name=<<default account>>, type=com.google}], Calling package [com.google.android.gms], Game package [com.google.android.gms] [CONTEXT service_id=1 ]
06-17 14:24:12.748 14232 14232 I DynamiteModule: Considering local module com.google.android.gms.ads.dynamite:0 and remote module com.google.android.gms.ads.dynamite:211512000
06-17 14:24:12.748 14232 14232 I DynamiteModule: Selected remote version of com.google.android.gms.ads.dynamite, version >= 211512000
06-17 14:24:12.774 14232 14232 I Ads     : Use RequestConfiguration.Builder().setTestDeviceIds(Arrays.asList("BBCBDF649392B5A87D28DB76BA8A8311")) to get test ads on this device.
06-17 14:24:12.789   617 14589 E ResolverController: No valid NAT64 prefix (100, <unspecified>/0)
06-17 14:24:12.874 14232 14592 I DynamiteModule: Considering local module com.google.android.gms.ads.dynamite:0 and remote module com.google.android.gms.ads.dynamite:211512000
06-17 14:24:12.874 14232 14592 I DynamiteModule: Selected remote version of com.google.android.gms.ads.dynamite, version >= 211512000
06-17 14:24:12.884 14232 14592 W Parcel  : **** enforceInterface() expected 'com.google.android.gms.ads.clearcut.IClearcut' but read 'com.google.android.gms.gass.internal.clearcut.IClearcut'
06-17 14:24:12.918 14232 14232 I DynamiteModule: Considering local module com.google.android.gms.ads.dynamite:0 and remote module com.google.android.gms.ads.dynamite:211512000
06-17 14:24:12.918 14232 14232 I DynamiteModule: Selected remote version of com.google.android.gms.ads.dynamite, version >= 211512000
06-17 14:24:13.001 14232 14627 I DynamiteModule: Considering local module com.google.android.gms.ads.dynamite:0 and remote module com.google.android.gms.ads.dynamite:211512000
06-17 14:24:13.001 14232 14627 I DynamiteModule: Selected remote version of com.google.android.gms.ads.dynamite, version >= 211512000
06-17 14:24:13.012 14232 14627 W Parcel  : **** enforceInterface() expected 'com.google.android.gms.ads.clearcut.IClearcut' but read 'com.google.android.gms.gass.internal.clearcut.IClearcut'
06-17 14:24:13.045 14232 14306 I Unity   : AsyncDownloadF4AConfig url: 
06-17 14:24:13.045 14232 14306 I Unity   : com.F4A.MobileThird.<AsyncDownloadF4AConfig>d__76:MoveNext()
06-17 14:24:13.045 14232 14306 I Unity   : UnityEngine.SetupCoroutine:InvokeMoveNext(IEnumerator, IntPtr)
06-17 14:24:13.045 14232 14306 I Unity   :  
06-17 14:24:13.045 14232 14306 I Unity   : (Filename: ./Runtime/Export/Debug/Debug.bindings.h Line: 39)
06-17 14:24:13.045 14232 14306 I Unity   : 
06-17 14:24:13.050 14232 14581 W Ads     : Update ad debug logging enablement as false
06-17 14:24:13.092 14232 14306 I Unity   : UnityIAP Version: 3.0.1
06-17 14:24:13.092 14232 14306 I Unity   : UnityEngine.Purchasing.StandardPurchasingModule:Instance(AppStore)
06-17 14:24:13.092 14232 14306 I Unity   : com.F4A.MobileThird.IAPManager:InitializePurchasing()
06-17 14:24:13.092 14232 14306 I Unity   : System.Action`1:Invoke(T)
06-17 14:24:13.092 14232 14306 I Unity   : com.F4A.MobileThird.<AsyncGetDataFromUrl>d__46:MoveNext()
06-17 14:24:13.092 14232 14306 I Unity   : UnityEngine.SetupCoroutine:InvokeMoveNext(IEnumerator, IntPtr)
06-17 14:24:13.092 14232 14306 I Unity   : System.Action`2:Invoke(T1, T2)
06-17 14:24:13.092 14232 14306 I Unity   : com.F4A.MobileThird.F4ACoreManager:<AsyncDownloadF4AConfig>b__76_0(String)
06-17 14:24:13.092 14232 14306 I Unity   : System.Action`1:Invoke(T)
06-17 14:24:13.092 14232 14306 I Unity   : com.F4A.MobileThird.<AsyncGetDataFromUrl>d__46:MoveNext()
06-17 14:24:13.092 14232 14306 I Unity   : UnityEngine.SetupCoroutine:InvokeMoveNext(IEnumerator, IntPtr)
06-17 14:24:13.092 14232 14306 I Unity   : com.F4A.MobileThird.<AsyncDownloadF4AConfig>d__76:MoveNext()
06-17 14:24:13.092 14232 14306 I Unity   : UnityEngine.SetupCoroutine:InvokeMoveNext(IEnumerator, IntPtr)
06-17 14:24:13.092 14232 14306 I Unity   :  
06-17 14:24:13.092 14232 14306 I Unity   : (Filename: ./Runtime/Export/Debug/Debug.bindings.h Line: 39)
06-17 14:24:13.092 14232 14306 I Unity   : 
06-17 14:24:13.124   617 14638 E ResolverController: No valid NAT64 prefix (100, <unspecified>/0)
06-17 14:24:13.162 11488 11513 I Finsky  : [957] gxa.a(14): co.imba.archero: Account determined from installer data - [ZnXZiU9v94kYTcPPdd3_VCOObWavsD0tXXfnU-wkrF8]
06-17 14:24:13.177 11488 11513 I Finsky  : [957] gxa.a(65): Billing preferred account via installer for co.imba.archero: [ZnXZiU9v94kYTcPPdd3_VCOObWavsD0tXXfnU-wkrF8]
06-17 14:24:13.199 11488 12656 I Finsky  : [1023] gxa.a(14): co.imba.archero: Account determined from installer data - [ZnXZiU9v94kYTcPPdd3_VCOObWavsD0tXXfnU-wkrF8]
06-17 14:24:13.200 11488 12656 I Finsky  : [1023] gxa.a(65): Billing preferred account via installer for co.imba.archero: [ZnXZiU9v94kYTcPPdd3_VCOObWavsD0tXXfnU-wkrF8]
06-17 14:24:13.243 14633 14633 W pool-50-thread-: type=1400 audit(0.0:29): avc: granted { execute } for path="/data/data/co.imba.archero/app_pccache/5/0C467F13987B6B8457A5B0742D326D297F7B96EF/pcam.jar" dev="sda35" ino=706002 scontext=u:r:untrusted_app:s0:c184,c256,c512,c768 tcontext=u:object_r:app_data_file:s0:c184,c256,c512,c768 tclass=file
06-17 14:24:13.264 11488 11513 I Finsky  : [957] gxa.a(14): co.imba.archero: Account determined from installer data - [ZnXZiU9v94kYTcPPdd3_VCOObWavsD0tXXfnU-wkrF8]
06-17 14:24:13.266 11488 11513 I Finsky  : [957] gxa.a(65): Billing preferred account via installer for co.imba.archero: [ZnXZiU9v94kYTcPPdd3_VCOObWavsD0tXXfnU-wkrF8]
06-17 14:24:13.377 11954 13869 I Finsky:download_service: [998] kek.a(3): Broadcasting <71:RUNNING:22%[22%]>.
06-17 14:24:13.416 11488 11488 I Finsky  : [2] ndt.N(12): Installer: Notifying status update. package=com.teslagamesglobal.survivalist, status=DOWNLOADING
06-17 14:24:13.423 11488 13760 I Finsky  : [1106] nqv.G(2): IQ: Notifying installation update. package=com.teslagamesglobal.survivalist, status=DOWNLOADING
06-17 14:24:13.453 14232 14629 W Ads     : Not retrying to fetch app settings
06-17 14:24:13.621  2174 14649 I Icing   : IndexChimeraService.getServiceInterface callingPackage=com.google.android.gms componentName=null serviceId=30
06-17 14:24:13.632  2174 12462 W Icing   : No valid account for uploading user actions
06-17 14:24:13.698  2174 12462 I Icing   : Usage reports ok 2, Failed Usage reports 0, indexed 0, rejected 0
06-17 14:24:14.051  2174  2174 I WebViewFactory: Loading com.google.android.webview version 91.0.4472.101 (code 447210133)
06-17 14:24:14.206  2174  2174 I cr_LibraryLoader: Loaded native library version number "91.0.4472.101"
06-17 14:24:14.207  2174  2174 I cr_CachingUmaRecorder: Flushed 6 samples from 6 histograms.
06-17 14:24:14.248   617   617 I netd    : tetherGetStats() <2.16ms>
06-17 14:24:14.251   933  1019 I ActivityManager: Start proc 14659:com.google.android.webview:sandboxed_process0:org.chromium.content.app.SandboxedProcessService0:0/u0i2 for  {com.google.android.gms/org.chromium.content.app.SandboxedProcessService0:0}
06-17 14:24:14.262 14659 14659 E ocessService0:: Not starting debugger since process cannot load the jdwp agent.
06-17 14:24:14.288   617   617 I netd    : bandwidthSetGlobalAlert(2097152) <0.15ms>
06-17 14:24:14.313 14659 14659 I cr_ChildProcessService: Creating new ChildProcessService pid=14659
06-17 14:24:14.414  2174 14698 I Adreno  : QUALCOMM build                   : 4a00b69, I4e7e888065
06-17 14:24:14.414  2174 14698 I Adreno  : Build Date                       : 04/09/19
06-17 14:24:14.414  2174 14698 I Adreno  : OpenGL ES Shader Compiler Version: EV031.26.06.00
06-17 14:24:14.414  2174 14698 I Adreno  : Local Branch                     : mybranche95ae4c8-d77f-f18d-a9ef-1458d0b52ae8
06-17 14:24:14.414  2174 14698 I Adreno  : Remote Branch                    : quic/gfx-adreno.lnx.1.0
06-17 14:24:14.414  2174 14698 I Adreno  : Remote Branch                    : NONE
06-17 14:24:14.414  2174 14698 I Adreno  : Reconstruct Branch               : NOTHING
06-17 14:24:14.414  2174 14698 I Adreno  : Build Config                     : S L 8.0.5 AArch64
06-17 14:24:14.423 14659 14688 I cr_LibraryLoader: Loaded native library version number "91.0.4472.101"
06-17 14:24:14.424 14659 14688 I cr_CachingUmaRecorder: Flushed 1 samples from 1 histograms.
06-17 14:24:14.439  2174 14698 I Adreno  : PFP: 0x005ff110, ME: 0x005ff066
06-17 14:24:14.467 14659 14688 W SystemServiceRegistry: No service published for: uimode
06-17 14:24:15.422 11408 11715 I WorkerManager: dispose()
06-17 14:24:15.424 11408 11715 W A       : Queue length for executor EventBus is now 11. Perhaps some tasks are too long, or the pool is too small.
06-17 14:24:15.433 13333 14713 E SQLiteDatabase: Error inserting timezone=America/Los_Angeles timestamp_millis=1623965034000 battery_level=89 battery_saver=2 charge_type=2 place_key=null
06-17 14:24:15.433 13333 14713 E SQLiteDatabase: android.database.sqlite.SQLiteConstraintException: UNIQUE constraint failed: battery_event.timestamp_millis (code 1555 SQLITE_CONSTRAINT_PRIMARYKEY)
06-17 14:24:15.433 13333 14713 E SQLiteDatabase: 	at android.database.sqlite.SQLiteConnection.nativeExecuteForLastInsertedRowId(Native Method)
06-17 14:24:15.433 13333 14713 E SQLiteDatabase: 	at android.database.sqlite.SQLiteConnection.executeForLastInsertedRowId(SQLiteConnection.java:879)
06-17 14:24:15.433 13333 14713 E SQLiteDatabase: 	at android.database.sqlite.SQLiteSession.executeForLastInsertedRowId(SQLiteSession.java:790)
06-17 14:24:15.433 13333 14713 E SQLiteDatabase: 	at android.database.sqlite.SQLiteStatement.executeInsert(SQLiteStatement.java:88)
06-17 14:24:15.433 13333 14713 E SQLiteDatabase: 	at android.database.sqlite.SQLiteDatabase.insertWithOnConflict(SQLiteDatabase.java:1599)
06-17 14:24:15.433 13333 14713 E SQLiteDatabase: 	at android.database.sqlite.SQLiteDatabase.insert(SQLiteDatabase.java:1468)
06-17 14:24:15.433 13333 14713 E SQLiteDatabase: 	at abp.g(PG:10)
06-17 14:24:15.433 13333 14713 E SQLiteDatabase: 	at com.google.android.apps.turbo.nudges.broadcasts.BatteryHistoryLoggerJobService.f(PG:24)
06-17 14:24:15.433 13333 14713 E SQLiteDatabase: 	at com.google.android.apps.turbo.nudges.broadcasts.BatteryHistoryLoggerJobService.b(PG:21)
06-17 14:24:15.433 13333 14713 E SQLiteDatabase: 	at abo.run(Unknown Source:3)
06-17 14:24:15.433 13333 14713 E SQLiteDatabase: 	at java.util.concurrent.Executors$RunnableAdapter.call(Executors.java:462)
06-17 14:24:15.433 13333 14713 E SQLiteDatabase: 	at java.util.concurrent.FutureTask.run(FutureTask.java:266)
06-17 14:24:15.433 13333 14713 E SQLiteDatabase: 	at java.util.concurrent.ThreadPoolExecutor.runWorker(ThreadPoolExecutor.java:1167)
06-17 14:24:15.433 13333 14713 E SQLiteDatabase: 	at java.util.concurrent.ThreadPoolExecutor$Worker.run(ThreadPoolExecutor.java:641)
06-17 14:24:15.433 13333 14713 E SQLiteDatabase: 	at java.lang.Thread.run(Thread.java:919)
06-17 14:24:15.502 11954 13869 I Finsky:download_service: [998] kek.a(3): Broadcasting <71:RUNNING:22%[22%]>.
06-17 14:24:15.511 11488 11488 I Finsky  : [2] ndt.N(12): Installer: Notifying status update. package=com.teslagamesglobal.survivalist, status=DOWNLOADING
06-17 14:24:15.526 11488 13760 I Finsky  : [1106] nqv.G(2): IQ: Notifying installation update. package=com.teslagamesglobal.survivalist, status=DOWNLOADING
06-17 14:24:15.708 11488 11513 I Finsky  : [957] gxa.a(14): co.imba.archero: Account determined from installer data - [ZnXZiU9v94kYTcPPdd3_VCOObWavsD0tXXfnU-wkrF8]
06-17 14:24:15.709 11488 11513 I Finsky  : [957] gxa.a(65): Billing preferred account via installer for co.imba.archero: [ZnXZiU9v94kYTcPPdd3_VCOObWavsD0tXXfnU-wkrF8]
06-17 14:24:15.732   617 14714 E ResolverController: No valid NAT64 prefix (100, <unspecified>/0)
06-17 14:24:15.957  2053 10664 E NetworkScheduler.ATC: Called cancelTask for already completed task com.google.android.gms/.measurement.PackageMeasurementTaskService{u=0 tag="Measurement.PackageMeasurementTaskService.UPLOAD_TASK_TAG" trigger=window{start=0s,end=2s,earliest=-268s,latest=-266s} requirements=[NET_CONNECTED] attributes=[PERSISTED] scheduled=-268s last_run=-75s exec_window_multiplier=1.0000 jid=N/A status=ACTIVE retries=0 client_lib=GMS_TASK_SCHEDULER-212116000} :1 [CONTEXT service_id=218 ]
06-17 14:24:16.026 11488 11513 I Finsky  : [957] gxa.a(14): co.imba.archero: Account determined from installer data - [ZnXZiU9v94kYTcPPdd3_VCOObWavsD0tXXfnU-wkrF8]
06-17 14:24:16.028 11488 11513 I Finsky  : [957] gxa.a(65): Billing preferred account via installer for co.imba.archero: [ZnXZiU9v94kYTcPPdd3_VCOObWavsD0tXXfnU-wkrF8]
06-17 14:24:16.060   667   914 I nanohub : osLog: [AR_CHRE] still: 100
06-17 14:24:16.255  2053 14199 E NetworkScheduler.ATC: Called cancelTask for already completed task com.google.android.gms/.measurement.PackageMeasurementTaskService{u=0 tag="Measurement.PackageMeasurementTaskService.UPLOAD_TASK_TAG" trigger=window{start=0s,end=2s,earliest=-269s,latest=-267s} requirements=[NET_CONNECTED] attributes=[PERSISTED] scheduled=-269s last_run=-76s exec_window_multiplier=1.0000 jid=N/A status=ACTIVE retries=0 client_lib=GMS_TASK_SCHEDULER-212116000} :1 [CONTEXT service_id=218 ]
06-17 14:24:16.304 11488 11513 I Finsky  : [957] gxa.a(14): co.imba.archero: Account determined from installer data - [ZnXZiU9v94kYTcPPdd3_VCOObWavsD0tXXfnU-wkrF8]
06-17 14:24:16.305 11488 11513 I Finsky  : [957] gxa.a(65): Billing preferred account via installer for co.imba.archero: [ZnXZiU9v94kYTcPPdd3_VCOObWavsD0tXXfnU-wkrF8]
06-17 14:24:16.314  2053 14199 E NetworkScheduler.ATC: Called cancelTask for already completed task com.google.android.gms/.measurement.PackageMeasurementTaskService{u=0 tag="Measurement.PackageMeasurementTaskService.UPLOAD_TASK_TAG" trigger=window{start=0s,end=2s,earliest=-269s,latest=-267s} requirements=[NET_CONNECTED] attributes=[PERSISTED] scheduled=-269s last_run=-76s exec_window_multiplier=1.0000 jid=N/A status=ACTIVE retries=0 client_lib=GMS_TASK_SCHEDULER-212116000} :1 [CONTEXT service_id=218 ]
06-17 14:24:16.498 11488 11513 I Finsky  : [957] gxa.a(14): co.imba.archero: Account determined from installer data - [ZnXZiU9v94kYTcPPdd3_VCOObWavsD0tXXfnU-wkrF8]
06-17 14:24:16.499 11488 11513 I Finsky  : [957] gxa.a(65): Billing preferred account via installer for co.imba.archero: [ZnXZiU9v94kYTcPPdd3_VCOObWavsD0tXXfnU-wkrF8]
06-17 14:24:16.774 11488 11513 I Finsky  : [957] gxa.a(14): co.imba.archero: Account determined from installer data - [ZnXZiU9v94kYTcPPdd3_VCOObWavsD0tXXfnU-wkrF8]
06-17 14:24:16.776 11488 11513 I Finsky  : [957] gxa.a(65): Billing preferred account via installer for co.imba.archero: [ZnXZiU9v94kYTcPPdd3_VCOObWavsD0tXXfnU-wkrF8]
06-17 14:24:16.786 11488 11513 I Finsky  : [957] gxa.a(14): co.imba.archero: Account determined from installer data - [ZnXZiU9v94kYTcPPdd3_VCOObWavsD0tXXfnU-wkrF8]
06-17 14:24:16.787 11488 11513 I Finsky  : [957] gxa.a(65): Billing preferred account via installer for co.imba.archero: [ZnXZiU9v94kYTcPPdd3_VCOObWavsD0tXXfnU-wkrF8]
06-17 14:24:16.872  2174  3915 I Ads     : SDK version: afma-sdk-a-v211512999.210402000.1
06-17 14:24:16.874  2174  3915 I Ads     : HTTP timeout: 60000 milliseconds.
06-17 14:24:16.878   617 14722 E ResolverController: No valid NAT64 prefix (100, <unspecified>/0)
06-17 14:24:16.901  2174 14585 I GetGamesServiceV1Op: Successfully connected. Game [co.imba.archero], Account [Account {name=gchew@n3twork.com, type=com.google}], Account Resolution Requested [1], Overdrive [disabled] [CONTEXT service_id=1 ]
06-17 14:24:17.036   617 14726 E ResolverController: No valid NAT64 prefix (100, <unspecified>/0)
06-17 14:24:17.113  2053  2343 W Conscrypt: Could not set socket write timeout: java.net.SocketException: Socket closed
06-17 14:24:17.117  2053  2343 W Conscrypt: 	at com.google.android.gms.org.conscrypt.Platform.setSocketWriteTimeout(:com.google.android.gms@212116037@21.21.16 (120400-378233385):2)
06-17 14:24:17.117  2053  2343 W Conscrypt: 	at com.google.android.gms.org.conscrypt.ConscryptFileDescriptorSocket.setSoWriteTimeout(:com.google.android.gms@212116037@21.21.16 (120400-378233385):0)
06-17 14:24:17.155   617   617 I netd    : tetherGetStats() <2.60ms>
06-17 14:24:17.183   933  1019 I ActivityManager: Start proc 14727:com.android.chrome/u0a137 for service {com.android.chrome/org.chromium.chrome.browser.customtabs.CustomTabsConnectionService}
06-17 14:24:17.199   617   617 I netd    : bandwidthSetGlobalAlert(2097152) <0.28ms>
06-17 14:24:17.205 14727 14727 E .android.chrom: Not starting debugger since process cannot load the jdwp agent.
06-17 14:24:17.222  2053  2343 W Conscrypt: Could not set socket write timeout: java.net.SocketException: Socket closed
06-17 14:24:17.222  2053  2343 W Conscrypt: 	at com.google.android.gms.org.conscrypt.Platform.setSocketWriteTimeout(:com.google.android.gms@212116037@21.21.16 (120400-378233385):2)
06-17 14:24:17.223  2053  2343 W Conscrypt: 	at com.google.android.gms.org.conscrypt.ConscryptFileDescriptorSocket.setSoWriteTimeout(:com.google.android.gms@212116037@21.21.16 (120400-378233385):0)
06-17 14:24:17.226   933  2425 I ActivityManager: Killing 12963:com.android.shell/2000 (adj 975): empty #17
06-17 14:24:17.261   628   628 I Zygote  : Process 12963 exited due to signal 9 (Killed)
06-17 14:24:17.275   933  1020 I libprocessgroup: Successfully killed process cgroup uid 2000 pid 12963 in 45ms
06-17 14:24:17.316 14727 14727 W .android.chrom: JIT profile information will not be recorded: profile file does not exits.
