06-17 14:16:58.613   933  1019 W ActivityManager: Slow operation: 288ms so far, now at startProcess: starting to update pids map
06-17 14:16:58.613   933  1019 W ActivityManager: Slow operation: 288ms so far, now at startProcess: done updating pids map
06-17 14:16:58.613   933  1019 W ActivityManager: Slow operation: 284ms so far, now at startProcess: asking zygote to start proc
06-17 14:16:58.661   933  1019 W ActivityManager: Slow operation: 332ms so far, now at startProcess: returned from zygote!
06-17 14:16:58.662   933  1019 W ActivityManager: Slow operation: 332ms so far, now at startProcess: done updating battery stats
06-17 14:16:58.662   933  1019 W ActivityManager: Slow operation: 332ms so far, now at startProcess: building log message
06-17 14:16:58.662   933  1019 I ActivityManager: Start proc 2459:com.google.SSRestartDetector/1000 for added application com.google.SSRestartDetector
06-17 14:16:58.662   933  1019 W ActivityManager: Slow operation: 332ms so far, now at startProcess: starting to update pids map
06-17 14:16:58.663   933  1019 W ActivityManager: Slow operation: 333ms so far, now at startProcess: done updating pids map
06-17 14:16:58.663   933  1019 W ActivityManager: Slow operation: 101ms so far, now at startProcess: asking zygote to start proc
06-17 14:16:58.716   933  1019 W ActivityManager: Slow operation: 154ms so far, now at startProcess: returned from zygote!
06-17 14:16:58.803   933  2097 W ActivityManager: Slow operation: 90ms so far, now at attachApplicationLocked: before bindApplication
06-17 14:16:58.806   933  2097 W ActivityManager: Slow operation: 93ms so far, now at attachApplicationLocked: immediately before bindApplication
06-17 14:16:58.807   933  2097 W ActivityManager: Slow operation: 94ms so far, now at attachApplicationLocked: immediately after bindApplication
06-17 14:16:58.807   933  2097 W ActivityManager: Slow operation: 94ms so far, now at attachApplicationLocked: after updateLruProcessLocked
06-17 14:16:58.808   933  2097 W ActivityManager: Slow operation: 96ms so far, now at attachApplicationLocked: after mServices.attachApplicationLocked
06-17 14:16:58.810   933  2097 W ActivityManager: Slow operation: 97ms so far, now at attachApplicationLocked: after updateOomAdjLocked
06-17 14:16:58.810   933  1019 W ActivityManager: Slow operation: 248ms so far, now at startProcess: done updating battery stats
06-17 14:16:58.816   933  1019 W ActivityManager: Slow operation: 254ms so far, now at startProcess: building log message
06-17 14:16:58.816   933  1019 I ActivityManager: Start proc 2475:com.google.android.googlequicksearchbox:search/u0a114 for service {com.google.android.googlequicksearchbox/com.google.android.apps.gsa.staticplugins.mediabrowser.PodcastsMediaBrowserService}
06-17 14:16:58.816   933  1019 W ActivityManager: Slow operation: 254ms so far, now at startProcess: starting to update pids map
06-17 14:16:58.817   933  1019 W ActivityManager: Slow operation: 255ms so far, now at startProcess: done updating pids map
06-17 14:16:58.817   933  1019 W ActivityManager: Slow operation: 243ms so far, now at startProcess: asking zygote to start proc
06-17 14:16:58.895   933  2425 W BroadcastQueue: Background execution not allowed: receiving Intent { act=android.bluetooth.adapter.action.STATE_CHANGED flg=0x4000010 (has extras) } to com.google.android.gms/.chimera.GmsIntentOperationService$PersistentTrustedReceiver
06-17 14:16:58.919   933  1019 W ActivityManager: Slow operation: 345ms so far, now at startProcess: returned from zygote!
06-17 14:16:58.919   933  1019 W ActivityManager: Slow operation: 345ms so far, now at startProcess: done updating battery stats
06-17 14:16:58.919   933  1019 W ActivityManager: Slow operation: 346ms so far, now at startProcess: building log message
06-17 14:16:58.919   933  1019 I ActivityManager: Start proc 2522:com.google.android.projection.gearhead:shared/u0a104 for service {com.google.android.projection.gearhead/com.google.android.gearhead.notifications.SharedNotificationListenerManager$ListenerService}
06-17 14:16:58.919   933  1019 W ActivityManager: Slow operation: 346ms so far, now at startProcess: starting to update pids map
06-17 14:16:58.919   933  1019 W ActivityManager: Slow operation: 346ms so far, now at startProcess: done updating pids map
06-17 14:16:58.919   933  1019 W ActivityManager: Slow operation: 344ms so far, now at startProcess: asking zygote to start proc
06-17 14:16:58.926   933  2086 W BroadcastQueue: Background execution not allowed: receiving Intent { act=android.bluetooth.adapter.action.STATE_CHANGED flg=0x4000010 (has extras) } to com.google.android.gms/.chimera.GmsIntentOperationService$PersistentTrustedReceiver
06-17 14:16:58.996   933  1019 W ActivityManager: Slow operation: 421ms so far, now at startProcess: returned from zygote!
06-17 14:16:58.996   933  1019 W ActivityManager: Slow operation: 421ms so far, now at startProcess: done updating battery stats
06-17 14:16:59.046   933  1011 W ActivityTaskManager: Activity top resumed state loss timeout for ActivityRecord{2fdc018 u0 com.google.android.apps.nexuslauncher/.NexusLauncherActivity t2}
06-17 14:16:59.084   933  1011 W ActivityTaskManager: Activity pause timeout for ActivityRecord{2fdc018 u0 com.google.android.apps.nexuslauncher/.NexusLauncherActivity t2}
06-17 14:16:59.085   933  1019 W ActivityManager: Slow operation: 421ms so far, now at startProcess: building log message
06-17 14:16:59.085   933  1019 I ActivityManager: Start proc 2545:com.google.android.youtube/u0a161 for service {com.google.android.youtube/com.google.android.apps.youtube.app.extensions.mediabrowser.impl.MainAppMediaBrowserService}
06-17 14:16:59.085   933  1019 W ActivityManager: Slow operation: 509ms so far, now at startProcess: starting to update pids map
06-17 14:16:59.088   933  1019 W ActivityManager: Slow operation: 512ms so far, now at startProcess: done updating pids map
06-17 14:16:59.088   933  1019 W ActivityManager: Slow operation: 486ms so far, now at startProcess: asking zygote to start proc
06-17 14:16:59.097   933  1330 I SyncManager: Loaded persisted syncs: 10 periodic syncs, 0 oneshot syncs, 23 total system server jobs, JobStats: FirstLoad: 103/12/10 LastSave: -1/-1/-1
06-17 14:16:59.133   933  1019 W ActivityManager: Slow operation: 532ms so far, now at startProcess: returned from zygote!
06-17 14:16:59.166   933  1019 W ActivityManager: Slow operation: 558ms so far, now at startProcess: done updating battery stats
06-17 14:16:59.168   933  1019 W ActivityManager: Slow operation: 566ms so far, now at startProcess: building log message
06-17 14:16:59.168   933  1019 I ActivityManager: Start proc 2567:com.google.android.as/u0a101 for service {com.google.android.as/com.google.android.apps.miphone.aiai.common.notification.service.AiAiNotificationListenerService}
06-17 14:16:59.168   933  1019 W ActivityManager: Slow operation: 566ms so far, now at startProcess: starting to update pids map
06-17 14:16:59.168   933  1019 W ActivityManager: Slow operation: 566ms so far, now at startProcess: done updating pids map
06-17 14:16:59.235   933  1008 I AppWidgetServiceImpl: Processing of handleUserUnlocked u0 took 855 ms
06-17 14:16:59.236   933  1008 W Looper  : Slow dispatch took 855ms android.fg h=android.os.Handler c=com.android.server.am.-$$Lambda$UserController$Injector$MYTLl7MOQKjyMJknWdxPeBLoPCc@a2c14eb m=0
06-17 14:16:59.308   933   933 W Looper  : Slow dispatch took 705ms main h=android.app.ActivityThread$H c=android.app.-$$Lambda$LoadedApk$ReceiverDispatcher$Args$_BumDX2UKsnxLVrE6UJsJZkotuA@61b153e m=0
06-17 14:16:59.309   933   933 W Looper  : Slow delivery took 877ms main h=com.android.server.power.Notifier$NotifierHandler c=null m=1
06-17 14:16:59.329   933  1008 W Looper  : Slow delivery took 855ms android.fg h=android.os.Handler c=com.android.server.am.-$$Lambda$UserController$I0p0bKjuvsSPLZB71mKQFfdUjZ4@b09b4b5 m=0
06-17 14:16:59.359   933  1019 W ActivityManager: Slow operation: 52ms so far, now at startProcess: returned from zygote!
06-17 14:16:59.379   933  1019 W ActivityManager: Slow operation: 71ms so far, now at startProcess: done updating battery stats
06-17 14:16:59.379   933  1019 W ActivityManager: Slow operation: 71ms so far, now at startProcess: building log message
06-17 14:16:59.379   933  1019 I ActivityManager: Start proc 2592:com.google.android.apps.cloudprint:sync/u0a167 for service {com.google.android.apps.cloudprint/com.google.android.apps.cloudprint.printdialog.services.CloudPrintSyncService}
06-17 14:16:59.379   933  1019 W ActivityManager: Slow operation: 71ms so far, now at startProcess: starting to update pids map
06-17 14:16:59.379   933  1019 W ActivityManager: Slow operation: 71ms so far, now at startProcess: done updating pids map
06-17 14:16:59.536   933   933 W Looper  : Slow dispatch took 169ms main h=android.app.ActivityThread$H c=null m=122
06-17 14:16:59.537   933  1008 W Looper  : Slow dispatch took 157ms android.fg h=android.os.Handler c=android.app.-$$Lambda$LoadedApk$ReceiverDispatcher$Args$_BumDX2UKsnxLVrE6UJsJZkotuA@dad8e9b m=0
06-17 14:16:59.559   933   933 W Looper  : Drained
06-17 14:16:59.564   933  1008 W Looper  : Drained
06-17 14:17:00.077   933  1245 I BackupManagerService: Backup enabled => false
06-17 14:17:00.831   755   755 W wificond: Scan is not started. Ignore abort request
06-17 14:17:01.175   933  1019 I ActivityManager: Start proc 2786:com.google.android.projection.gearhead:car/u0a104 for service {com.google.android.projection.gearhead/com.google.android.apps.auto.carservice.service.impl.GearheadCarStartupService}
06-17 14:17:01.401   933  1228 E ConnectivityService: Exception adding interface: java.lang.IllegalStateException: android.os.ServiceSpecificException: Machine is not on the network (code 64)
06-17 14:17:01.573   933  1228 E ConnectivityService: Exception in addRoute for non-gateway: java.lang.IllegalStateException: android.os.ServiceSpecificException: Machine is not on the network (code 64)
06-17 14:17:01.575   933  1019 I ActivityManager: Start proc 2873:com.android.printspooler/u0a80 for service {com.android.printspooler/com.android.printspooler.model.PrintSpoolerService}
06-17 14:17:01.575   933  1228 E ConnectivityService: Exception in addRoute for gateway: java.lang.IllegalStateException: android.os.ServiceSpecificException: Machine is not on the network (code 64)
06-17 14:17:01.577   933  1228 E DnsManager: Error setting DNS configuration: android.os.ServiceSpecificException: Machine is not on the network (code 64)
06-17 14:17:01.648   933  1228 E DnsManager: Error setting DNS configuration: android.os.ServiceSpecificException: Machine is not on the network (code 64)
06-17 14:17:01.749   933  1228 W DnsManager: updatePrivateDns(100, PrivateDnsConfig{true:/[]})
06-17 14:17:02.093   933  1019 I ActivityManager: Start proc 2939:com.android.keychain/1000 for service {com.android.keychain/com.android.keychain.KeyChainService}
06-17 14:17:02.170   933  1019 I ActivityManager: Start proc 2965:com.google.process.gapps/u0a115 for content provider {com.google.android.gsf/com.google.android.gsf.settings.GoogleSettingsProvider}
06-17 14:17:02.528   933  1019 W ActivityManager: Slow operation: 66ms so far, now at startProcess: returned from zygote!
06-17 14:17:02.528   933  1019 W ActivityManager: Slow operation: 66ms so far, now at startProcess: done updating battery stats
06-17 14:17:02.528   933  1019 W ActivityManager: Slow operation: 66ms so far, now at startProcess: building log message
06-17 14:17:02.529   933  1019 I ActivityManager: Start proc 3006:com.android.localtransport/1000 for service {com.android.localtransport/com.android.localtransport.LocalTransportService}
06-17 14:17:02.529   933  1019 W ActivityManager: Slow operation: 66ms so far, now at startProcess: starting to update pids map
06-17 14:17:02.530   933  1019 W ActivityManager: Slow operation: 67ms so far, now at startProcess: done updating pids map
06-17 14:17:02.733   933  1019 I ActivityManager: Start proc 3037:com.google.android.marvin.talkback/u0a169 for broadcast {com.google.android.marvin.talkback/com.google.android.accessibility.talkback.BootReceiver}
06-17 14:17:02.832   933   933 I TransportClient: LocalTransportService#0: Notifying [TransportManager.registerTransport()] transport = IBackupTransport
06-17 14:17:03.156   933  1019 I ActivityManager: Start proc 3075:com.google.android.play.games/u0a182 for service {com.google.android.play.games/com.google.android.libraries.notifications.entrypoints.scheduled.ScheduledTaskService}
06-17 14:17:03.374   933  1019 I ActivityManager: Start proc 3097:com.google.android.deskclock/u0a155 for broadcast {com.google.android.deskclock/com.android.deskclock.AlarmInitReceiver}
06-17 14:17:03.470   933  1019 W ActivityManager: Slow operation: 123ms so far, now at startProcess: returned from zygote!
06-17 14:17:03.470   933  1019 W ActivityManager: Slow operation: 123ms so far, now at startProcess: done updating battery stats
06-17 14:17:03.470   933  1019 W ActivityManager: Slow operation: 124ms so far, now at startProcess: building log message
06-17 14:17:03.470   933  1019 I ActivityManager: Start proc 3117:com.google.android.keep/u0a175 for service {com.google.android.keep/com.google.android.libraries.notifications.entrypoints.scheduled.ScheduledTaskService}
06-17 14:17:03.470   933  1019 W ActivityManager: Slow operation: 124ms so far, now at startProcess: starting to update pids map
06-17 14:17:03.470   933  1019 W ActivityManager: Slow operation: 124ms so far, now at startProcess: done updating pids map
06-17 14:17:03.470   933  1019 W ActivityManager: Slow operation: 120ms so far, now at startProcess: asking zygote to start proc
06-17 14:17:03.575   933  1019 W ActivityManager: Slow operation: 224ms so far, now at startProcess: returned from zygote!
06-17 14:17:03.575   933  1019 W ActivityManager: Slow operation: 224ms so far, now at startProcess: done updating battery stats
06-17 14:17:03.575   933  1019 W ActivityManager: Slow operation: 225ms so far, now at startProcess: building log message
06-17 14:17:03.575   933  1019 I ActivityManager: Start proc 3138:com.google.android.apps.walletnfcrel/u0a170 for service {com.google.android.apps.walletnfcrel/com.google.android.libraries.notifications.entrypoints.scheduled.ScheduledTaskService}
06-17 14:17:03.575   933  1019 W ActivityManager: Slow operation: 225ms so far, now at startProcess: starting to update pids map
06-17 14:17:03.575   933  1019 W ActivityManager: Slow operation: 225ms so far, now at startProcess: done updating pids map
06-17 14:17:04.191   933  1019 I ActivityManager: Start proc 3187:com.google.android.apps.docs/u0a164 for service {com.google.android.apps.docs/com.google.android.libraries.notifications.entrypoints.scheduled.ScheduledTaskService}
06-17 14:17:04.301   933  1019 I ActivityManager: Start proc 3209:com.google.android.gm/u0a151 for service {com.google.android.gm/com.google.android.libraries.notifications.entrypoints.scheduled.ScheduledTaskService}
06-17 14:17:04.931   933  1019 I ActivityManager: Start proc 3285:com.google.android.calendar/u0a146 for service {com.google.android.calendar/com.google.android.libraries.notifications.entrypoints.scheduled.ScheduledTaskService}
06-17 14:17:05.184   933  1018 W BroadcastQueue: Background execution not allowed: receiving Intent { act=com.google.android.systemui.OPA_ENABLED flg=0x10000010 (has extras) } to com.google.android.apps.nexuslauncher/.qsb.OPAStatusReceiver
06-17 14:17:05.804   933  1019 I ActivityManager: Start proc 3409:com.google.android.apps.maps/u0a138 for service {com.google.android.apps.maps/com.google.android.apps.gmm.cloudmessage.chime.GmmChimeTaskService}
06-17 14:17:06.082   933  1019 I ActivityManager: Start proc 3465:com.android.providers.calendar/u0a48 for content provider {com.android.providers.calendar/com.android.providers.calendar.CalendarProvider2}
06-17 14:17:06.234   933  1019 I ActivityManager: Start proc 3494:android.process.media/u0a46 for broadcast {com.android.providers.downloads/com.android.providers.downloads.DownloadReceiver}
06-17 14:17:06.292   933  1019 I ActivityManager: Start proc 3501:com.google.android.apps.safetyhub/u0a127 for service {com.google.android.apps.safetyhub/com.google.android.libraries.notifications.entrypoints.scheduled.ScheduledTaskService}
06-17 14:17:06.310  2349  2349 W KeyphraseEnrollmentInfo: No enrollment application supports the given keyphrase/locale: 'null'/en_US
06-17 14:17:06.436   933   933 I TransportClient: D2dTransportService#1: Notifying [TransportManager.registerTransport()] transport = IBackupTransport
06-17 14:17:07.071   933  3539 I ActivityManager: Killing 2121:com.google.android.carrier/u0a100 (adj 985): empty #17
06-17 14:17:07.078   933  1019 I ActivityManager: Start proc 3622:com.google.android.apps.tachyon/u0a174 for service {com.google.android.apps.tachyon/com.google.android.apps.tachyon.clientapi.ClientApiService}
06-17 14:17:07.172   933  2623 I ActivityManager: Killing 1702:com.android.settings/1000 (adj 975): empty #17
06-17 14:17:07.173   933  2623 I ActivityManager: Killing 2224:com.google.vr.vrcore/u0a158 (adj 985): empty #18
06-17 14:17:07.676   933  1016 W ProcessCpuTracker: Failed to stat(/proc/2121): android.system.ErrnoException: stat failed: ENOENT (No such file or directory)
06-17 14:17:07.677   933  1016 W ProcessCpuTracker: Skipping unknown process pid 2121
06-17 14:17:07.734   933  2425 I ActivityManager: Killing 1960:com.android.cellbroadcastreceiver/u0a57 (adj 985): empty #17
06-17 14:17:07.988   933   933 I TransportClient: BackupTransportService#2: Notifying [TransportManager.registerTransport()] transport = IBackupTransport
06-17 14:17:08.175   933  1019 I ActivityManager: Start proc 3727:com.android.vending/u0a109 for broadcast {com.android.vending/com.google.android.finsky.simhandler.SimStateReceiver}
06-17 14:17:08.243   933  2348 I BackupManagerService: Found stale backup journal, scheduling
06-17 14:17:08.245   933  2348 I chatty  : uid=1000(system) backup-0 identical 25 lines
06-17 14:17:08.245   933  2348 I BackupManagerService: Found stale backup journal, scheduling
06-17 14:17:08.296   933  1011 W ActivityManager: setHasOverlayUi called on unknown pid: 1702
06-17 14:17:08.327   933  2348 I BackupManagerService: Found stale backup journal, scheduling
06-17 14:17:08.328   933  2348 I chatty  : uid=1000(system) backup-0 identical 7 lines
06-17 14:17:08.328   933  2348 I BackupManagerService: Found stale backup journal, scheduling
06-17 14:17:08.357   933  2348 I BackupManagerService: Found stale backup journal, scheduling
06-17 14:17:08.402   933  2348 I chatty  : uid=1000(system) backup-0 identical 31 lines
06-17 14:17:08.402   933  2348 I BackupManagerService: Found stale backup journal, scheduling
06-17 14:17:08.411   933  3759 I ActivityManager: Killing 2522:com.google.android.projection.gearhead:shared/u0a104 (adj 985): empty #17
06-17 14:17:08.425   933  2348 I BackupManagerService: Found stale backup journal, scheduling
06-17 14:17:08.427   933  2348 I chatty  : uid=1000(system) backup-0 identical 42 lines
06-17 14:17:08.427   933  2348 I BackupManagerService: Found stale backup journal, scheduling
06-17 14:17:08.432   933  1053 I PowerManagerService: Going to sleep due to timeout (uid 1000)...
06-17 14:17:08.433   933   933 W UsageStatsService: Event reported without a package name, eventType:16
06-17 14:17:08.461   933  2348 I BackupManagerService: Found stale backup journal, scheduling
06-17 14:17:08.529   933  2348 I chatty  : uid=1000(system) backup-0 identical 94 lines
06-17 14:17:08.529   933  2348 I BackupManagerService: Found stale backup journal, scheduling
06-17 14:17:08.573  2174  3554 I SystemConfig: Adding association: com.google.android.as <- com.android.providers.contacts
06-17 14:17:08.573  2174  3554 I SystemConfig: Adding association: com.google.android.as <- com.android.providers.media
06-17 14:17:08.573  2174  3554 I SystemConfig: Adding association: com.google.android.as <- com.android.providers.telephony
06-17 14:17:08.573  2174  3554 I SystemConfig: Adding association: com.google.android.as <- com.android.systemui
06-17 14:17:08.573  2174  3554 I SystemConfig: Adding association: com.google.android.as <- com.google.android.gms
06-17 14:17:08.573  2174  3554 I SystemConfig: Adding association: com.google.android.as <- com.google.android.gsf
06-17 14:17:08.640   933  2348 I BackupManagerService: Found stale backup journal, scheduling
06-17 14:17:08.641   933  2348 I chatty  : uid=1000(system) backup-0 identical 11 lines
06-17 14:17:08.641   933  2348 I BackupManagerService: Found stale backup journal, scheduling
06-17 14:17:08.641   933  2348 I BackupManagerService: Found stale backup journal, scheduling
06-17 14:17:08.672   933  2348 I BackupManagerService: Found stale backup journal, scheduling
06-17 14:17:08.673  2174  3554 W SystemConfig: No directory /product_services/etc/sysconfig, skipping
06-17 14:17:08.673  2174  3554 W SystemConfig: No directory /product_services/etc/permissions, skipping
06-17 14:17:08.712   933  2348 I chatty  : uid=1000(system) backup-0 expire 27 lines
06-17 14:17:08.712   933  2348 I BackupManagerService: Found stale backup journal, scheduling
06-17 14:17:08.749  2174  3554 W PackageParser: Unknown element under <manifest>: queries at /data/user_de/0/com.google.android.gms/app_chimera/m/00000036/dl-AdsFdrDynamite.integ_210890500100000.apk Binary XML file line #5
06-17 14:17:08.789   933  2348 I BackupManagerService: Found stale backup journal, scheduling
06-17 14:17:08.885   933  2348 I chatty  : uid=1000(system) backup-0 identical 94 lines
06-17 14:17:08.885   933  2348 I BackupManagerService: Found stale backup journal, scheduling
06-17 14:17:08.917  2174  3554 W PackageParser: Unknown element under <manifest>: queries at /data/user_de/0/com.google.android.gms/app_chimera/m/0000004f/dl-AdsFdrDynamite.integ_211512000100000.apk Binary XML file line #5
06-17 14:17:08.926   933  2348 I BackupManagerService: Found stale backup journal, scheduling
06-17 14:17:09.021   933  2348 I chatty  : uid=1000(system) backup-0 identical 158 lines
06-17 14:17:09.021   933  2348 I BackupManagerService: Found stale backup journal, scheduling
06-17 14:17:09.034  2174  3554 W PackageParser: Unknown element under <manifest>: queries at /data/user_de/0/com.google.android.gms/app_chimera/m/00000066/dl-Payments.integ_211890902100400.apk Binary XML file line #5
06-17 14:17:09.046   933  2348 I BackupManagerService: Found stale backup journal, scheduling
06-17 14:17:09.065   933  2348 I chatty  : uid=1000(system) backup-0 identical 41 lines
06-17 14:17:09.065   933  2348 I BackupManagerService: Found stale backup journal, scheduling
06-17 14:17:09.079   933  1053 I DisplayPowerController: Blocking screen off
06-17 14:17:09.080   933  2348 I BackupManagerService: Found stale backup journal, scheduling
06-17 14:17:09.080   933  1053 I DisplayPowerController: Unblocked screen off after 1 ms
06-17 14:17:09.080   933  2348 I BackupManagerService: Found stale backup journal, scheduling
06-17 14:17:09.081   933  2348 I chatty  : uid=1000(system) backup-0 identical 19 lines
06-17 14:17:09.082   933  2348 I BackupManagerService: Found stale backup journal, scheduling
06-17 14:17:09.093   933  1041 W KernelCpuProcStringReader: File not found. It's normal if not implemented: /proc/uid_concurrent_active_time
06-17 14:17:09.094   933  1041 W KernelCpuProcStringReader: File not found. It's normal if not implemented: /proc/uid_concurrent_policy_time
06-17 14:17:09.110   933  1011 I DisplayManagerService: Display device changed state: "Built-in Screen", OFF
06-17 14:17:09.122   933  1019 I ActivityManager: Start proc 3814:com.google.android.apps.turbo/u0a132 for content provider {com.google.android.apps.turbo/com.google.android.apps.turbo.nudges.battery.provider.EstimatedTimeRemainingProvider}
06-17 14:17:09.143   933  2348 I BackupManagerService: Found stale backup journal, scheduling
06-17 14:17:09.236   933  2348 I chatty  : uid=1000(system) backup-0 identical 123 lines
06-17 14:17:09.236   933  2348 I BackupManagerService: Found stale backup journal, scheduling
06-17 14:17:09.260   933  2348 I BackupManagerService: Found stale backup journal, scheduling
06-17 14:17:09.338   933  2348 I chatty  : uid=1000(system) backup-0 identical 192 lines
06-17 14:17:09.338   933  2348 I BackupManagerService: Found stale backup journal, scheduling
06-17 14:17:09.339   933  1053 I DreamManagerService: Entering dreamland.
06-17 14:17:09.340   933  1053 I PowerManagerService: Dozing...
06-17 14:17:09.342   933  1008 I DreamController: Starting dream: name=ComponentInfo{com.android.systemui/com.android.systemui.doze.DozeService}, isTest=false, canDoze=true, userId=0
06-17 14:17:09.388   933  2348 I BackupManagerService: Found stale backup journal, scheduling
06-17 14:17:09.390   933  2348 I chatty  : uid=1000(system) backup-0 identical 43 lines
06-17 14:17:09.434   933  2348 I BackupManagerService: Found stale backup journal, scheduling
06-17 14:17:09.448  2174  3554 W PackageParser: Unknown element under <manifest>: queries at /data/user_de/0/com.google.android.gms/app_chimera/m/00000036/dl-AdsFdrDynamite.integ_210890500100000.apk Binary XML file line #5
06-17 14:17:09.466   933  2348 I BackupManagerService: Found stale backup journal, scheduling
06-17 14:17:09.495   933  2348 I chatty  : uid=1000(system) backup-0 identical 42 lines
06-17 14:17:09.495   933  2348 I BackupManagerService: Found stale backup journal, scheduling
06-17 14:17:09.507  2174  3554 W PackageParser: Unknown element under <manifest>: queries at /data/user_de/0/com.google.android.gms/app_chimera/m/0000004f/dl-AdsFdrDynamite.integ_211512000100000.apk Binary XML file line #5
06-17 14:17:09.515   933  2348 I BackupManagerService: Found stale backup journal, scheduling
06-17 14:17:09.541   933  2348 I chatty  : uid=1000(system) backup-0 identical 98 lines
06-17 14:17:09.541   933  2348 I BackupManagerService: Found stale backup journal, scheduling
06-17 14:17:09.577  2174  3554 W PackageParser: Unknown element under <manifest>: queries at /data/user_de/0/com.google.android.gms/app_chimera/m/0000003b/dl-Payments.integ_211290904100400.apk Binary XML file line #5
06-17 14:17:09.645   933  2348 I BackupManagerService: Found stale backup journal, scheduling
06-17 14:17:09.786   933  2348 I chatty  : uid=1000(system) backup-0 identical 140 lines
06-17 14:17:09.786   933  2348 I BackupManagerService: Found stale backup journal, scheduling
06-17 14:17:09.800   933  2427 I ActivityManager: Killing 2786:com.google.android.projection.gearhead:car/u0a104 (adj 985): empty #17
06-17 14:17:09.972   933  2348 I BackupManagerService: Found stale backup journal, scheduling
06-17 14:17:10.021   933  2348 I chatty  : uid=1000(system) backup-0 identical 85 lines
06-17 14:17:10.021   933  2348 I BackupManagerService: Found stale backup journal, scheduling
06-17 14:17:10.041  2174  3554 W PackageParser: Unknown element under <manifest>: queries at /data/user_de/0/com.google.android.gms/app_chimera/m/00000036/dl-AdsFdrDynamite.integ_210890500100000.apk Binary XML file line #5
06-17 14:17:10.076   933  2348 I BackupManagerService: Found stale backup journal, scheduling
06-17 14:17:10.091   933  2348 I chatty  : uid=1000(system) backup-0 identical 24 lines
06-17 14:17:10.091   933  2348 I BackupManagerService: Found stale backup journal, scheduling
06-17 14:17:10.100  2174  3554 W PackageParser: Unknown element under <manifest>: queries at /data/user_de/0/com.google.android.gms/app_chimera/m/0000004f/dl-AdsFdrDynamite.integ_211512000100000.apk Binary XML file line #5
06-17 14:17:10.108   933  2348 I BackupManagerService: Found stale backup journal, scheduling
06-17 14:17:10.186   933  2348 I chatty  : uid=1000(system) backup-0 identical 123 lines
06-17 14:17:10.186   933  2348 I BackupManagerService: Found stale backup journal, scheduling
06-17 14:17:10.205   933  2427 I ActivityManager: Killing 2545:com.google.android.youtube/u0a161 (adj 985): empty #17
06-17 14:17:10.209   933  2348 I BackupManagerService: Found stale backup journal, scheduling
06-17 14:17:10.211   933  2348 I chatty  : uid=1000(system) backup-0 identical 29 lines
06-17 14:17:10.211   933  2406 W BroadcastQueue: Skipping deliver [foreground] BroadcastRecord{4f49bb4 u-1 android.intent.action.SCREEN_OFF} to ReceiverList{2906261 2545 com.google.android.youtube/10161/u0 remote:fd681c8}: process gone or crashing
06-17 14:17:10.211   933  2348 I BackupManagerService: Found stale backup journal, scheduling
06-17 14:17:10.211   933  2348 I BackupManagerService: Found stale backup journal, scheduling
06-17 14:17:10.534   933  2348 I chatty  : uid=1000(system) backup-0 identical 516 lines
06-17 14:17:10.534   933  2348 I BackupManagerService: Found stale backup journal, scheduling
06-17 14:17:10.539  2053  3848 E ActivityThread: Failed to find provider info for instantapp-dev-manager
06-17 14:17:10.556   933  2348 I BackupManagerService: Found stale backup journal, scheduling
06-17 14:17:10.556   933  2348 I chatty  : uid=1000(system) backup-0 identical 5 lines
06-17 14:17:10.556   933  2348 I BackupManagerService: Found stale backup journal, scheduling
06-17 14:17:10.565   933  2348 I BackupManagerService: Found stale backup journal, scheduling
06-17 14:17:11.017   933  2348 I chatty  : uid=1000(system) backup-0 identical 580 lines
06-17 14:17:11.017   933  2348 I BackupManagerService: Found stale backup journal, scheduling
06-17 14:17:11.030   933  1019 I ActivityManager: Start proc 3931:com.google.android.webview:webview_service/u0a136 for service {com.google.android.webview/org.chromium.android_webview.services.VariationsSeedServer}
06-17 14:17:11.061   933  2348 I BackupManagerService: Found stale backup journal, scheduling
06-17 14:17:11.211   933  2348 I chatty  : uid=1000(system) backup-0 identical 216 lines
06-17 14:17:11.211   933  2348 I BackupManagerService: Found stale backup journal, scheduling
06-17 14:17:11.238  2174  3915 W PackageParser: Unknown element under <manifest>: queries at /data/user_de/0/com.google.android.gms/app_chimera/m/0000003b/dl-Payments.integ_211290904100400.apk Binary XML file line #5
06-17 14:17:11.292   933  2348 I BackupManagerService: Found stale backup journal, scheduling
06-17 14:17:11.739   933  2348 I chatty  : uid=1000(system) backup-0 identical 482 lines
06-17 14:17:11.740   933  2348 I BackupManagerService: Found stale backup journal, scheduling
06-17 14:17:11.740   933  2348 I BackupManagerService: Found stale backup journal, scheduling
06-17 14:17:11.741   933  1019 I ActivityManager: Start proc 3990:com.google.android.gms.unstable/u0a115 for service {com.google.android.gms/com.google.android.gms.droidguard.DroidGuardService}
06-17 14:17:11.956   933  2348 I chatty  : uid=1000(system) backup-0 expire 199 lines
06-17 14:17:11.956   933  2427 I ActivityManager: Killing 2939:com.android.keychain/1000 (adj 985): empty #17
06-17 14:17:11.956   933  2348 I BackupManagerService: Found stale backup journal, scheduling
06-17 14:17:11.956   933  2348 I BackupManagerService: Found stale backup journal, scheduling
06-17 14:17:12.038   933  2348 I chatty  : uid=1000(system) backup-0 identical 136 lines
06-17 14:17:12.038   933  2348 I BackupManagerService: Found stale backup journal, scheduling
06-17 14:17:12.058   933  2348 I BackupManagerService: Found stale backup journal, scheduling
06-17 14:17:12.061   933  2348 I chatty  : uid=1000(system) backup-0 identical 10 lines
06-17 14:17:12.061   933  2348 I BackupManagerService: Found stale backup journal, scheduling
06-17 14:17:13.243  2174  3915 W PackageParser: Unknown element under <manifest>: queries at /data/user_de/0/com.google.android.gms/app_chimera/m/00000036/dl-AdsFdrDynamite.integ_210890500100000.apk Binary XML file line #5
06-17 14:17:13.312   933  1019 I ActivityManager: Start proc 4123:com.Slack/u0a179 for broadcast {com.Slack/com.google.firebase.iid.FirebaseInstanceIdReceiver}
06-17 14:17:13.363  2174  3915 W PackageParser: Unknown element under <manifest>: queries at /data/user_de/0/com.google.android.gms/app_chimera/m/0000004f/dl-AdsFdrDynamite.integ_211512000100000.apk Binary XML file line #5
06-17 14:17:13.416   933  4121 I ActivityManager: Killing 3037:com.google.android.marvin.talkback/u0a169 (adj 985): empty #17
06-17 14:17:13.434   933  1019 I ActivityManager: Start proc 4145:com.android.vzwomatrigger/u0a49 for broadcast {com.android.vzwomatrigger/com.android.vzwomatrigger.SubChangeReceiver}
06-17 14:17:13.485   933  1264 I ActivityManager: Killing 3006:com.android.localtransport/1000 (adj 985): empty #17
06-17 14:17:13.725   933  4121 I ActivityManager: Killing 3097:com.google.android.deskclock/u0a155 (adj 985): empty #17
06-17 14:17:13.991  2174  3915 W PackageParser: Unknown element under <manifest>: queries at /data/user_de/0/com.google.android.gms/app_chimera/m/00000066/dl-Payments.integ_211890902100400.apk Binary XML file line #5
06-17 14:17:14.054   933  1019 W ActivityManager: Slow operation: 331ms so far, now at startProcess: returned from zygote!
06-17 14:17:14.054   933  1019 W ActivityManager: Slow operation: 331ms so far, now at startProcess: done updating battery stats
06-17 14:17:14.054   933  1019 W ActivityManager: Slow operation: 331ms so far, now at startProcess: building log message
06-17 14:17:14.054   933  1019 I ActivityManager: Start proc 4181:com.google.android.carriersetup/u0a107 for broadcast {com.google.android.carriersetup/com.google.android.carriersetup.VzwActivationReceiver}
06-17 14:17:14.054   933  1019 W ActivityManager: Slow operation: 331ms so far, now at startProcess: starting to update pids map
06-17 14:17:14.055   933  1019 W ActivityManager: Slow operation: 332ms so far, now at startProcess: done updating pids map
06-17 14:17:14.690   933  4121 I ActivityManager: Killing 2592:com.google.android.apps.cloudprint:sync/u0a167 (adj 985): empty #17
06-17 14:17:14.809   933  1019 I ActivityManager: Start proc 4233:com.google.android.partnersetup/u0a121 for broadcast {com.google.android.partnersetup/com.google.android.partnersetup.PhoneStateReceiver}
06-17 14:17:14.836   933  2086 I ActivityManager: Killing 3117:com.google.android.keep/u0a175 (adj 985): empty #17
06-17 14:17:15.149   933  1291 I ActivityManager: Killing 3075:com.google.android.play.games/u0a182 (adj 985): empty #17
06-17 14:17:15.160   933  1019 I ActivityManager: Start proc 4291:com.htc.omadm.trigger/1001 for broadcast {com.htc.omadm.trigger/com.htc.omadm.trigger.SIMChangedReceiver}
06-17 14:17:15.475  2174  3915 W PackageParser: Unknown element under <manifest>: queries at /data/user_de/0/com.google.android.gms/app_chimera/m/00000036/dl-AdsFdrDynamite.integ_210890500100000.apk Binary XML file line #5
06-17 14:17:15.489   933  1647 I ActivityManager: Killing 3187:com.google.android.apps.docs/u0a164 (adj 985): empty #17
06-17 14:17:15.523  2174  3915 W PackageParser: Unknown element under <manifest>: queries at /data/user_de/0/com.google.android.gms/app_chimera/m/0000004f/dl-AdsFdrDynamite.integ_211512000100000.apk Binary XML file line #5
06-17 14:17:15.539  2174  3915 W PackageParser: Unknown element under <manifest>: queries at /data/user_de/0/com.google.android.gms/app_chimera/m/00000066/dl-Payments.integ_211890902100400.apk Binary XML file line #5
06-17 14:17:15.545   933  4318 I DropBoxManagerService: add tag=SYSTEM_BOOT isTagEnabled=true flags=0x2
06-17 14:17:15.654   933  4318 I BootReceiver: Copying audit failures to DropBox
06-17 14:17:15.656   933  4318 I BootReceiver: Checking for fsck errors
06-17 14:17:15.657   933  4318 I BootReceiver: fs_stat, partition:userdata stat:0x3
06-17 14:17:15.882   933   933 W Looper  : Slow dispatch took 177ms main h=android.app.ActivityThread$H c=android.app.-$$Lambda$LoadedApk$ReceiverDispatcher$Args$_BumDX2UKsnxLVrE6UJsJZkotuA@507947f m=0
06-17 14:17:15.893   933   933 W Looper  : Slow delivery took 200ms main h=android.os.Handler c=android.app.-$$Lambda$LoadedApk$ReceiverDispatcher$Args$_BumDX2UKsnxLVrE6UJsJZkotuA@b8af99b m=0
06-17 14:17:15.951   933   933 I Telecom : DefaultDialerCache: Refreshing default dialer for user 0: now com.google.android.dialer: CM.CCCR->CM.UECNT@AAw
06-17 14:17:15.960   933   933 W Looper  : Drained
06-17 14:17:16.450  2174  3915 W PackageParser: Unknown element under <manifest>: queries at /data/user_de/0/com.google.android.gms/app_chimera/m/00000036/dl-AdsFdrDynamite.integ_210890500100000.apk Binary XML file line #5
06-17 14:17:16.513  2174  3915 W PackageParser: Unknown element under <manifest>: queries at /data/user_de/0/com.google.android.gms/app_chimera/m/0000004f/dl-AdsFdrDynamite.integ_211512000100000.apk Binary XML file line #5
06-17 14:17:16.522  2174  3915 W PackageParser: Unknown element under <manifest>: queries at /data/user_de/0/com.google.android.gms/app_chimera/m/0000003b/dl-Payments.integ_211290904100400.apk Binary XML file line #5
06-17 14:17:16.771  2174  3915 W PackageParser: Unknown element under <manifest>: queries at /data/user_de/0/com.google.android.gms/app_chimera/m/00000036/dl-AdsFdrDynamite.integ_210890500100000.apk Binary XML file line #5
06-17 14:17:16.822  2174  3915 W PackageParser: Unknown element under <manifest>: queries at /data/user_de/0/com.google.android.gms/app_chimera/m/0000004f/dl-AdsFdrDynamite.integ_211512000100000.apk Binary XML file line #5
06-17 14:17:17.261   933  1019 I ActivityManager: Start proc 4409:com.google.android.settings.intelligence/u0a105 for service {com.google.android.settings.intelligence/com.google.android.settings.intelligence.modules.smartringer.impl.StateCheckJobService}
06-17 14:17:17.920   933   979 E WifiService: Permission violation - getConfiguredNetworks not allowed for uid=10105, packageName=com.google.android.settings.intelligence, reason=java.lang.SecurityException: Location mode is disabled for the device
06-17 14:17:17.938   933  1330 W SyncManager: Clock is valid now.
06-17 14:17:17.960   933  1019 I ActivityManager: Start proc 4467:com.google.android.projection.gearhead:shared/u0a104 for service {com.google.android.projection.gearhead/com.google.android.apps.auto.components.app.fzero.LauncherIconStateVerificationService}
06-17 14:17:18.055   933   979 I ActivityManager: Killing 3138:com.google.android.apps.walletnfcrel/u0a170 (adj 985): empty #17
06-17 14:17:18.559   933  1019 I ActivityManager: Start proc 4511:com.google.android.keep/u0a175 for service {com.google.android.keep/com.google.android.apps.keep.shared.microapp.RefreshWearableDataService}
06-17 14:17:18.737   933  1610 I ActivityManager: Killing 2873:com.android.printspooler/u0a80 (adj 985): empty #17
06-17 14:17:18.996   933   933 W ProcessStats: Tracking association SourceState{1167f3b system/1000 ImpBg #2162} whose proc state 3 is better than process ProcessState{3fa5658 com.google.android.apps.walletnfcrel/10170 pkg=com.google.android.apps.walletnfcrel} proc state 13 (0 skipped)
06-17 14:17:18.998   933   933 W ActivityManager: Application dead when creating service ServiceRecord{84baf6c u0 com.google.android.apps.walletnfcrel/com.google.android.libraries.notifications.entrypoints.scheduled.ScheduledTaskService}
06-17 14:17:19.012   933   933 W ActivityManager: Scheduling restart of crashed service com.google.android.apps.walletnfcrel/com.google.android.libraries.notifications.entrypoints.scheduled.ScheduledTaskService in 1000ms
06-17 14:17:19.017   933   933 W ActivityManager: Scheduling restart of crashed service com.google.android.apps.walletnfcrel/com.google.android.libraries.notifications.entrypoints.scheduled.ScheduledTaskService in 4000ms
06-17 14:17:19.018   933   933 W ActivityManager: Exception when starting service com.google.android.apps.walletnfcrel/com.google.android.libraries.notifications.entrypoints.scheduled.ScheduledTaskService
06-17 14:17:19.018   933   933 W ActivityManager: android.os.DeadObjectException
06-17 14:17:19.018   933   933 W ActivityManager: 	at android.os.BinderProxy.transactNative(Native Method)
06-17 14:17:19.018   933   933 W ActivityManager: 	at android.os.BinderProxy.transact(BinderProxy.java:510)
06-17 14:17:19.018   933   933 W ActivityManager: 	at android.app.IApplicationThread$Stub$Proxy.scheduleCreateService(IApplicationThread.java:1374)
06-17 14:17:19.018   933   933 W ActivityManager: 	at com.android.server.am.ActiveServices.realStartServiceLocked(ActiveServices.java:2687)
06-17 14:17:19.018   933   933 W ActivityManager: 	at com.android.server.am.ActiveServices.bringUpServiceLocked(ActiveServices.java:2564)
06-17 14:17:19.018   933   933 W ActivityManager: 	at com.android.server.am.ActiveServices.bindServiceLocked(ActiveServices.java:1779)
06-17 14:17:19.018   933   933 W ActivityManager: 	at com.android.server.am.ActivityManagerService.bindIsolatedService(ActivityManagerService.java:14068)
06-17 14:17:19.018   933   933 W ActivityManager: 	at android.app.ContextImpl.bindServiceCommon(ContextImpl.java:1735)
06-17 14:17:19.018   933   933 W ActivityManager: 	at android.app.ContextImpl.bindServiceAsUser(ContextImpl.java:1675)
06-17 14:17:19.018   933   933 W ActivityManager: 	at com.android.server.job.JobServiceContext.executeRunnableJob(JobServiceContext.java:252)
06-17 14:17:19.018   933   933 W ActivityManager: 	at com.android.server.job.JobConcurrencyManager.assignJobsToContextsInternalLocked(JobConcurrencyManager.java:422)
06-17 14:17:19.018   933   933 W ActivityManager: 	at com.android.server.job.JobConcurrencyManager.assignJobsToContextsLocked(JobConcurrencyManager.java:267)
06-17 14:17:19.018   933   933 W ActivityManager: 	at com.android.server.job.JobSchedulerService.maybeRunPendingJobsLocked(JobSchedulerService.java:2409)
06-17 14:17:19.018   933   933 W ActivityManager: 	at com.android.server.job.JobSchedulerService$JobHandler.handleMessage(JobSchedulerService.java:1933)
06-17 14:17:19.018   933   933 W ActivityManager: 	at android.os.Handler.dispatchMessage(Handler.java:107)
06-17 14:17:19.018   933   933 W ActivityManager: 	at android.os.Looper.loop(Looper.java:214)
06-17 14:17:19.018   933   933 W ActivityManager: 	at com.android.server.SystemServer.run(SystemServer.java:541)
06-17 14:17:19.018   933   933 W ActivityManager: 	at com.android.server.SystemServer.main(SystemServer.java:349)
06-17 14:17:19.018   933   933 W ActivityManager: 	at java.lang.reflect.Method.invoke(Native Method)
06-17 14:17:19.018   933   933 W ActivityManager: 	at com.android.internal.os.RuntimeInit$MethodAndArgsCaller.run(RuntimeInit.java:492)
06-17 14:17:19.018   933   933 W ActivityManager: 	at com.android.internal.os.ZygoteInit.main(ZygoteInit.java:908)
06-17 14:17:19.188   933  3539 I ActivityManager: Killing 3465:com.android.providers.calendar/u0a48 (adj 985): empty #17
06-17 14:17:19.607   933  1019 I ActivityManager: Start proc 4554:com.android.providers.calendar/u0a48 for content provider {com.android.providers.calendar/com.android.providers.calendar.CalendarProvider2}
06-17 14:17:20.615   933  1019 I ActivityManager: Start proc 4603:com.android.vending:download_service/u0a109 for service {com.android.vending/com.google.android.finsky.ipcservers.downloadservice.DownloadServiceGrpcServerAndroidService}
06-17 14:17:20.671   933   933 E NotificationService: Muting recently noisy 0|com.Slack|-1931521966|null|10179
06-17 14:17:20.968   933  1019 I ActivityManager: Start proc 4628:com.google.android.dialer/u0a111 for broadcast {com.google.android.dialer/com.android.dialer.bootreceiver.DialerBootReceiver}
06-17 14:17:21.057   933  1053 I DisplayPowerController: Blocking screen on until initial contents have been drawn.
06-17 14:17:21.062   933  1011 I DisplayManagerService: Display device changed state: "Built-in Screen", ON
06-17 14:17:21.160   933  1053 I DisplayPowerController: Unblocked screen on after 104 ms
06-17 14:17:23.214   933  1019 W ActivityManager: Slow operation: 250ms so far, now at startProcess: returned from zygote!
06-17 14:17:23.214   933  1019 W ActivityManager: Slow operation: 250ms so far, now at startProcess: done updating battery stats
06-17 14:17:23.215   933  1019 W ActivityManager: Slow operation: 250ms so far, now at startProcess: building log message
06-17 14:17:23.215   933  1019 I ActivityManager: Start proc 4725:com.google.android.tts/u0a153 for service {com.google.android.tts/com.google.android.apps.speech.tts.googletts.service.GoogleTTSService}
06-17 14:17:23.215   933  1019 W ActivityManager: Slow operation: 250ms so far, now at startProcess: starting to update pids map
06-17 14:17:23.217   933  1019 W ActivityManager: Slow operation: 252ms so far, now at startProcess: done updating pids map
06-17 14:17:23.217   933  1019 W ActivityManager: Slow operation: 198ms so far, now at startProcess: asking zygote to start proc
06-17 14:17:23.262   933  1019 W ActivityManager: Slow operation: 244ms so far, now at startProcess: returned from zygote!
06-17 14:17:23.262   933  1019 W ActivityManager: Slow operation: 244ms so far, now at startProcess: done updating battery stats
06-17 14:17:23.263   933  1019 W ActivityManager: Slow operation: 244ms so far, now at startProcess: building log message
06-17 14:17:23.263   933  1019 I ActivityManager: Start proc 4734:com.google.android.apps.walletnfcrel/u0a170 for service {com.google.android.apps.walletnfcrel/com.google.android.libraries.notifications.entrypoints.scheduled.ScheduledTaskService}
06-17 14:17:23.263   933  1019 W ActivityManager: Slow operation: 244ms so far, now at startProcess: starting to update pids map
06-17 14:17:23.263   933  1019 W ActivityManager: Slow operation: 244ms so far, now at startProcess: done updating pids map
06-17 14:17:24.328   933  1610 I ActivityManager: Killing 3285:com.google.android.calendar/u0a146 (adj 985): empty #17
06-17 14:17:24.954   933  2097 I ActivityManager: Killing 3209:com.google.android.gm/u0a151 (adj 985): empty #17
06-17 14:17:25.155   933  1291 W ActivityManager: Scheduling restart of crashed service com.google.android.apps.docs/com.google.android.libraries.notifications.entrypoints.scheduled.ScheduledTaskService in 1000ms
06-17 14:17:25.641   933  1019 I ActivityManager: Start proc 4849:com.android.keychain/1000 for service {com.android.keychain/com.android.keychain.KeyChainService}
06-17 14:17:25.790   933  4427 I ActivityManager: Killing 3501:com.google.android.apps.safetyhub/u0a127 (adj 985): empty #17
06-17 14:17:26.354   933  1019 W ActivityManager: Slow operation: 199ms so far, now at startProcess: returned from zygote!
06-17 14:17:26.355   933  1019 W ActivityManager: Slow operation: 199ms so far, now at startProcess: done updating battery stats
06-17 14:17:26.355   933  1019 W ActivityManager: Slow operation: 199ms so far, now at startProcess: building log message
06-17 14:17:26.355   933  1019 I ActivityManager: Start proc 4876:com.google.android.apps.docs/u0a164 for service {com.google.android.apps.docs/com.google.android.libraries.notifications.entrypoints.scheduled.ScheduledTaskService}
06-17 14:17:26.355   933  1019 W ActivityManager: Slow operation: 199ms so far, now at startProcess: starting to update pids map
06-17 14:17:26.355   933  1019 W ActivityManager: Slow operation: 200ms so far, now at startProcess: done updating pids map
06-17 14:17:30.089   933  2622 I ActivityManager: Killing 3409:com.google.android.apps.maps/u0a138 (adj 985): empty #17
06-17 14:17:30.985   933   980 I ActivityManager: Killing 3814:com.google.android.apps.turbo/u0a132 (adj 985): empty #17
06-17 14:17:32.270   933   980 I ActivityManager: Killing 4145:com.android.vzwomatrigger/u0a49 (adj 985): empty #17
06-17 14:17:32.290   933  5008 I ActivityManager: Killing 3931:com.google.android.webview:webview_service/u0a136 (adj 985): empty #17
06-17 14:17:33.230   933   933 I Telecom : DefaultDialerCache: Refreshing default dialer for user 0: now com.google.android.dialer: CM.CCCR->CM.UECNT@AAw
06-17 14:17:33.232   933   933 I Telecom : MissedCallNotifierImpl: reloadAfterBootComplete: user=0: CM.CCCR->CM.UECNT@AAw
06-17 14:17:33.294   933  1019 I ActivityManager: Start proc 5037:com.google.android.carrier/u0a100 for service {com.google.android.carrier/com.google.android.carrier.GoogleCarrierConfigService}
06-17 14:17:33.336   933  1019 I ActivityManager: Start proc 5059:com.google.android.marvin.talkback/u0a169 for broadcast {com.google.android.marvin.talkback/com.google.android.accessibility.talkback.BootReceiver}
06-17 14:17:33.589   933   933 I Telecom : PhoneAccountRegistrar: getSimCallManager: SimCallManager for subId -1 queried, returning: null: CM.CCCR->CM.UECNT@AAw
06-17 14:17:33.598   933  1019 I ActivityManager: Start proc 5088:com.android.cellbroadcastreceiver/u0a57 for broadcast {com.android.cellbroadcastreceiver/com.android.cellbroadcastreceiver.CellBroadcastReceiver}
06-17 14:17:33.603   933  5008 I ActivityManager: Killing 4181:com.google.android.carriersetup/u0a107 (adj 985): empty #17
06-17 14:17:33.696  1677  1677 I TelecomFramework: : Carrier-config changed, checking for phone account updates.
06-17 14:17:33.865   933  1019 I ActivityManager: Start proc 5118:com.android.sdm.plugins.sprintdm/1001 for broadcast {com.android.sdm.plugins.sprintdm/com.android.sdm.plugins.sprintdm.SprintDMReceiver}
06-17 14:17:33.984   933  2086 I ActivityManager: Killing 4233:com.google.android.partnersetup/u0a121 (adj 985): empty #17
06-17 14:17:34.008   933  1019 I ActivityManager: Start proc 5137:com.google.android.apps.messaging/u0a150 for broadcast {com.google.android.apps.messaging/com.google.android.apps.messaging.shared.receiver.RestoreReceiver}
06-17 14:17:34.767   933  2086 I ActivityManager: Killing 4123:com.Slack/u0a179 (adj 985): empty #17
06-17 14:17:34.786   933  1019 I ActivityManager: Start proc 5159:com.android.chrome/u0a137 for broadcast {com.android.chrome/com.google.android.libraries.notifications.entrypoints.restart.RestartReceiver}
